Component: ARM Compiler 5.06 update 6 (build 750) Tool: armlink [4d35ed]

==============================================================================

Section Cross References

    main.o(.text) refers to _printf_percent.o(.ARM.Collect$$_printf_percent$$00000000) for _printf_percent
    main.o(.text) refers to _printf_f.o(.ARM.Collect$$_printf_percent$$00000003) for _printf_f
    main.o(.text) refers to printf1.o(x$fpl$printf1) for _printf_fp_dec
    main.o(.text) refers to faddsub_clz.o(x$fpl$fsub) for __aeabi_fsub
    main.o(.text) refers to ffix.o(x$fpl$ffix) for __aeabi_f2iz
    main.o(.text) refers to fflt_clz.o(x$fpl$ffltu) for __aeabi_ui2f
    main.o(.text) refers to frleqf.o(x$fpl$frleqf) for __aeabi_cfrcmple
    main.o(.text) refers to fleqf.o(x$fpl$fleqf) for __aeabi_cfcmple
    main.o(.text) refers to delay.o(.text) for delay_init
    main.o(.text) refers to motor.o(.text) for Motor_Init
    main.o(.text) refers to led.o(.text) for LED_Init
    main.o(.text) refers to usart.o(.text) for uart_init
    main.o(.text) refers to pwm.o(.text) for Tim1_Init
    main.o(.text) refers to ioi2c.o(.text) for IIC_Init
    main.o(.text) refers to mpu6050.o(.text) for MPU6050_initialize
    main.o(.text) refers to oled_i2c.o(.text) for I2C_Configuration
    main.o(.text) refers to control.o(.text) for Xianfu_Pwm
    main.o(.text) refers to f2d.o(x$fpl$f2d) for __aeabi_f2d
    main.o(.text) refers to noretval__2printf.o(.text) for __2printf
    main.o(.text) refers to drleqf.o(x$fpl$drleqf) for __aeabi_cdrcmple
    main.o(.text) refers to dleqf.o(x$fpl$dleqf) for __aeabi_cdcmple
    main.o(.text) refers to main.o(.data) for Gyro_Balance_X
    system_stm32f10x.o(.text) refers to system_stm32f10x.o(.data) for SystemCoreClock
    led.o(.text) refers to stm32f10x_rcc.o(.text) for RCC_APB2PeriphClockCmd
    led.o(.text) refers to stm32f10x_gpio.o(.text) for GPIO_Init
    pwm.o(.text) refers to stm32f10x_rcc.o(.text) for RCC_APB2PeriphClockCmd
    pwm.o(.text) refers to stm32f10x_tim.o(.text) for TIM_TimeBaseInit
    pwm.o(.text) refers to misc.o(.text) for NVIC_Init
    pwm.o(.text) refers to faddsub_clz.o(x$fpl$fsub) for __aeabi_fsub
    pwm.o(.text) refers to control.o(.text) for balance_X
    pwm.o(.text) refers to fflt_clz.o(x$fpl$fflt) for __aeabi_i2f
    pwm.o(.text) refers to stm32f10x_gpio.o(.text) for GPIO_Init
    pwm.o(.text) refers to main.o(.data) for Angle_Zero_X
    motor.o(.text) refers to stm32f10x_rcc.o(.text) for RCC_APB2PeriphClockCmd
    motor.o(.text) refers to stm32f10x_gpio.o(.text) for GPIO_Init
    motor.o(.text) refers to pow.o(i.pow) for pow
    motor.o(.text) refers to dflt_clz.o(x$fpl$dfltu) for __aeabi_ui2d
    motor.o(.text) refers to dmul.o(x$fpl$dmul) for __aeabi_dmul
    motor.o(.text) refers to ddiv.o(x$fpl$ddiv) for __aeabi_ddiv
    motor.o(.text) refers to dfixu.o(x$fpl$dfixu) for __aeabi_d2uiz
    motor.o(.text) refers to delay.o(.text) for delay_us
    motor.o(.text) refers to stm32f10x_tim.o(.text) for TIM_ARRPreloadConfig
    motor.o(.text) refers to motor.o(.data) for sub_num
    control.o(.text) refers to fmul.o(x$fpl$fmul) for __aeabi_fmul
    control.o(.text) refers to faddsub_clz.o(x$fpl$fadd) for __aeabi_fadd
    control.o(.text) refers to ffix.o(x$fpl$ffix) for __aeabi_f2iz
    control.o(.text) refers to f2d.o(x$fpl$f2d) for __aeabi_f2d
    control.o(.text) refers to sqrt.o(i.sqrt) for sqrt
    control.o(.text) refers to ddiv.o(x$fpl$ddiv) for __aeabi_ddiv
    control.o(.text) refers to dmul.o(x$fpl$dmul) for __aeabi_dmul
    control.o(.text) refers to daddsub_clz.o(x$fpl$dadd) for __aeabi_dadd
    control.o(.text) refers to dfix.o(x$fpl$dfix) for __aeabi_d2iz
    control.o(.text) refers to daddsub_clz.o(x$fpl$dsub) for __aeabi_dsub
    control.o(.text) refers to faddsub_clz.o(x$fpl$fsub) for __aeabi_fsub
    control.o(.text) refers to fflt_clz.o(x$fpl$fflt) for __aeabi_i2f
    control.o(.text) refers to fdiv.o(x$fpl$fdiv) for __aeabi_fdiv
    control.o(.text) refers to filter.o(.text) for Mean_Filter_X
    control.o(.text) refers to d2f.o(x$fpl$d2f) for __aeabi_d2f
    control.o(.text) refers to frleqf.o(x$fpl$frleqf) for __aeabi_cfrcmple
    control.o(.text) refers to fleqf.o(x$fpl$fleqf) for __aeabi_cfcmple
    control.o(.text) refers to main.o(.data) for Target_A
    control.o(.text) refers to control.o(.data) for Movement
    control.o(.text) refers to motor.o(.text) for set_motor
    ioi2c.o(.text) refers to stm32f10x_rcc.o(.text) for RCC_APB2PeriphClockCmd
    ioi2c.o(.text) refers to stm32f10x_gpio.o(.text) for GPIO_Init
    ioi2c.o(.text) refers to delay.o(.text) for delay_us
    oled_i2c.o(.text) refers to stm32f10x_rcc.o(.text) for RCC_APB1PeriphClockCmd
    oled_i2c.o(.text) refers to stm32f10x_gpio.o(.text) for GPIO_Init
    oled_i2c.o(.text) refers to stm32f10x_i2c.o(.text) for I2C_DeInit
    oled_i2c.o(.text) refers to delay.o(.text) for delay_ms
    oled_i2c.o(.text) refers to oled_i2c.o(.constdata) for F6x8
[...]
    TIM4_PWM_Init                            0x08000c59   Thumb Code   184  pwm.o(.text)
    TIM4_IRQHandler                          0x08000d11   Thumb Code    22  pwm.o(.text)
    Motor_Init                               0x08000db1   Thumb Code    78  motor.o(.text)
    get_CCR                                  0x08000dff   Thumb Code   120  motor.o(.text)
    Step_Control                             0x08000e77   Thumb Code    82  motor.o(.text)
    set_motorA_speed                         0x08000ec9   Thumb Code    70  motor.o(.text)
    set_motorB_speed                         0x08000f0f   Thumb Code    70  motor.o(.text)
    set_motorC_speed                         0x08000f55   Thumb Code    70  motor.o(.text)
    set_motor                                0x08000f9b   Thumb Code    82  motor.o(.text)
    Kinematic_Analysis                       0x0800100d   Thumb Code   282  control.o(.text)
    Encoder_Analysis                         0x08001127   Thumb Code   124  control.o(.text)
    balance_Z                                0x080011a3   Thumb Code    94  control.o(.text)
    balance_Y                                0x08001201   Thumb Code    76  control.o(.text)
    balance_X                                0x0800124d   Thumb Code    76  control.o(.text)
    velocity_X                               0x08001299   Thumb Code   278  control.o(.text)
    velocity_Y                               0x080013af   Thumb Code   408  control.o(.text)
    my_abs                                   0x08001547   Thumb Code    14  control.o(.text)
    Linear_Conversion                        0x08001555   Thumb Code    34  control.o(.text)
    Set_Pwm                                  0x08001577   Thumb Code    70  control.o(.text)
    Xianfu_Pwm                               0x080015bd   Thumb Code    86  control.o(.text)
    IIC_Init                                 0x08001655   Thumb Code    64  ioi2c.o(.text)
    IIC_Start                                0x08001695   Thumb Code    92  ioi2c.o(.text)
    IIC_Stop                                 0x080016f1   Thumb Code    64  ioi2c.o(.text)
    IIC_Wait_Ack                             0x08001731   Thumb Code    92  ioi2c.o(.text)
    IIC_Ack                                  0x0800178d   Thumb Code    68  ioi2c.o(.text)
    IIC_NAck                                 0x080017d1   Thumb Code    66  ioi2c.o(.text)
    IIC_Send_Byte                            0x08001813   Thumb Code    90  ioi2c.o(.text)
    i2cWrite                                 0x0800186d   Thumb Code    96  ioi2c.o(.text)
    IIC_Read_Byte                            0x080018cd   Thumb Code   100  ioi2c.o(.text)
    i2cRead                                  0x08001931   Thumb Code   118  ioi2c.o(.text)
    I2C_ReadOneByte                          0x080019a7   Thumb Code    70  ioi2c.o(.text)
    IICreadBytes                             0x080019ed   Thumb Code   112  ioi2c.o(.text)
    IICwriteBytes                            0x08001a5d   Thumb Code    70  ioi2c.o(.text)
    IICreadByte                              0x08001aa3   Thumb Code    22  ioi2c.o(.text)
    IICwriteByte                             0x08001ab9   Thumb Code    20  ioi2c.o(.text)
    IICwriteBits                             0x08001acd   Thumb Code   106  ioi2c.o(.text)
    IICwriteBit                              0x08001b37   Thumb Code    64  ioi2c.o(.text)
    I2C_Configuration                        0x08001b79   Thumb Code   112  oled_i2c.o(.text)
    I2C_WriteByte                            0x08001be9   Thumb Code   126  oled_i2c.o(.text)
    WriteCmd                                 0x08001c67   Thumb Code    14  oled_i2c.o(.text)
    WriteDat                                 0x08001c75   Thumb Code    14  oled_i2c.o(.text)
    OLED_Init                                0x08001c83   Thumb Code   178  oled_i2c.o(.text)
    OLED_SetPos                              0x08001d35   Thumb Code    40  oled_i2c.o(.text)
    OLED_Fill                                0x08001d5d   Thumb Code    58  oled_i2c.o(.text)
    OLED_CLS                                 0x08001d97   Thumb Code    10  oled_i2c.o(.text)
    OLED_ON                                  0x08001da1   Thumb Code    22  oled_i2c.o(.text)
    OLED_OFF                                 0x08001db7   Thumb Code    22  oled_i2c.o(.text)
    OLED_ShowStr                             0x08001dcd   Thumb Code   228  oled_i2c.o(.text)
    LCD_P6x8Str                              0x08001eb1   Thumb Code    96  oled_i2c.o(.text)
    Oled_write_data_1                        0x08001f11   Thumb Code    38  oled_i2c.o(.text)
    Oled_write_data_3                        0x08001f37   Thumb Code   274  oled_i2c.o(.text)
    OLED_ShowCN                              0x08002049   Thumb Code    80  oled_i2c.o(.text)
    OLED_DrawBMP                             0x08002099   Thumb Code   116  oled_i2c.o(.text)
    delay_init                               0x08002111   Thumb Code    50  delay.o(.text)
    delay_us                                 0x08002143   Thumb Code    72  delay.o(.text)
    delay_ms                                 0x0800218b   Thumb Code    72  delay.o(.text)
    _sys_exit                                0x080021e5   Thumb Code     6  usart.o(.text)
    fputc                                    0x080021eb   Thumb Code    24  usart.o(.text)
    uart_init                                0x08002203   Thumb Code   152  usart.o(.text)
    USART1_IRQHandler                        0x0800229b   Thumb Code   122  usart.o(.text)
    Reset_Handler                            0x08002325   Thumb Code     8  startup_stm32f10x_md.o(.text)
    ADC1_2_IRQHandler                        0x0800233f   Thumb Code     0  startup_stm32f10x_md.o(.text)
    CAN1_RX1_IRQHandler                      0x0800233f   Thumb Code     0  startup_stm32f10x_md.o(.text)
    CAN1_SCE_IRQHandler                      0x0800233f   Thumb Code     0  startup_stm32f10x_md.o(.text)
    DMA1_Channel1_IRQHandler                 0x0800233f   Thumb Code     0  startup_stm32f10x_md.o(.text)
    DMA1_Channel2_IRQHandler                 0x0800233f   Thumb Code     0  startup_stm32f10x_md.o(.text)
    DMA1_Channel3_IRQHandler                 0x0800233f   Thumb Code     0  startup_stm32f10x_md.o(.text)
    DMA1_Channel4_IRQHandler                 0x0800233f   Thumb Code     0  startup_stm32f10x_md.o(.text)
    DMA1_Channel5_IRQHandler                 0x0800233f   Thumb Code     0  startup_stm32f10x_md.o(.text)
    DMA1_Channel6_IRQHandler                 0x0800233f   Thumb Code     0  startup_stm32f10x_md.o(.text)
    DMA1_Channel7_IRQHandler                 0x0800233f   Thumb Code     0  startup_stm32f10x_md.o(.text)
    EXTI0_IRQHandler                         0x0800233f   Thumb Code     0  startup_stm32f10x_md.o(.text)
    EXTI15_10_IRQHandler                     0x0800233f   Thumb Code     0  startup_stm32f10x_md.o(.text)
    EXTI1_IRQHandler                         0x0800233f   Thumb Code     0  startup_stm32f10x_md.o(.text)
    EXTI2_IRQHandler                         0x0800233f   Thumb Code     0  startup_stm32f10x_md.o(.text)
    EXTI3_IRQHandler                         0x0800233f   Thumb Code     0  startup_stm32f10x_md.o(.text)
    EXTI4_IRQHandler                         0x0800233f   Thumb Code     0  startup_stm32f10x_md.o(.text)
    EXTI9_5_IRQHandler                       0x0800233f   Thumb Code     0  startup_stm32f10x_md.o(.text)
    FLASH_IRQHandler                         0x0800233f   Thumb Code     0  startup_stm32f10x_md.o(.text)
    I2C1_ER_IRQHandler                       0x0800233f   Thumb Code     0  startup_stm32f10x_md.o(.text)
    I2C1_EV_IRQHandler                       0x0800233f   Thumb Code     0  startup_stm32f10x_md.o(.text)
    I2C2_ER_IRQHandler                       0x0800233f   Thumb Code     0  startup_stm32f10x_md.o(.text)
    I2C2_EV_IRQHandler                       0x0800233f   Thumb Code     0  startup_stm32f10x_md.o(.text)
    PVD_IRQHandler                           0x0800233f   Thumb Code     0  startup_stm32f10x_md.o(.text)
    RCC_IRQHandler                           0x0800233f   Thumb Code     0  startup_stm32f10x_md.o(.text)
    RTCAlarm_IRQHandler                      0x0800233f   Thumb Code     0  startup_stm32f10x_md.o(.text)
    RTC_IRQHandler                           0x0800233f   Thumb Code     0  startup_stm32f10x_md.o(.text)
    SPI1_IRQHandler                          0x0800233f   Thumb Code     0  startup_stm32f10x_md.o(.text)
    SPI2_IRQHandler                          0x0800233f   Thumb Code     0  startup_stm32f10x_md.o(.text)
    TAMPER_IRQHandler                        0x0800233f   Thumb Code     0  startup_stm32f10x_md.o(.text)
    TIM1_BRK_IRQHandler                      0x0800233f   Thumb Code     0  startup_stm32f10x_md.o(.text)
    TIM1_CC_IRQHandler                       0x0800233f   Thumb Code     0  startup_stm32f10x_md.o(.text)
    TIM1_TRG_COM_IRQHandler                  0x0800233f   Thumb Code     0  startup_stm32f10x_md.o(.text)
    USART2_IRQHandler                        0x0800233f   Thumb Code     0  startup_stm32f10x_md.o(.text)
    USART3_IRQHandler                        0x0800233f   Thumb Code     0  startup_stm32f10x_md.o(.text)
    USBWakeUp_IRQHandler                     0x0800233f   Thumb Code     0  startup_stm32f10x_md.o(.text)
    USB_HP_CAN1_TX_IRQHandler                0x0800233f   Thumb Code     0  startup_stm32f10x_md.o(.text)
    USB_LP_CAN1_RX0_IRQHandler               0x0800233f   Thumb Code     0  startup_stm32f10x_md.o(.text)
    WWDG_IRQHandler                          0x0800233f   Thumb Code     0  startup_stm32f10x_md.o(.text)
    __user_initial_stackheap                 0x08002341   Thumb Code     0  startup_stm32f10x_md.o(.text)
    GPIO_DeInit                              0x08002365   Thumb Code   172  stm32f10x_gpio.o(.text)
    GPIO_AFIODeInit                          0x08002411   Thumb Code    20  stm32f10x_gpio.o(.text)
    GPIO_Init                                0x08002425   Thumb Code   278  stm32f10x_gpio.o(.text)
    GPIO_StructInit                          0x0800253b   Thumb Code    16  stm32f10x_gpio.o(.text)
    GPIO_ReadInputDataBit                    0x0800254b   Thumb Code    18  stm32f10x_gpio.o(.text)
    GPIO_ReadInputData                       0x0800255d   Thumb Code     8  stm32f10x_gpio.o(.text)
    GPIO_ReadOutputDataBit                   0x08002565   Thumb Code    18  stm32f10x_gpio.o(.text)
    GPIO_ReadOutputData                      0x08002577   Thumb Code     8  stm32f10x_gpio.o(.text)
    GPIO_SetBits                             0x0800257f   Thumb Code     4  stm32f10x_gpio.o(.text)
    GPIO_ResetBits                           0x08002583   Thumb Code     4  stm32f10x_gpio.o(.text)
    GPIO_WriteBit                            0x08002587   Thumb Code    10  stm32f10x_gpio.o(.text)
    GPIO_Write                               0x08002591   Thumb Code     4  stm32f10x_gpio.o(.text)
    GPIO_PinLockConfig                       0x08002595   Thumb Code    18  stm32f10x_gpio.o(.text)
    GPIO_EventOutputConfig                   0x080025a7   Thumb Code    26  stm32f10x_gpio.o(.text)
    GPIO_EventOutputCmd                      0x080025c1   Thumb Code     6  stm32f10x_gpio.o(.text)
    GPIO_PinRemapConfig                      0x080025c7   Thumb Code   138  stm32f10x_gpio.o(.text)
    GPIO_EXTILineConfig                      0x08002651   Thumb Code    66  stm32f10x_gpio.o(.text)
    GPIO_ETH_MediaInterfaceConfig            0x08002693   Thumb Code     8  stm32f10x_gpio.o(.text)
    RCC_DeInit                               0x080026c1   Thumb Code    64  stm32f10x_rcc.o(.text)
    RCC_HSEConfig                            0x08002701   Thumb Code    70  stm32f10x_rcc.o(.text)
    RCC_GetFlagStatus                        0x08002747   Thumb Code    56  stm32f10x_rcc.o(.text)
    RCC_WaitForHSEStartUp                    0x0800277f   Thumb Code    56  stm32f10x_rcc.o(.text)
    RCC_AdjustHSICalibrationValue            0x080027b7   Thumb Code    20  stm32f10x_rcc.o(.text)
    RCC_HSICmd                               0x080027cb   Thumb Code     6  stm32f10x_rcc.o(.text)
    RCC_PLLConfig                            0x080027d1   Thumb Code    24  stm32f10x_rcc.o(.text)
    RCC_PLLCmd                               0x080027e9   Thumb Code     6  stm32f10x_rcc.o(.text)
    RCC_SYSCLKConfig                         0x080027ef   Thumb Code    18  stm32f10x_rcc.o(.text)
    RCC_GetSYSCLKSource                      0x08002801   Thumb Code    10  stm32f10x_rcc.o(.text)
    RCC_HCLKConfig                           0x0800280b   Thumb Code    18  stm32f10x_rcc.o(.text)
    RCC_PCLK1Config                          0x0800281d   Thumb Code    18  stm32f10x_rcc.o(.text)
    RCC_PCLK2Config                          0x0800282f   Thumb Code    20  stm32f10x_rcc.o(.text)
    RCC_ITConfig                             0x08002843   Thumb Code    26  stm32f10x_rcc.o(.text)
    RCC_USBCLKConfig                         0x0800285d   Thumb Code     8  stm32f10x_rcc.o(.text)
    RCC_ADCCLKConfig                         0x08002865   Thumb Code    18  stm32f10x_rcc.o(.text)
    RCC_LSEConfig                            0x08002877   Thumb Code    50  stm32f10x_rcc.o(.text)
    RCC_LSICmd                               0x080028a9   Thumb Code     6  stm32f10x_rcc.o(.text)
    RCC_RTCCLKConfig                         0x080028af   Thumb Code    12  stm32f10x_rcc.o(.text)
    RCC_RTCCLKCmd                            0x080028bb   Thumb Code     8  stm32f10x_rcc.o(.text)
    RCC_GetClocksFreq                        0x080028c3   Thumb Code   192  stm32f10x_rcc.o(.text)
    RCC_AHBPeriphClockCmd                    0x08002983   Thumb Code    26  stm32f10x_rcc.o(.text)
    RCC_APB2PeriphClockCmd                   0x0800299d   Thumb Code    26  stm32f10x_rcc.o(.text)
    RCC_APB1PeriphClockCmd                   0x080029b7   Thumb Code    26  stm32f10x_rcc.o(.text)
    RCC_APB2PeriphResetCmd                   0x080029d1   Thumb Code    26  stm32f10x_rcc.o(.text)
    RCC_APB1PeriphResetCmd                   0x080029eb   Thumb Code    26  stm32f10x_rcc.o(.text)
    RCC_BackupResetCmd                       0x08002a05   Thumb Code     8  stm32f10x_rcc.o(.text)
    RCC_ClockSecuritySystemCmd               0x08002a0d   Thumb Code     6  stm32f10x_rcc.o(.text)
    RCC_MCOConfig                            0x08002a13   Thumb Code     6  stm32f10x_rcc.o(.text)
    RCC_ClearFlag                            0x08002a19   Thumb Code    14  stm32f10x_rcc.o(.text)
    RCC_GetITStatus                          0x08002a27   Thumb Code    20  stm32f10x_rcc.o(.text)
    RCC_ClearITPendingBit                    0x08002a3b   Thumb Code     6  stm32f10x_rcc.o(.text)
    USART_DeInit                             0x08002a65   Thumb Code   134  stm32f10x_usart.o(.text)
    USART_Init                               0x08002aeb   Thumb Code   210  stm32f10x_usart.o(.text)
    USART_StructInit                         0x08002bbd   Thumb Code    24  stm32f10x_usart.o(.text)
    USART_ClockInit                          0x08002bd5   Thumb Code    34  stm32f10x_usart.o(.text)
    USART_ClockStructInit                    0x08002bf7   Thumb Code    12  stm32f10x_usart.o(.text)
    USART_Cmd                                0x08002c03   Thumb Code    24  stm32f10x_usart.o(.text)
    USART_ITConfig                           0x08002c1b   Thumb Code    74  stm32f10x_usart.o(.text)
    USART_DMACmd                             0x08002c65   Thumb Code    18  stm32f10x_usart.o(.text)
    USART_SetAddress                         0x08002c77   Thumb Code    18  stm32f10x_usart.o(.text)
    USART_WakeUpConfig                       0x08002c89   Thumb Code    18  stm32f10x_usart.o(.text)
    USART_ReceiverWakeUpCmd                  0x08002c9b   Thumb Code    24  stm32f10x_usart.o(.text)
    USART_LINBreakDetectLengthConfig         0x08002cb3   Thumb Code    18  stm32f10x_usart.o(.text)
    USART_LINCmd                             0x08002cc5   Thumb Code    24  stm32f10x_usart.o(.text)
    USART_SendData                           0x08002cdd   Thumb Code     8  stm32f10x_usart.o(.text)
    USART_ReceiveData                        0x08002ce5   Thumb Code    10  stm32f10x_usart.o(.text)
    USART_SendBreak                          0x08002cef   Thumb Code    10  stm32f10x_usart.o(.text)
    USART_SetGuardTime                       0x08002cf9   Thumb Code    16  stm32f10x_usart.o(.text)
    USART_SetPrescaler                       0x08002d09   Thumb Code    16  stm32f10x_usart.o(.text)
    USART_SmartCardCmd                       0x08002d19   Thumb Code    24  stm32f10x_usart.o(.text)
    USART_SmartCardNACKCmd                   0x08002d31   Thumb Code    24  stm32f10x_usart.o(.text)
    USART_HalfDuplexCmd                      0x08002d49   Thumb Code    24  stm32f10x_usart.o(.text)
    USART_OverSampling8Cmd                   0x08002d61   Thumb Code    22  stm32f10x_usart.o(.text)
    USART_OneBitMethodCmd                    0x08002d77   Thumb Code    24  stm32f10x_usart.o(.text)
    USART_IrDAConfig                         0x08002d8f   Thumb Code    18  stm32f10x_usart.o(.text)
    USART_IrDACmd                            0x08002da1   Thumb Code    24  stm32f10x_usart.o(.text)
    USART_GetFlagStatus                      0x08002db9   Thumb Code    26  stm32f10x_usart.o(.text)
    USART_ClearFlag                          0x08002dd3   Thumb Code    18  stm32f10x_usart.o(.text)
    USART_GetITStatus                        0x08002de5   Thumb Code    84  stm32f10x_usart.o(.text)
    USART_ClearITPendingBit                  0x08002e39   Thumb Code    52  stm32f10x_usart.o(.text)
    NVIC_PriorityGroupConfig                 0x08002e6d   Thumb Code    10  misc.o(.text)
    NVIC_Init                                0x08002e77   Thumb Code   100  misc.o(.text)
    NVIC_SetVectorTable                      0x08002edb   Thumb Code    14  misc.o(.text)
    NVIC_SystemLPConfig                      0x08002ee9   Thumb Code    34  misc.o(.text)
    SysTick_CLKSourceConfig                  0x08002f0b   Thumb Code    40  misc.o(.text)
    TIM_DeInit                               0x08002f49   Thumb Code   424  stm32f10x_tim.o(.text)
    TIM_TimeBaseInit                         0x080030f1   Thumb Code   122  stm32f10x_tim.o(.text)
    TIM_OC1Init                              0x0800316b   Thumb Code   132  stm32f10x_tim.o(.text)
    TIM_OC2Init                              0x080031ef   Thumb Code   154  stm32f10x_tim.o(.text)
    TIM_OC3Init                              0x08003289   Thumb Code   150  stm32f10x_tim.o(.text)
    TIM_OC4Init                              0x0800331f   Thumb Code   182  stm32f10x_tim.o(.text)
    TIM_SetIC4Prescaler                      0x080033d5   Thumb Code    26  stm32f10x_tim.o(.text)
    TIM_SetIC3Prescaler                      0x08003471   Thumb Code    18  stm32f10x_tim.o(.text)
    TIM_SetIC2Prescaler                      0x080034fd   Thumb Code    26  stm32f10x_tim.o(.text)
    TIM_SetIC1Prescaler                      0x08003599   Thumb Code    18  stm32f10x_tim.o(.text)
    TIM_ICInit                               0x08003617   Thumb Code   150  stm32f10x_tim.o(.text)
    TIM_PWMIConfig                           0x080036ad   Thumb Code   124  stm32f10x_tim.o(.text)
    TIM_BDTRConfig                           0x08003729   Thumb Code    32  stm32f10x_tim.o(.text)
    TIM_TimeBaseStructInit                   0x08003749   Thumb Code    18  stm32f10x_tim.o(.text)
    TIM_OCStructInit                         0x0800375b   Thumb Code    20  stm32f10x_tim.o(.text)
    TIM_ICStructInit                         0x0800376f   Thumb Code    18  stm32f10x_tim.o(.text)
    TIM_BDTRStructInit                       0x08003781   Thumb Code    40  stm32f10x_tim.o(.text)
    TIM_Cmd                                  0x080037a9   Thumb Code    24  stm32f10x_tim.o(.text)
    TIM_CtrlPWMOutputs                       0x080037c1   Thumb Code    30  stm32f10x_tim.o(.text)
    TIM_ITConfig                             0x080037df   Thumb Code    18  stm32f10x_tim.o(.text)
    TIM_GenerateEvent                        0x080037f1   Thumb Code     4  stm32f10x_tim.o(.text)
    TIM_DMAConfig                            0x080037f5   Thumb Code    10  stm32f10x_tim.o(.text)
    TIM_DMACmd                               0x080037ff   Thumb Code    18  stm32f10x_tim.o(.text)
    TIM_InternalClockConfig                  0x08003811   Thumb Code    12  stm32f10x_tim.o(.text)
    TIM_SelectInputTrigger                   0x0800381d   Thumb Code    18  stm32f10x_tim.o(.text)
    TIM_ITRxExternalClockConfig              0x0800382f   Thumb Code    24  stm32f10x_tim.o(.text)
    TIM_TIxExternalClockConfig               0x08003847   Thumb Code    62  stm32f10x_tim.o(.text)
    TIM_ETRConfig                            0x08003885   Thumb Code    28  stm32f10x_tim.o(.text)
    TIM_ETRClockMode1Config                  0x080038a1   Thumb Code    54  stm32f10x_tim.o(.text)
    TIM_ETRClockMode2Config                  0x080038d7   Thumb Code    32  stm32f10x_tim.o(.text)
    TIM_PrescalerConfig                      0x080038f7   Thumb Code     6  stm32f10x_tim.o(.text)
    TIM_CounterModeConfig                    0x080038fd   Thumb Code    18  stm32f10x_tim.o(.text)
    TIM_EncoderInterfaceConfig               0x0800390f   Thumb Code    66  stm32f10x_tim.o(.text)
    TIM_ForcedOC1Config                      0x08003951   Thumb Code    18  stm32f10x_tim.o(.text)
    TIM_ForcedOC2Config                      0x08003963   Thumb Code    26  stm32f10x_tim.o(.text)
    TIM_ForcedOC3Config                      0x0800397d   Thumb Code    18  stm32f10x_tim.o(.text)
    TIM_ForcedOC4Config                      0x0800398f   Thumb Code    26  stm32f10x_tim.o(.text)
    TIM_ARRPreloadConfig                     0x080039a9   Thumb Code    24  stm32f10x_tim.o(.text)
    TIM_SelectCOM                            0x080039c1   Thumb Code    24  stm32f10x_tim.o(.text)
    TIM_SelectCCDMA                          0x080039d9   Thumb Code    24  stm32f10x_tim.o(.text)
    TIM_CCPreloadControl                     0x080039f1   Thumb Code    24  stm32f10x_tim.o(.text)
    TIM_OC1PreloadConfig                     0x08003a09   Thumb Code    18  stm32f10x_tim.o(.text)
    TIM_OC2PreloadConfig                     0x08003a1b   Thumb Code    26  stm32f10x_tim.o(.text)
    TIM_OC3PreloadConfig                     0x08003a35   Thumb Code    18  stm32f10x_tim.o(.text)
    TIM_OC4PreloadConfig                     0x08003a47   Thumb Code    26  stm32f10x_tim.o(.text)
    TIM_OC1FastConfig                        0x08003a61   Thumb Code    18  stm32f10x_tim.o(.text)
    TIM_OC2FastConfig                        0x08003a73   Thumb Code    26  stm32f10x_tim.o(.text)
    TIM_OC3FastConfig                        0x08003a8d   Thumb Code    18  stm32f10x_tim.o(.text)
    TIM_OC4FastConfig                        0x08003a9f   Thumb Code    26  stm32f10x_tim.o(.text)
    TIM_ClearOC1Ref                          0x08003ab9   Thumb Code    18  stm32f10x_tim.o(.text)
    TIM_ClearOC2Ref                          0x08003acb   Thumb Code    24  stm32f10x_tim.o(.text)
    TIM_ClearOC3Ref                          0x08003ae3   Thumb Code    18  stm32f10x_tim.o(.text)
    TIM_ClearOC4Ref                          0x08003af5   Thumb Code    24  stm32f10x_tim.o(.text)
    TIM_OC1PolarityConfig                    0x08003b0d   Thumb Code    18  stm32f10x_tim.o(.text)
    TIM_OC1NPolarityConfig                   0x08003b1f   Thumb Code    18  stm32f10x_tim.o(.text)
    TIM_OC2PolarityConfig                    0x08003b31   Thumb Code    26  stm32f10x_tim.o(.text)
    TIM_OC2NPolarityConfig                   0x08003b4b   Thumb Code    26  stm32f10x_tim.o(.text)
    TIM_OC3PolarityConfig                    0x08003b65   Thumb Code    26  stm32f10x_tim.o(.text)
    TIM_OC3NPolarityConfig                   0x08003b7f   Thumb Code    26  stm32f10x_tim.o(.text)
    TIM_OC4PolarityConfig                    0x08003b99   Thumb Code    26  stm32f10x_tim.o(.text)
    TIM_CCxCmd                               0x08003bb3   Thumb Code    30  stm32f10x_tim.o(.text)
    TIM_CCxNCmd                              0x08003bd1   Thumb Code    30  stm32f10x_tim.o(.text)
    TIM_SelectOCxM                           0x08003bef   Thumb Code    82  stm32f10x_tim.o(.text)
    TIM_UpdateDisableConfig                  0x08003c41   Thumb Code    24  stm32f10x_tim.o(.text)
    TIM_UpdateRequestConfig                  0x08003c59   Thumb Code    24  stm32f10x_tim.o(.text)
    TIM_SelectHallSensor                     0x08003c71   Thumb Code    24  stm32f10x_tim.o(.text)
    TIM_SelectOnePulseMode                   0x08003c89   Thumb Code    18  stm32f10x_tim.o(.text)
    TIM_SelectOutputTrigger                  0x08003c9b   Thumb Code    18  stm32f10x_tim.o(.text)
    TIM_SelectSlaveMode                      0x08003cad   Thumb Code    18  stm32f10x_tim.o(.text)
    TIM_SelectMasterSlaveMode                0x08003cbf   Thumb Code    18  stm32f10x_tim.o(.text)
    TIM_SetCounter                           0x08003cd1   Thumb Code     4  stm32f10x_tim.o(.text)
    TIM_SetAutoreload                        0x08003cd5   Thumb Code     4  stm32f10x_tim.o(.text)
    TIM_SetCompare1                          0x08003cd9   Thumb Code     4  stm32f10x_tim.o(.text)
    TIM_SetCompare2                          0x08003cdd   Thumb Code     4  stm32f10x_tim.o(.text)
    TIM_SetCompare3                          0x08003ce1   Thumb Code     4  stm32f10x_tim.o(.text)
    TIM_SetCompare4                          0x08003ce5   Thumb Code     6  stm32f10x_tim.o(.text)
    TIM_SetClockDivision                     0x08003ceb   Thumb Code    18  stm32f10x_tim.o(.text)
    TIM_GetCapture1                          0x08003cfd   Thumb Code     6  stm32f10x_tim.o(.text)
    TIM_GetCapture2                          0x08003d03   Thumb Code     6  stm32f10x_tim.o(.text)
    TIM_GetCapture3                          0x08003d09   Thumb Code     6  stm32f10x_tim.o(.text)
    TIM_GetCapture4                          0x08003d0f   Thumb Code     8  stm32f10x_tim.o(.text)
    TIM_GetCounter                           0x08003d17   Thumb Code     6  stm32f10x_tim.o(.text)
    TIM_GetPrescaler                         0x08003d1d   Thumb Code     6  stm32f10x_tim.o(.text)
    TIM_GetFlagStatus                        0x08003d23   Thumb Code    18  stm32f10x_tim.o(.text)
    TIM_ClearFlag                            0x08003d35   Thumb Code     6  stm32f10x_tim.o(.text)
    TIM_GetITStatus                          0x08003d3b   Thumb Code    34  stm32f10x_tim.o(.text)
    TIM_ClearITPendingBit                    0x08003d5d   Thumb Code     6  stm32f10x_tim.o(.text)
    I2C_DeInit                               0x08003d65   Thumb Code    50  stm32f10x_i2c.o(.text)
    I2C_Init                                 0x08003d97   Thumb Code   222  stm32f10x_i2c.o(.text)
    I2C_StructInit                           0x08003e75   Thumb Code    30  stm32f10x_i2c.o(.text)
    I2C_Cmd                                  0x08003e93   Thumb Code    24  stm32f10x_i2c.o(.text)
    I2C_DMACmd                               0x08003eab   Thumb Code    24  stm32f10x_i2c.o(.text)
    I2C_DMALastTransferCmd                   0x08003ec3   Thumb Code    24  stm32f10x_i2c.o(.text)
    I2C_GenerateSTART                        0x08003edb   Thumb Code    24  stm32f10x_i2c.o(.text)
    I2C_GenerateSTOP                         0x08003ef3   Thumb Code    24  stm32f10x_i2c.o(.text)
    I2C_AcknowledgeConfig                    0x08003f0b   Thumb Code    24  stm32f10x_i2c.o(.text)
    I2C_OwnAddress2Config                    0x08003f23   Thumb Code    22  stm32f10x_i2c.o(.text)
    I2C_DualAddressCmd                       0x08003f39   Thumb Code    24  stm32f10x_i2c.o(.text)
    I2C_GeneralCallCmd                       0x08003f51   Thumb Code    24  stm32f10x_i2c.o(.text)
    I2C_ITConfig                             0x08003f69   Thumb Code    18  stm32f10x_i2c.o(.text)
    I2C_SendData                             0x08003f7b   Thumb Code     4  stm32f10x_i2c.o(.text)
    I2C_ReceiveData                          0x08003f7f   Thumb Code     8  stm32f10x_i2c.o(.text)
    I2C_Send7bitAddress                      0x08003f87   Thumb Code    18  stm32f10x_i2c.o(.text)
    I2C_ReadRegister                         0x08003f99   Thumb Code    22  stm32f10x_i2c.o(.text)
    I2C_SoftwareResetCmd                     0x08003faf   Thumb Code    22  stm32f10x_i2c.o(.text)
    I2C_NACKPositionConfig                   0x08003fc5   Thumb Code    28  stm32f10x_i2c.o(.text)
    I2C_SMBusAlertConfig                     0x08003fe1   Thumb Code    28  stm32f10x_i2c.o(.text)
    I2C_TransmitPEC                          0x08003ffd   Thumb Code    24  stm32f10x_i2c.o(.text)
    I2C_PECPositionConfig                    0x08004015   Thumb Code    28  stm32f10x_i2c.o(.text)
    I2C_CalculatePEC                         0x08004031   Thumb Code    24  stm32f10x_i2c.o(.text)
    I2C_GetPEC                               0x08004049   Thumb Code     8  stm32f10x_i2c.o(.text)
    I2C_ARPCmd                               0x08004051   Thumb Code    24  stm32f10x_i2c.o(.text)
    I2C_StretchClockCmd                      0x08004069   Thumb Code    24  stm32f10x_i2c.o(.text)
    I2C_FastModeDutyCycleConfig              0x08004081   Thumb Code    28  stm32f10x_i2c.o(.text)
    I2C_CheckEvent                           0x0800409d   Thumb Code    42  stm32f10x_i2c.o(.text)
    I2C_GetLastEvent                         0x080040c7   Thumb Code    26  stm32f10x_i2c.o(.text)
    I2C_GetFlagStatus                        0x080040e1   Thumb Code    58  stm32f10x_i2c.o(.text)
    I2C_ClearFlag                            0x0800411b   Thumb Code    12  stm32f10x_i2c.o(.text)
    I2C_GetITStatus                          0x08004127   Thumb Code    54  stm32f10x_i2c.o(.text)
    I2C_ClearITPendingBit                    0x0800415d   Thumb Code    12  stm32f10x_i2c.o(.text)
    mpu_reg_dump                             0x080041f3   Thumb Code    72  inv_mpu.o(.text)
    mpu_read_reg                             0x0800423b   Thumb Code    66  inv_mpu.o(.text)
    mpu_set_int_latched                      0x0800427d   Thumb Code   102  inv_mpu.o(.text)
    mpu_set_sensors                          0x080042e3   Thumb Code   202  inv_mpu.o(.text)
    mpu_set_bypass                           0x080043ad   Thumb Code   328  inv_mpu.o(.text)
    mpu_reset_fifo                           0x080044f5   Thumb Code   444  inv_mpu.o(.text)
    mpu_configure_fifo                       0x080046b1   Thumb Code   106  inv_mpu.o(.text)
    mpu_set_lpf                              0x0800471b   Thumb Code   126  inv_mpu.o(.text)
    mpu_lp_accel_mode                        0x08004799   Thumb Code   218  inv_mpu.o(.text)
    mpu_set_sample_rate                      0x08004873   Thumb Code   152  inv_mpu.o(.text)
    mpu_set_accel_fsr                        0x0800490b   Thumb Code   132  inv_mpu.o(.text)
    mpu_set_gyro_fsr                         0x0800498f   Thumb Code   132  inv_mpu.o(.text)
    mpu_init                                 0x08004a13   Thumb Code   416  inv_mpu.o(.text)
    myget_ms                                 0x08004bb3   Thumb Code     2  inv_mpu.o(.text)
    mpu_get_gyro_reg                         0x08004bb5   Thumb Code   110  inv_mpu.o(.text)
    mpu_get_accel_reg                        0x08004c23   Thumb Code   110  inv_mpu.o(.text)
    mpu_get_temperature                      0x08004c91   Thumb Code   150  inv_mpu.o(.text)
    mpu_set_accel_bias                       0x08004d27   Thumb Code   468  inv_mpu.o(.text)
    mpu_get_gyro_fsr                         0x08004efb   Thumb Code    64  inv_mpu.o(.text)
    mpu_get_accel_fsr                        0x08004f3b   Thumb Code    72  inv_mpu.o(.text)
    mpu_get_lpf                              0x08004f83   Thumb Code    74  inv_mpu.o(.text)
    mpu_get_sample_rate                      0x08004fcd   Thumb Code    26  inv_mpu.o(.text)
    mpu_get_compass_sample_rate              0x08004fe7   Thumb Code    10  inv_mpu.o(.text)
    mpu_set_compass_sample_rate              0x08004ff1   Thumb Code     8  inv_mpu.o(.text)
    mpu_get_gyro_sens                        0x08004ff9   Thumb Code    58  inv_mpu.o(.text)
    mpu_get_accel_sens                       0x08005033   Thumb Code    78  inv_mpu.o(.text)
    mpu_get_fifo_config                      0x08005081   Thumb Code    12  inv_mpu.o(.text)
    mpu_get_power_state                      0x0800508d   Thumb Code    22  inv_mpu.o(.text)
    mpu_get_int_status                       0x080050a3   Thumb Code    64  inv_mpu.o(.text)
    mpu_read_fifo                            0x080050e3   Thumb Code   520  inv_mpu.o(.text)
    mpu_read_fifo_stream                     0x080052eb   Thumb Code   186  inv_mpu.o(.text)
    mpu_set_int_level                        0x080053a5   Thumb Code    12  inv_mpu.o(.text)
    mpu_set_dmp_state                        0x08005a85   Thumb Code   138  inv_mpu.o(.text)
    mpu_run_self_test                        0x08005b0f   Thumb Code   278  inv_mpu.o(.text)
    mpu_write_mem                            0x08005c25   Thumb Code   122  inv_mpu.o(.text)
    mpu_read_mem                             0x08005c9f   Thumb Code   122  inv_mpu.o(.text)
    mpu_load_firmware                        0x08005d19   Thumb Code   190  inv_mpu.o(.text)
    mpu_get_dmp_state                        0x08005dd7   Thumb Code    14  inv_mpu.o(.text)
    mpu_get_compass_reg                      0x08005de5   Thumb Code     8  inv_mpu.o(.text)
    mpu_get_compass_fsr                      0x08005ded   Thumb Code     8  inv_mpu.o(.text)
    mpu_lp_motion_interrupt                  0x08005df5   Thumb Code   512  inv_mpu.o(.text)
    dmp_load_motion_driver_firmware          0x08005ff9   Thumb Code    20  inv_mpu_dmp_motion_driver.o(.text)
    dmp_set_orientation                      0x0800600d   Thumb Code   290  inv_mpu_dmp_motion_driver.o(.text)
    dmp_set_gyro_bias                        0x0800612f   Thumb Code   294  inv_mpu_dmp_motion_driver.o(.text)
    dmp_set_accel_bias                       0x08006255   Thumb Code   300  inv_mpu_dmp_motion_driver.o(.text)
    dmp_set_fifo_rate                        0x08006381   Thumb Code   136  inv_mpu_dmp_motion_driver.o(.text)
    dmp_get_fifo_rate                        0x08006409   Thumb Code    12  inv_mpu_dmp_motion_driver.o(.text)
    dmp_set_tap_thresh                       0x08006415   Thumb Code   396  inv_mpu_dmp_motion_driver.o(.text)
    dmp_set_tap_axes                         0x080065a1   Thumb Code    70  inv_mpu_dmp_motion_driver.o(.text)
    dmp_set_tap_count                        0x080065e7   Thumb Code    38  inv_mpu_dmp_motion_driver.o(.text)
    dmp_set_tap_time                         0x0800660d   Thumb Code    38  inv_mpu_dmp_motion_driver.o(.text)
    dmp_set_tap_time_multi                   0x08006633   Thumb Code    38  inv_mpu_dmp_motion_driver.o(.text)
    dmp_set_shake_reject_thresh              0x08006659   Thumb Code    56  inv_mpu_dmp_motion_driver.o(.text)
    dmp_set_shake_reject_time                0x08006691   Thumb Code    38  inv_mpu_dmp_motion_driver.o(.text)
    dmp_set_shake_reject_timeout             0x080066b7   Thumb Code    38  inv_mpu_dmp_motion_driver.o(.text)
    dmp_get_pedometer_step_count             0x080066dd   Thumb Code    66  inv_mpu_dmp_motion_driver.o(.text)
    dmp_set_pedometer_step_count             0x0800671f   Thumb Code    42  inv_mpu_dmp_motion_driver.o(.text)
    dmp_get_pedometer_walk_time              0x08006749   Thumb Code    72  inv_mpu_dmp_motion_driver.o(.text)
    dmp_set_pedometer_walk_time              0x08006791   Thumb Code    48  inv_mpu_dmp_motion_driver.o(.text)
    dmp_enable_6x_lp_quat                    0x080067c1   Thumb Code    84  inv_mpu_dmp_motion_driver.o(.text)
    dmp_enable_lp_quat                       0x08006815   Thumb Code    60  inv_mpu_dmp_motion_driver.o(.text)
    dmp_enable_gyro_cal                      0x08006851   Thumb Code    62  inv_mpu_dmp_motion_driver.o(.text)
    dmp_enable_feature                       0x0800688f   Thumb Code   530  inv_mpu_dmp_motion_driver.o(.text)
    dmp_get_enabled_features                 0x08006aa1   Thumb Code    12  inv_mpu_dmp_motion_driver.o(.text)
    dmp_set_interrupt_mode                   0x08006b0b   Thumb Code    66  inv_mpu_dmp_motion_driver.o(.text)
    dmp_read_fifo                            0x08006b4d   Thumb Code   514  inv_mpu_dmp_motion_driver.o(.text)
    dmp_register_tap_cb                      0x08006d4f   Thumb Code    10  inv_mpu_dmp_motion_driver.o(.text)
    dmp_register_android_orient_cb           0x08006d59   Thumb Code    10  inv_mpu_dmp_motion_driver.o(.text)
    Kalman_Filter                            0x08006d69   Thumb Code   558  filter.o(.text)
    Mean_Filter_X                            0x08006f97   Thumb Code    66  filter.o(.text)
    Mean_Filter_Y                            0x08006fd9   Thumb Code    66  filter.o(.text)
    Yijielvbo                                0x0800701b   Thumb Code   132  filter.o(.text)
    MPU6050_newValues                        0x08007201   Thumb Code   494  mpu6050.o(.text)
    MPU6050_setClockSource                   0x080073ef   Thumb Code    20  mpu6050.o(.text)
    MPU6050_setFullScaleGyroRange            0x08007403   Thumb Code    20  mpu6050.o(.text)
    MPU6050_setFullScaleAccelRange           0x08007417   Thumb Code    20  mpu6050.o(.text)
    MPU6050_setSleepEnabled                  0x0800742b   Thumb Code    18  mpu6050.o(.text)
    MPU6050_getDeviceID                      0x0800743d   Thumb Code    20  mpu6050.o(.text)
    MPU6050_testConnection                   0x08007451   Thumb Code    18  mpu6050.o(.text)
    MPU6050_setI2CMasterModeEnabled          0x08007463   Thumb Code    18  mpu6050.o(.text)
    MPU6050_setI2CBypassEnabled              0x08007475   Thumb Code    18  mpu6050.o(.text)
    MPU6050_initialize                       0x08007487   Thumb Code    40  mpu6050.o(.text)
    DMP_Init                                 0x080074af   Thumb Code   194  mpu6050.o(.text)
    Read_DMP                                 0x08007571   Thumb Code  1008  mpu6050.o(.text)
    Read_Temperature                         0x08007961   Thumb Code   110  mpu6050.o(.text)
    __use_no_semihosting                     0x08007a11   Thumb Code     2  use_no_semi_2.o(.text)
    __aeabi_ldivmod                          0x08007a13   Thumb Code     0  llsdiv.o(.text)
    _ll_sdiv                                 0x08007a13   Thumb Code    72  llsdiv.o(.text)
    __2printf                                0x08007a5d   Thumb Code    20  noretval__2printf.o(.text)
    __printf                                 0x08007a75   Thumb Code   104  __printf.o(.text)
    _printf_int_dec                          0x08007add   Thumb Code   104  _printf_dec.o(.text)
    memcmp                                   0x08007b55   Thumb Code    88  memcmp.o(.text)
    __aeabi_memset                           0x08007bad   Thumb Code    16  aeabi_memset.o(.text)
    __use_two_region_memory                  0x08007bbd   Thumb Code     2  heapauxi.o(.text)
    __rt_heap_escrow$2region                 0x08007bbf   Thumb Code     2  heapauxi.o(.text)
    __rt_heap_expand$2region                 0x08007bc1   Thumb Code     2  heapauxi.o(.text)
    __I$use$semihosting                      0x08007bc3   Thumb Code     0  use_no_semi.o(.text)
    __use_no_semihosting_swi                 0x08007bc3   Thumb Code     2  use_no_semi.o(.text)
    __aeabi_uldivmod                         0x08007bc5   Thumb Code     0  lludivv7m.o(.text)
    _ll_udiv                                 0x08007bc5   Thumb Code   238  lludivv7m.o(.text)
    __read_errno                             0x08007cb3   Thumb Code    10  _rserrno.o(.text)
    __set_errno                              0x08007cbd   Thumb Code    12  _rserrno.o(.text)
    _printf_int_common                       0x08007cc9   Thumb Code   178  _printf_intcommon.o(.text)
    __lib_sel_fp_printf                      0x08007d7b   Thumb Code     2  _printf_fp_dec.o(.text)
    _printf_fp_dec_real                      0x08007f2d   Thumb Code   620  _printf_fp_dec.o(.text)
    _printf_char_file                        0x08008199   Thumb Code    32  _printf_char_file.o(.text)
    __aeabi_memclr                           0x080081bd   Thumb Code     0  rt_memclr.o(.text)
    __rt_memclr                              0x080081bd   Thumb Code    68  rt_memclr.o(.text)
    _memset                                  0x080081c1   Thumb Code     0  rt_memclr.o(.text)
    __rt_locale                              0x08008201   Thumb Code     8  rt_locale_intlibspace.o(.text)
    __aeabi_errno_addr                       0x08008209   Thumb Code     8  rt_errno_addr_intlibspace.o(.text)
    __errno$intlibspace                      0x08008209   Thumb Code     0  rt_errno_addr_intlibspace.o(.text)
    __rt_errno_addr$intlibspace              0x08008209   Thumb Code     0  rt_errno_addr_intlibspace.o(.text)
    _ll_udiv10                               0x08008211   Thumb Code   138  lludiv10.o(.text)
    _printf_char_common                      0x080082a7   Thumb Code    32  _printf_char_common.o(.text)
    _printf_fp_infnan                        0x080082cd   Thumb Code   112  _printf_fp_infnan.o(.text)
    _btod_etento                             0x0800834d   Thumb Code   224  bigflt0.o(.text)
    ferror                                   0x08008431   Thumb Code     8  ferror.o(.text)
    __aeabi_memclr4                          0x08008439   Thumb Code     0  rt_memclr_w.o(.text)
    __aeabi_memclr8                          0x08008439   Thumb Code     0  rt_memclr_w.o(.text)
    __rt_memclr_w                            0x08008439   Thumb Code    78  rt_memclr_w.o(.text)
    _memset_w                                0x0800843d   Thumb Code     0  rt_memclr_w.o(.text)
    __user_libspace                          0x08008489   Thumb Code     8  libspace.o(.text)
    __user_perproc_libspace                  0x08008489   Thumb Code     0  libspace.o(.text)
    __user_perthread_libspace                0x08008489   Thumb Code     0  libspace.o(.text)
    __user_setup_stackheap                   0x08008491   Thumb Code    74  sys_stackheap_outer.o(.text)
    exit                                     0x080084db   Thumb Code    18  exit.o(.text)
    strcmp                                   0x080084ed   Thumb Code   128  strcmpv7m.o(.text)
    _btod_d2e                                0x0800856d   Thumb Code    62  btod.o(CL$$btod_d2e)
    _d2e_denorm_low                          0x080085ab   Thumb Code    70  btod.o(CL$$btod_d2e_denorm_low)
    _d2e_norm_op1                            0x080085f1   Thumb Code    96  btod.o(CL$$btod_d2e_norm_op1)
    __btod_div_common                        0x08008651   Thumb Code   696  btod.o(CL$$btod_div_common)
    _e2e                                     0x08008989   Thumb Code   220  btod.o(CL$$btod_e2e)
    _btod_ediv                               0x08008a65   Thumb Code    42  btod.o(CL$$btod_ediv)
    _btod_emul                               0x08008a8f   Thumb Code    42  btod.o(CL$$btod_emul)
    __btod_mult_common                       0x08008ab9   Thumb Code   580  btod.o(CL$$btod_mult_common)
    __ARM_fpclassify                         0x08008cfd   Thumb Code    40  fpclassify.o(i.__ARM_fpclassify)
    __kernel_poly                            0x08008d25   Thumb Code   170  poly.o(i.__kernel_poly)
    __mathlib_dbl_divzero                    0x08008dd1   Thumb Code    12  dunder.o(i.__mathlib_dbl_divzero)
    __mathlib_dbl_infnan                     0x08008de1   Thumb Code     6  dunder.o(i.__mathlib_dbl_infnan)
    __mathlib_dbl_infnan2                    0x08008de7   Thumb Code     4  dunder.o(i.__mathlib_dbl_infnan2)
    __mathlib_dbl_invalid                    0x08008deb   Thumb Code    12  dunder.o(i.__mathlib_dbl_invalid)
    __mathlib_dbl_overflow                   0x08008df7   Thumb Code    14  dunder.o(i.__mathlib_dbl_overflow)
    __mathlib_dbl_underflow                  0x08008e05   Thumb Code    10  dunder.o(i.__mathlib_dbl_underflow)
    asin                                     0x08008e15   Thumb Code   572  asin.o(i.asin)
    atan                                     0x08009085   Thumb Code   474  atan.o(i.atan)
    atan2                                    0x080092a5   Thumb Code   346  atan2.o(i.atan2)
    pow                                      0x08009425   Thumb Code  2512  pow.o(i.pow)
    sqrt                                     0x08009dfd   Thumb Code    76  sqrt.o(i.sqrt)
    _get_lc_numeric                          0x08009e49   Thumb Code    44  lc_numeric_c.o(locale$$code)
    __aeabi_d2f                              0x08009e75   Thumb Code     0  d2f.o(x$fpl$d2f)
    _d2f                                     0x08009e75   Thumb Code    98  d2f.o(x$fpl$d2f)
    __aeabi_dadd                             0x08009ed9   Thumb Code     0  daddsub_clz.o(x$fpl$dadd)
    _dadd                                    0x08009ed9   Thumb Code   332  daddsub_clz.o(x$fpl$dadd)
    __fpl_dcheck_NaN1                        0x0800a029   Thumb Code    10  dcheck1.o(x$fpl$dcheck1)
    __fpl_dcmp_Inf                           0x0800a039   Thumb Code    24  dcmpi.o(x$fpl$dcmpinf)
    __aeabi_ddiv                             0x0800a051   Thumb Code     0  ddiv.o(x$fpl$ddiv)
    _ddiv                                    0x0800a051   Thumb Code   552  ddiv.o(x$fpl$ddiv)
    __aeabi_d2iz                             0x0800a301   Thumb Code     0  dfix.o(x$fpl$dfix)
    _dfix                                    0x0800a301   Thumb Code    94  dfix.o(x$fpl$dfix)
    __aeabi_d2uiz                            0x0800a361   Thumb Code     0  dfixu.o(x$fpl$dfixu)
    _dfixu                                   0x0800a361   Thumb Code    90  dfixu.o(x$fpl$dfixu)
    __aeabi_i2d                              0x0800a3bb   Thumb Code     0  dflt_clz.o(x$fpl$dflt)
    _dflt                                    0x0800a3bb   Thumb Code    46  dflt_clz.o(x$fpl$dflt)
    __aeabi_ui2d                             0x0800a3e9   Thumb Code     0  dflt_clz.o(x$fpl$dfltu)
    _dfltu                                   0x0800a3e9   Thumb Code    38  dflt_clz.o(x$fpl$dfltu)
    __aeabi_cdcmple                          0x0800a411   Thumb Code     0  dleqf.o(x$fpl$dleqf)
    _dcmple                                  0x0800a411   Thumb Code   120  dleqf.o(x$fpl$dleqf)
    __fpl_dcmple_InfNaN                      0x0800a473   Thumb Code     0  dleqf.o(x$fpl$dleqf)
    __aeabi_dmul                             0x0800a489   Thumb Code     0  dmul.o(x$fpl$dmul)
    _dmul                                    0x0800a489   Thumb Code   332  dmul.o(x$fpl$dmul)
    __fpl_dnaninf                            0x0800a5dd   Thumb Code   156  dnaninf.o(x$fpl$dnaninf)
    __fpl_dretinf                            0x0800a679   Thumb Code    12  dretinf.o(x$fpl$dretinf)
    __aeabi_cdrcmple                         0x0800a685   Thumb Code     0  drleqf.o(x$fpl$drleqf)
    _drcmple                                 0x0800a685   Thumb Code   108  drleqf.o(x$fpl$drleqf)
    __aeabi_drsub                            0x0800a6f1   Thumb Code     0  daddsub_clz.o(x$fpl$drsb)
    _drsb                                    0x0800a6f1   Thumb Code    22  daddsub_clz.o(x$fpl$drsb)
    _dsqrt                                   0x0800a709   Thumb Code   456  dsqrt_noumaal.o(x$fpl$dsqrt)
    __aeabi_dsub                             0x0800a8d5   Thumb Code     0  daddsub_clz.o(x$fpl$dsub)
    _dsub                                    0x0800a8d5   Thumb Code   464  daddsub_clz.o(x$fpl$dsub)
    __aeabi_f2d                              0x0800aaa9   Thumb Code     0  f2d.o(x$fpl$f2d)
    _f2d                                     0x0800aaa9   Thumb Code    86  f2d.o(x$fpl$f2d)
    __aeabi_fadd                             0x0800ab01   Thumb Code     0  faddsub_clz.o(x$fpl$fadd)
    _fadd                                    0x0800ab01   Thumb Code   196  faddsub_clz.o(x$fpl$fadd)
    __fpl_fcmp_Inf                           0x0800abc5   Thumb Code    24  fcmpi.o(x$fpl$fcmpinf)
    __aeabi_fdiv                             0x0800abdd   Thumb Code     0  fdiv.o(x$fpl$fdiv)
    _fdiv                                    0x0800abdd   Thumb Code   384  fdiv.o(x$fpl$fdiv)
    __aeabi_cfcmpeq                          0x0800ad61   Thumb Code     0  feqf.o(x$fpl$feqf)
    _fcmpeq                                  0x0800ad61   Thumb Code   104  feqf.o(x$fpl$feqf)
    __aeabi_f2iz                             0x0800adc9   Thumb Code     0  ffix.o(x$fpl$ffix)
    _ffix                                    0x0800adc9   Thumb Code    54  ffix.o(x$fpl$ffix)
    __aeabi_f2uiz                            0x0800ae01   Thumb Code     0  ffixu.o(x$fpl$ffixu)
    _ffixu                                   0x0800ae01   Thumb Code    62  ffixu.o(x$fpl$ffixu)
    __aeabi_i2f                              0x0800ae41   Thumb Code     0  fflt_clz.o(x$fpl$fflt)
    _fflt                                    0x0800ae41   Thumb Code    48  fflt_clz.o(x$fpl$fflt)
    __aeabi_ui2f                             0x0800ae71   Thumb Code     0  fflt_clz.o(x$fpl$ffltu)
    _ffltu                                   0x0800ae71   Thumb Code    38  fflt_clz.o(x$fpl$ffltu)
    __aeabi_cfcmple                          0x0800ae99   Thumb Code     0  fleqf.o(x$fpl$fleqf)
    _fcmple                                  0x0800ae99   Thumb Code   104  fleqf.o(x$fpl$fleqf)
    __fpl_fcmple_InfNaN                      0x0800aeeb   Thumb Code     0  fleqf.o(x$fpl$fleqf)
    __aeabi_fmul                             0x0800af01   Thumb Code     0  fmul.o(x$fpl$fmul)
    _fmul                                    0x0800af01   Thumb Code   258  fmul.o(x$fpl$fmul)
    __fpl_fnaninf                            0x0800b003   Thumb Code   140  fnaninf.o(x$fpl$fnaninf)
    __fpl_fretinf                            0x0800b08f   Thumb Code    10  fretinf.o(x$fpl$fretinf)
    __aeabi_cfrcmple                         0x0800b099   Thumb Code     0  frleqf.o(x$fpl$frleqf)
    _frcmple                                 0x0800b099   Thumb Code    98  frleqf.o(x$fpl$frleqf)
    __aeabi_frsub                            0x0800b0fb   Thumb Code     0  faddsub_clz.o(x$fpl$frsb)
    _frsb                                    0x0800b0fb   Thumb Code    20  faddsub_clz.o(x$fpl$frsb)
    __aeabi_fsub                             0x0800b111   Thumb Code     0  faddsub_clz.o(x$fpl$fsub)
    _fsub                                    0x0800b111   Thumb Code   234  faddsub_clz.o(x$fpl$fsub)
    _printf_fp_dec                           0x0800b1fb   Thumb Code     4  printf1.o(x$fpl$printf1)
    __fpl_return_NaN                         0x0800b1ff   Thumb Code   100  retnan.o(x$fpl$retnan)
    __ARM_scalbn                             0x0800b263   Thumb Code    92  scalbn.o(x$fpl$scalbn)
    __fpl_cmpreturn                          0x0800b2bf   Thumb Code    48  trapv.o(x$fpl$trapveneer)
    F6x8                                     0x0800b2ee   Data         552  oled_i2c.o(.constdata)
    __I$use$fp                               0x0800b2ee   Number         0  usenofp.o(x$fpl$usenofp)
    F8X16                                    0x0800b516   Data        1520  oled_i2c.o(.constdata)
    hw                                       0x0800bb08   Data          12  inv_mpu.o(.constdata)
    reg                                      0x0800bb14   Data          27  inv_mpu.o(.constdata)
    test                                     0x0800bb30   Data          40  inv_mpu.o(.constdata)
    __mathlib_zero                           0x0800c8c0   Data           8  qnan.o(.constdata)
    Region$$Table$$Base                      0x0800c9ac   Number         0  anon$$obj.o(Region$$Table)
    Region$$Table$$Limit                     0x0800c9cc   Number         0  anon$$obj.o(Region$$Table)
    Way_Angle                                0x20000000   Data           1  main.o(.data)
    Motor_A                                  0x20000004   Data           4  main.o(.data)
    Motor_B                                  0x20000008   Data           4  main.o(.data)
    Motor_C                                  0x2000000c   Data           4  main.o(.data)
    Target_A                                 0x20000010   Data           4  main.o(.data)
    Target_B                                 0x20000014   Data           4  main.o(.data)
    Target_C                                 0x20000018   Data           4  main.o(.data)
    compute_X                                0x2000001c   Data           4  main.o(.data)
    compute_Y                                0x20000020   Data           4  main.o(.data)
    compute_Z                                0x20000024   Data           4  main.o(.data)
    Angle_Zero_X                             0x20000028   Data           4  main.o(.data)
    Angle_Zero_Y                             0x2000002c   Data           4  main.o(.data)
    Angle_Zero_Z                             0x20000030   Data           4  main.o(.data)
    Angle_Bias_X                             0x20000034   Data           4  main.o(.data)
    Angle_Bias_Y                             0x20000038   Data           4  main.o(.data)
    Angle_Bias_Z                             0x2000003c   Data           4  main.o(.data)
    Angle_Balance_X                          0x20000040   Data           4  main.o(.data)
    Angle_Balance_Y                          0x20000044   Data           4  main.o(.data)
    Angle_Balance_Z                          0x20000048   Data           4  main.o(.data)
    Gyro_Balance_X                           0x2000004c   Data           4  main.o(.data)
    Gyro_Balance_Z                           0x20000050   Data           4  main.o(.data)
    Gyro_Balance_Y                           0x20000054   Data           4  main.o(.data)
    Move_X                                   0x20000058   Data           4  main.o(.data)
    Move_Y                                   0x2000005c   Data           4  main.o(.data)
    Move_Z                                   0x20000060   Data           4  main.o(.data)
    Balance_Pwm_X                            0x20000064   Data           4  main.o(.data)
    Velocity_Pwm_X                           0x20000068   Data           4  main.o(.data)
    Balance_Pwm_Y                            0x2000006c   Data           4  main.o(.data)
    Velocity_Pwm_Y                           0x20000070   Data           4  main.o(.data)
    Balance_Pwm_Z                            0x20000074   Data           4  main.o(.data)
    Angle_Balance_X_last                     0x20000078   Data           4  main.o(.data)
    Angle_Balance_Y_last                     0x2000007c   Data           4  main.o(.data)
    Angle_Balance_Z_last                     0x20000080   Data           4  main.o(.data)
    Gyro_Balance_X_last                      0x20000084   Data           4  main.o(.data)
    Gyro_Balance_Y_last                      0x20000088   Data           4  main.o(.data)
    Gyro_Balance_Z_last                      0x2000008c   Data           4  main.o(.data)
    bias_X                                   0x20000090   Data           4  main.o(.data)
    bias_Y                                   0x20000094   Data           4  main.o(.data)
    bias_Z                                   0x20000098   Data           4  main.o(.data)
    bias_x                                   0x2000009c   Data           4  main.o(.data)
    bias_y                                   0x200000a0   Data           4  main.o(.data)
    bias_z                                   0x200000a4   Data           4  main.o(.data)
    Balance_Kp                               0x200000a8   Data           4  main.o(.data)
    Balance_Kd                               0x200000ac   Data           4  main.o(.data)
    Velocity_Kp                              0x200000b0   Data           4  main.o(.data)
    Velocity_Ki                              0x200000b4   Data           4  main.o(.data)
    Turn_Kp                                  0x200000b8   Data           4  main.o(.data)
    Turn_Kd                                  0x200000bc   Data           4  main.o(.data)
    state_flag                               0x200000c0   Data           1  main.o(.data)
    time_flag                                0x200000c1   Data           1  main.o(.data)
    init                                     0x200000c2   Data          13  main.o(.data)
    correct                                  0x200000cf   Data          16  main.o(.data)
    x                                        0x200000df   Data           3  main.o(.data)
    y                                        0x200000e2   Data           3  main.o(.data)
    tarA                                     0x200000e5   Data           3  main.o(.data)
    tarB                                     0x200000e8   Data           3  main.o(.data)
    tarC                                     0x200000eb   Data           3  main.o(.data)
    SystemCoreClock                          0x200000f0   Data           4  system_stm32f10x.o(.data)
    AHBPrescTable                            0x200000f4   Data          16  system_stm32f10x.o(.data)
    sub_num                                  0x20000104   Data           2  motor.o(.data)
    F16x16                                   0x20000130   Data         352  oled_i2c.o(.data)
    BMP1                                     0x20000290   Data        1024  oled_i2c.o(.data)
    __stdout                                 0x20000694   Data           4  usart.o(.data)
    USART_RX_STA                             0x20000698   Data           2  usart.o(.data)
    K1                                       0x200006dc   Data           4  filter.o(.data)
    angle                                    0x200006e0   Data           4  filter.o(.data)
    angle_dot                                0x200006e4   Data           4  filter.o(.data)
    Q_angle                                  0x200006e8   Data           4  filter.o(.data)
    Q_gyro                                   0x200006ec   Data           4  filter.o(.data)
    R_angle                                  0x200006f0   Data           4  filter.o(.data)
    dt                                       0x200006f4   Data           4  filter.o(.data)
    C_0                                      0x200006f8   Data           1  filter.o(.data)
    Q_bias                                   0x200006fc   Data           4  filter.o(.data)
    Angle_err                                0x20000700   Data           4  filter.o(.data)
    PCt_0                                    0x20000704   Data           4  filter.o(.data)
    PCt_1                                    0x20000708   Data           4  filter.o(.data)
    E                                        0x2000070c   Data           4  filter.o(.data)
    K_0                                      0x20000710   Data           4  filter.o(.data)
    K_1                                      0x20000714   Data           4  filter.o(.data)
    t_0                                      0x20000718   Data           4  filter.o(.data)
    t_1                                      0x2000071c   Data           4  filter.o(.data)
    PP                                       0x20000720   Data          16  filter.o(.data)
    gyro                                     0x20000730   Data           6  mpu6050.o(.data)
    accel                                    0x20000736   Data           6  mpu6050.o(.data)
    sensors                                  0x2000073c   Data           2  mpu6050.o(.data)
    q0                                       0x20000740   Data           4  mpu6050.o(.data)
    q1                                       0x20000744   Data           4  mpu6050.o(.data)
    q2                                       0x20000748   Data           4  mpu6050.o(.data)
    q3                                       0x2000074c   Data           4  mpu6050.o(.data)
    Gx_offset                                0x2000075a   Data           2  mpu6050.o(.data)
    Gy_offset                                0x2000075c   Data           2  mpu6050.o(.data)
    Gz_offset                                0x2000075e   Data           2  mpu6050.o(.data)
    USART_RX_BUF                             0x20000760   Data         200  usart.o(.bss)
    Pdot                                     0x20000838   Data          16  filter.o(.bss)
    buffer                                   0x20000848   Data          14  mpu6050.o(.bss)
    MPU6050_FIFO                             0x20000856   Data         132  mpu6050.o(.bss)
    __libspace_start                         0x200008dc   Data          96  libspace.o(.bss)
    __temporary_stack_top$libspace           0x2000093c   Data           0  libspace.o(.bss)



==============================================================================

Memory Map of the image

  Image Entry point : 0x080000ed

  Load Region LR_IROM1 (Base: 0x08000000, Size: 0x0000d148, Max: 0x00010000, ABSOLUTE, COMPRESSED[0x0000ccb4])

    Execution Region ER_IROM1 (Exec base: 0x08000000, Load base: 0x08000000, Size: 0x0000c9e8, Max: 0x00010000, ABSOLUTE)

    Exec Addr    Load Addr    Size         Type   Attr      Idx    E Section Name        Object

    0x08000000   0x08000000   0x000000ec   Data   RO          385    RESET               startup_stm32f10x_md.o
    0x080000ec   0x080000ec   0x00000008   Code   RO          617  * !!!main             c_w.l(__main.o)
    0x080000f4   0x080000f4   0x00000034   Code   RO         1009    !!!scatter          c_w.l(__scatter.o)
    0x08000128   0x08000128   0x0000005a   Code   RO         1007    !!dczerorl2         c_w.l(__dczerorl2.o)
    0x08000182   0x08000182   0x00000002   PAD
    0x08000184   0x08000184   0x0000001c   Code   RO         1011    !!handler_zi        c_w.l(__scatter_zi.o)
    0x080001a0   0x080001a0   0x00000000   Code   RO          610    .ARM.Collect$$_printf_percent$$00000000  c_w.l(_printf_percent.o)
    0x080001a0   0x080001a0   0x00000006   Code   RO          609    .ARM.Collect$$_printf_percent$$00000003  c_w.l(_printf_f.o)
    0x080001a6   0x080001a6   0x00000006   Code   RO          608    .ARM.Collect$$_printf_percent$$00000009  c_w.l(_printf_d.o)
    0x080001ac   0x080001ac   0x00000004   Code   RO          736    .ARM.Collect$$_printf_percent$$00000017  c_w.l(_printf_percent_end.o)
    0x080001b0   0x080001b0   0x00000002   Code   RO          876    .ARM.Collect$$libinit$$00000000  c_w.l(libinit.o)
    0x080001b2   0x080001b2   0x00000000   Code   RO          878    .ARM.Collect$$libinit$$00000002  c_w.l(libinit2.o)
    0x080001b2   0x080001b2   0x00000000   Code   RO          880    .ARM.Collect$$libinit$$00000004  c_w.l(libinit2.o)
    0x080001b2   0x080001b2   0x00000000   Code   RO          883    .ARM.Collect$$libinit$$0000000A  c_w.l(libinit2.o)
    0x080001b2   0x080001b2   0x00000000   Code   RO          885    .ARM.Collect$$libinit$$0000000C  c_w.l(libinit2.o)
    0x080001b2   0x080001b2   0x00000000   Code   RO          887    .ARM.Collect$$libinit$$0000000E  c_w.l(libinit2.o)
    0x080001b2   0x080001b2   0x00000006   Code   RO          888    .ARM.Collect$$libinit$$0000000F  c_w.l(libinit2.o)
    0x080001b8   0x080001b8   0x00000000   Code   RO          890    .ARM.Collect$$libinit$$00000011  c_w.l(libinit2.o)
    0x080001b8   0x080001b8   0x00000000   Code   RO          892    .ARM.Collect$$libinit$$00000013  c_w.l(libinit2.o)
    0x080001b8   0x080001b8   0x00000000   Code   RO          894    .ARM.Collect$$libinit$$00000015  c_w.l(libinit2.o)
    0x080001b8   0x080001b8   0x0000000a   Code   RO          895    .ARM.Collect$$libinit$$00000016  c_w.l(libinit2.o)
    0x080001c2   0x080001c2   0x00000000   Code   RO          896    .ARM.Collect$$libinit$$00000017  c_w.l(libinit2.o)
    0x080001c2   0x080001c2   0x00000000   Code   RO          898    .ARM.Collect$$libinit$$00000019  c_w.l(libinit2.o)
    0x080001c2   0x080001c2   0x00000000   Code   RO          900    .ARM.Collect$$libinit$$0000001B  c_w.l(libinit2.o)
    0x080001c2   0x080001c2   0x00000000   Code   RO          902    .ARM.Collect$$libinit$$0000001D  c_w.l(libinit2.o)
    0x080001c2   0x080001c2   0x00000000   Code   RO          904    .ARM.Collect$$libinit$$0000001F  c_w.l(libinit2.o)
    0x080001c2   0x080001c2   0x00000000   Code   RO          906    .ARM.Collect$$libinit$$00000021  c_w.l(libinit2.o)
    0x080001c2   0x080001c2   0x00000000   Code   RO          908    .ARM.Collect$$libinit$$00000023  c_w.l(libinit2.o)
    0x080001c2   0x080001c2   0x00000000   Code   RO          910    .ARM.Collect$$libinit$$00000025  c_w.l(libinit2.o)
    0x080001c2   0x080001c2   0x00000000   Code   RO          914    .ARM.Collect$$libinit$$0000002C  c_w.l(libinit2.o)
    0x080001c2   0x080001c2   0x00000000   Code   RO          916    .ARM.Collect$$libinit$$0000002E  c_w.l(libinit2.o)
    0x080001c2   0x080001c2   0x00000000   Code   RO          918    .ARM.Collect$$libinit$$00000030  c_w.l(libinit2.o)
    0x080001c2   0x080001c2   0x00000000   Code   RO          920    .ARM.Collect$$libinit$$00000032  c_w.l(libinit2.o)
    0x080001c2   0x080001c2   0x00000002   Code   RO          921    .ARM.Collect$$libinit$$00000033  c_w.l(libinit2.o)
    0x080001c4   0x080001c4   0x00000002   Code   RO          967    .ARM.Collect$$libshutdown$$00000000  c_w.l(libshutdown.o)
    0x080001c6   0x080001c6   0x00000000   Code   RO          976    .ARM.Collect$$libshutdown$$00000002  c_w.l(libshutdown2.o)
    0x080001c6   0x080001c6   0x00000000   Code   RO          978    .ARM.Collect$$libshutdown$$00000004  c_w.l(libshutdown2.o)
    0x080001c6   0x080001c6   0x00000000   Code   RO          981    .ARM.Collect$$libshutdown$$00000007  c_w.l(libshutdown2.o)
    0x080001c6   0x080001c6   0x00000000   Code   RO          984    .ARM.Collect$$libshutdown$$0000000A  c_w.l(libshutdown2.o)
    0x080001c6   0x080001c6   0x00000000   Code   RO          986    .ARM.Collect$$libshutdown$$0000000C  c_w.l(libshutdown2.o)
    0x080001c6   0x080001c6   0x00000000   Code   RO          989    .ARM.Collect$$libshutdown$$0000000F  c_w.l(libshutdown2.o)
    0x080001c6   0x080001c6   0x00000002   Code   RO          990    .ARM.Collect$$libshutdown$$00000010  c_w.l(libshutdown2.o)
    0x080001c8   0x080001c8   0x00000000   Code   RO          725    .ARM.Collect$$rtentry$$00000000  c_w.l(__rtentry.o)
    0x080001c8   0x080001c8   0x00000000   Code   RO          786    .ARM.Collect$$rtentry$$00000002  c_w.l(__rtentry2.o)
    0x080001c8   0x080001c8   0x00000006   Code   RO          798    .ARM.Collect$$rtentry$$00000004  c_w.l(__rtentry4.o)
    0x080001ce   0x080001ce   0x00000000   Code   RO          788    .ARM.Collect$$rtentry$$00000009  c_w.l(__rtentry2.o)
    0x080001ce   0x080001ce   0x00000004   Code   RO          789    .ARM.Collect$$rtentry$$0000000A  c_w.l(__rtentry2.o)
    0x080001d2   0x080001d2   0x00000000   Code   RO          791    .ARM.Collect$$rtentry$$0000000C  c_w.l(__rtentry2.o)
    0x080001d2   0x080001d2   0x00000008   Code   RO          792    .ARM.Collect$$rtentry$$0000000D  c_w.l(__rtentry2.o)
    0x080001da   0x080001da   0x00000002   Code   RO          924    .ARM.Collect$$rtexit$$00000000  c_w.l(rtexit.o)
    0x080001dc   0x080001dc   0x00000000   Code   RO          937    .ARM.Collect$$rtexit$$00000002  c_w.l(rtexit2.o)
    0x080001dc   0x080001dc   0x00000004   Code   RO          938    .ARM.Collect$$rtexit$$00000003  c_w.l(rtexit2.o)
    0x080001e0   0x080001e0   0x00000006   Code   RO          939    .ARM.Collect$$rtexit$$00000004  c_w.l(rtexit2.o)
    0x080001e6   0x080001e6   0x00000002   PAD
    0x080001e8   0x080001e8   0x0000055c   Code   RO            1    .text               main.o
    0x08000744   0x08000744   0x0000001a   Code   RO          164    .text               stm32f10x_it.o
    0x0800075e   0x0800075e   0x00000002   PAD
    0x08000760   0x08000760   0x000001e0   Code   RO          205    .text               system_stm32f10x.o
    0x08000940   0x08000940   0x00000034   Code   RO          223    .text               led.o
    0x08000974   0x08000974   0x0000043c   Code   RO          243    .text               pwm.o
    0x08000db0   0x08000db0   0x0000025c   Code   RO          258    .text               motor.o
    0x0800100c   0x0800100c   0x00000648   Code   RO          273    .text               control.o
    0x08001654   0x08001654   0x00000522   Code   RO          290    .text               ioi2c.o
    0x08001b76   0x08001b76   0x00000002   PAD
    0x08001b78   0x08001b78   0x00000598   Code   RO          302    .text               oled_i2c.o
    0x08002110   0x08002110   0x000000d4   Code   RO          319    .text               delay.o
    0x080021e4   0x080021e4   0x00000140   Code   RO          350    .text               usart.o
    0x08002324   0x08002324   0x00000040   Code   RO          386    .text               startup_stm32f10x_md.o
    0x08002364   0x08002364   0x0000035c   Code   RO          390    .text               stm32f10x_gpio.o
    0x080026c0   0x080026c0   0x000003a4   Code   RO          402    .text               stm32f10x_rcc.o
    0x08002a64   0x08002a64   0x00000408   Code   RO          416    .text               stm32f10x_usart.o
    0x08002e6c   0x08002e6c   0x000000dc   Code   RO          428    .text               misc.o
    0x08002f48   0x08002f48   0x00000e1a   Code   RO          440    .text               stm32f10x_tim.o
    0x08003d62   0x08003d62   0x00000002   PAD
    0x08003d64   0x08003d64   0x00000404   Code   RO          476    .text               stm32f10x_i2c.o
    0x08004168   0x08004168   0x00001e90   Code   RO          488    .text               inv_mpu.o
    0x08005ff8   0x08005ff8   0x00000d70   Code   RO          512    .text               inv_mpu_dmp_motion_driver.o
    0x08006d68   0x08006d68   0x0000038c   Code   RO          527    .text               filter.o
    0x080070f4   0x080070f4   0x0000091c   Code   RO          546    .text               mpu6050.o
    0x08007a10   0x08007a10   0x00000002   Code   RO          576    .text               c_w.l(use_no_semi_2.o)
    0x08007a12   0x08007a12   0x00000048   Code   RO          578    .text               c_w.l(llsdiv.o)
    0x08007a5a   0x08007a5a   0x00000002   PAD
    0x08007a5c   0x08007a5c   0x00000018   Code   RO          582    .text               c_w.l(noretval__2printf.o)
    0x08007a74   0x08007a74   0x00000068   Code   RO          584    .text               c_w.l(__printf.o)
    0x08007adc   0x08007adc   0x00000078   Code   RO          586    .text               c_w.l(_printf_dec.o)
    0x08007b54   0x08007b54   0x00000058   Code   RO          611    .text               c_w.l(memcmp.o)
    0x08007bac   0x08007bac   0x00000010   Code   RO          613    .text               c_w.l(aeabi_memset.o)
    0x08007bbc   0x08007bbc   0x00000006   Code   RO          615    .text               c_w.l(heapauxi.o)
    0x08007bc2   0x08007bc2   0x00000002   Code   RO          723    .text               c_w.l(use_no_semi.o)
    0x08007bc4   0x08007bc4   0x000000ee   Code   RO          726    .text               c_w.l(lludivv7m.o)
    0x08007cb2   0x08007cb2   0x00000016   Code   RO          728    .text               c_w.l(_rserrno.o)
    0x08007cc8   0x08007cc8   0x000000b2   Code   RO          730    .text               c_w.l(_printf_intcommon.o)
    0x08007d7a   0x08007d7a   0x0000041e   Code   RO          732    .text               c_w.l(_printf_fp_dec.o)
    0x08008198   0x08008198   0x00000024   Code   RO          734    .text               c_w.l(_printf_char_file.o)
    0x080081bc   0x080081bc   0x00000044   Code   RO          737    .text               c_w.l(rt_memclr.o)
    0x08008200   0x08008200   0x00000008   Code   RO          807    .text               c_w.l(rt_locale_intlibspace.o)
    0x08008208   0x08008208   0x00000008   Code   RO          812    .text               c_w.l(rt_errno_addr_intlibspace.o)
    0x08008210   0x08008210   0x0000008a   Code   RO          814    .text               c_w.l(lludiv10.o)
    0x0800829a   0x0800829a   0x00000002   PAD
    0x0800829c   0x0800829c   0x00000030   Code   RO          816    .text               c_w.l(_printf_char_common.o)
    0x080082cc   0x080082cc   0x00000080   Code   RO          818    .text               c_w.l(_printf_fp_infnan.o)
    0x0800834c   0x0800834c   0x000000e4   Code   RO          820    .text               c_w.l(bigflt0.o)
    0x08008430   0x08008430   0x00000008   Code   RO          845    .text               c_w.l(ferror.o)
    0x08008438   0x08008438   0x0000004e   Code   RO          852    .text               c_w.l(rt_memclr_w.o)
    0x08008486   0x08008486   0x00000002   PAD
    0x08008488   0x08008488   0x00000008   Code   RO          858    .text               c_w.l(libspace.o)
    0x08008490   0x08008490   0x0000004a   Code   RO          861    .text               c_w.l(sys_stackheap_outer.o)
    0x080084da   0x080084da   0x00000012   Code   RO          867    .text               c_w.l(exit.o)
    0x080084ec   0x080084ec   0x00000080   Code   RO          869    .text               c_w.l(strcmpv7m.o)
    0x0800856c   0x0800856c   0x0000003e   Code   RO          823    CL$$btod_d2e        c_w.l(btod.o)
    0x080085aa   0x080085aa   0x00000046   Code   RO          825    CL$$btod_d2e_denorm_low  c_w.l(btod.o)
    0x080085f0   0x080085f0   0x00000060   Code   RO          824    CL$$btod_d2e_norm_op1  c_w.l(btod.o)
    0x08008650   0x08008650   0x00000338   Code   RO          833    CL$$btod_div_common  c_w.l(btod.o)
    0x08008988   0x08008988   0x000000dc   Code   RO          830    CL$$btod_e2e        c_w.l(btod.o)
    0x08008a64   0x08008a64   0x0000002a   Code   RO          827    CL$$btod_ediv       c_w.l(btod.o)
    0x08008a8e   0x08008a8e   0x0000002a   Code   RO          826    CL$$btod_emul       c_w.l(btod.o)
    0x08008ab8   0x08008ab8   0x00000244   Code   RO          832    CL$$btod_mult_common  c_w.l(btod.o)
    0x08008cfc   0x08008cfc   0x00000028   Code   RO          780    i.__ARM_fpclassify  m_ws.l(fpclassify.o)
    0x08008d24   0x08008d24   0x000000aa   Code   RO          782    i.__kernel_poly     m_ws.l(poly.o)
    0x08008dce   0x08008dce   0x00000002   PAD
    0x08008dd0   0x08008dd0   0x00000010   Code   RO          766    i.__mathlib_dbl_divzero  m_ws.l(dunder.o)
    0x08008de0   0x08008de0   0x00000006   Code   RO          767    i.__mathlib_dbl_infnan  m_ws.l(dunder.o)
    0x08008de6   0x08008de6   0x00000004   Code   RO          768    i.__mathlib_dbl_infnan2  m_ws.l(dunder.o)
    0x08008dea   0x08008dea   0x0000000c   Code   RO          769    i.__mathlib_dbl_invalid  m_ws.l(dunder.o)
    0x08008df6   0x08008df6   0x0000000e   Code   RO          770    i.__mathlib_dbl_overflow  m_ws.l(dunder.o)
    0x08008e04   0x08008e04   0x00000010   Code   RO          772    i.__mathlib_dbl_underflow  m_ws.l(dunder.o)
    0x08008e14   0x08008e14   0x00000270   Code   RO          688    i.asin              m_ws.l(asin.o)
    0x08009084   0x08009084   0x00000220   Code   RO          757    i.atan              m_ws.l(atan.o)
    0x080092a4   0x080092a4   0x00000180   Code   RO          698    i.atan2             m_ws.l(atan2.o)
    0x08009424   0x08009424   0x000009d8   Code   RO          706    i.pow               m_ws.l(pow.o)
    0x08009dfc   0x08009dfc   0x0000004c   Code   RO          716    i.sqrt              m_ws.l(sqrt.o)
    0x08009e48   0x08009e48   0x0000002c   Code   RO          850    locale$$code        c_w.l(lc_numeric_c.o)
    0x08009e74   0x08009e74   0x00000062   Code   RO          619    x$fpl$d2f           fz_ws.l(d2f.o)
    0x08009ed6   0x08009ed6   0x00000002   PAD
    0x08009ed8   0x08009ed8   0x00000150   Code   RO          621    x$fpl$dadd          fz_ws.l(daddsub_clz.o)
    0x0800a028   0x0800a028   0x00000010   Code   RO          854    x$fpl$dcheck1       fz_ws.l(dcheck1.o)
    0x0800a038   0x0800a038   0x00000018   Code   RO          739    x$fpl$dcmpinf       fz_ws.l(dcmpi.o)
    0x0800a050   0x0800a050   0x000002b0   Code   RO          628    x$fpl$ddiv          fz_ws.l(ddiv.o)
    0x0800a300   0x0800a300   0x0000005e   Code   RO          631    x$fpl$dfix          fz_ws.l(dfix.o)
    0x0800a35e   0x0800a35e   0x00000002   PAD
    0x0800a360   0x0800a360   0x0000005a   Code   RO          635    x$fpl$dfixu         fz_ws.l(dfixu.o)
    0x0800a3ba   0x0800a3ba   0x0000002e   Code   RO          640    x$fpl$dflt          fz_ws.l(dflt_clz.o)
    0x0800a3e8   0x0800a3e8   0x00000026   Code   RO          639    x$fpl$dfltu         fz_ws.l(dflt_clz.o)
    0x0800a40e   0x0800a40e   0x00000002   PAD
    0x0800a410   0x0800a410   0x00000078   Code   RO          645    x$fpl$dleqf         fz_ws.l(dleqf.o)
    0x0800a488   0x0800a488   0x00000154   Code   RO          647    x$fpl$dmul          fz_ws.l(dmul.o)
    0x0800a5dc   0x0800a5dc   0x0000009c   Code   RO          741    x$fpl$dnaninf       fz_ws.l(dnaninf.o)
    0x0800a678   0x0800a678   0x0000000c   Code   RO          743    x$fpl$dretinf       fz_ws.l(dretinf.o)
    0x0800a684   0x0800a684   0x0000006c   Code   RO          649    x$fpl$drleqf        fz_ws.l(drleqf.o)
    0x0800a6f0   0x0800a6f0   0x00000016   Code   RO          622    x$fpl$drsb          fz_ws.l(daddsub_clz.o)
    0x0800a706   0x0800a706   0x00000002   PAD
    0x0800a708   0x0800a708   0x000001cc   Code   RO          745    x$fpl$dsqrt         fz_ws.l(dsqrt_noumaal.o)
    0x0800a8d4   0x0800a8d4   0x000001d4   Code   RO          623    x$fpl$dsub          fz_ws.l(daddsub_clz.o)
    0x0800aaa8   0x0800aaa8   0x00000056   Code   RO          651    x$fpl$f2d           fz_ws.l(f2d.o)
    0x0800aafe   0x0800aafe   0x00000002   PAD
    0x0800ab00   0x0800ab00   0x000000c4   Code   RO          653    x$fpl$fadd          fz_ws.l(faddsub_clz.o)
    0x0800abc4   0x0800abc4   0x00000018   Code   RO          747    x$fpl$fcmpinf       fz_ws.l(fcmpi.o)
    0x0800abdc   0x0800abdc   0x00000184   Code   RO          660    x$fpl$fdiv          fz_ws.l(fdiv.o)
    0x0800ad60   0x0800ad60   0x00000068   Code   RO          663    x$fpl$feqf          fz_ws.l(feqf.o)
    0x0800adc8   0x0800adc8   0x00000036   Code   RO          665    x$fpl$ffix          fz_ws.l(ffix.o)
    0x0800adfe   0x0800adfe   0x00000002   PAD
    0x0800ae00   0x0800ae00   0x0000003e   Code   RO          669    x$fpl$ffixu         fz_ws.l(ffixu.o)
    0x0800ae3e   0x0800ae3e   0x00000002   PAD
    0x0800ae40   0x0800ae40   0x00000030   Code   RO          674    x$fpl$fflt          fz_ws.l(fflt_clz.o)
    0x0800ae70   0x0800ae70   0x00000026   Code   RO          673    x$fpl$ffltu         fz_ws.l(fflt_clz.o)
    0x0800ae96   0x0800ae96   0x00000002   PAD
    0x0800ae98   0x0800ae98   0x00000068   Code   RO          679    x$fpl$fleqf         fz_ws.l(fleqf.o)
    0x0800af00   0x0800af00   0x00000102   Code   RO          681    x$fpl$fmul          fz_ws.l(fmul.o)
    0x0800b002   0x0800b002   0x0000008c   Code   RO          749    x$fpl$fnaninf       fz_ws.l(fnaninf.o)
    0x0800b08e   0x0800b08e   0x0000000a   Code   RO          751    x$fpl$fretinf       fz_ws.l(fretinf.o)
    0x0800b098   0x0800b098   0x00000062   Code   RO          683    x$fpl$frleqf        fz_ws.l(frleqf.o)
    0x0800b0fa   0x0800b0fa   0x00000014   Code   RO          654    x$fpl$frsb          fz_ws.l(faddsub_clz.o)
    0x0800b10e   0x0800b10e   0x00000002   PAD
    0x0800b110   0x0800b110   0x000000ea   Code   RO          655    x$fpl$fsub          fz_ws.l(faddsub_clz.o)
    0x0800b1fa   0x0800b1fa   0x00000004   Code   RO          685    x$fpl$printf1       fz_ws.l(printf1.o)
    0x0800b1fe   0x0800b1fe   0x00000064   Code   RO          922    x$fpl$retnan        fz_ws.l(retnan.o)
    0x0800b262   0x0800b262   0x0000005c   Code   RO          753    x$fpl$scalbn        fz_ws.l(scalbn.o)
    0x0800b2be   0x0800b2be   0x00000030   Code   RO          934    x$fpl$trapveneer    fz_ws.l(trapv.o)
    0x0800b2ee   0x0800b2ee   0x00000000   Code   RO          755    x$fpl$usenofp       fz_ws.l(usenofp.o)
    0x0800b2ee   0x0800b2ee   0x00000818   Data   RO          303    .constdata          oled_i2c.o
    0x0800bb06   0x0800bb06   0x00000002   PAD
    0x0800bb08   0x0800bb08   0x00000050   Data   RO          489    .constdata          inv_mpu.o
    0x0800bb58   0x0800bb58   0x00000bf6   Data   RO          514    .constdata          inv_mpu_dmp_motion_driver.o
    0x0800c74e   0x0800c74e   0x00000002   PAD
    0x0800c750   0x0800c750   0x00000050   Data   RO          689    .constdata          m_ws.l(asin.o)
    0x0800c7a0   0x0800c7a0   0x00000088   Data   RO          707    .constdata          m_ws.l(pow.o)
    0x0800c828   0x0800c828   0x00000098   Data   RO          758    .constdata          m_ws.l(atan.o)
    0x0800c8c0   0x0800c8c0   0x00000008   Data   RO          784    .constdata          m_ws.l(qnan.o)
    0x0800c8c8   0x0800c8c8   0x00000094   Data   RO          821    .constdata          c_w.l(bigflt0.o)
    0x0800c95c   0x0800c95c   0x0000004e   Data   RO          490    .conststring        inv_mpu.o
    0x0800c9aa   0x0800c9aa   0x00000002   PAD
    0x0800c9ac   0x0800c9ac   0x00000020   Data   RO         1005    Region$$Table       anon$$obj.o
    0x0800c9cc   0x0800c9cc   0x0000001c   Data   RO          849    locale$$data        c_w.l(lc_numeric_c.o)


    Execution Region RW_IRAM1 (Exec base: 0x20000000, Load base: 0x0800c9e8, Size: 0x00000f40, Max: 0x00005000, ABSOLUTE, COMPRESSED[0x000002cc])

    Exec Addr    Load Addr    Size         Type   Attr      Idx    E Section Name        Object

    0x20000000   COMPRESSED   0x000000ee   Data   RW            2    .data               main.o
    0x200000ee   COMPRESSED   0x00000002   PAD
    0x200000f0   COMPRESSED   0x00000014   Data   RW          206    .data               system_stm32f10x.o
    0x20000104   COMPRESSED   0x00000002   Data   RW          259    .data               motor.o
    0x20000106   COMPRESSED   0x00000002   PAD
    0x20000108   COMPRESSED   0x00000028   Data   RW          274    .data               control.o
    0x20000130   COMPRESSED   0x00000560   Data   RW          304    .data               oled_i2c.o
    0x20000690   COMPRESSED   0x00000004   Data   RW          320    .data               delay.o
    0x20000694   COMPRESSED   0x00000006   Data   RW          352    .data               usart.o
    0x2000069a   COMPRESSED   0x00000014   Data   RW          403    .data               stm32f10x_rcc.o
    0x200006ae   COMPRESSED   0x00000002   PAD
    0x200006b0   COMPRESSED   0x0000002c   Data   RW          491    .data               inv_mpu.o
    0x200006dc   COMPRESSED   0x00000054   Data   RW          529    .data               filter.o
    0x20000730   COMPRESSED   0x00000030   Data   RW          548    .data               mpu6050.o
    0x20000760        -       0x000000c8   Zero   RW          351    .bss                usart.o
    0x20000828        -       0x00000010   Zero   RW          513    .bss                inv_mpu_dmp_motion_driver.o
    0x20000838        -       0x00000010   Zero   RW          528    .bss                filter.o
    0x20000848        -       0x00000092   Zero   RW          547    .bss                mpu6050.o
    0x200008da   COMPRESSED   0x00000002   PAD
    0x200008dc        -       0x00000060   Zero   RW          859    .bss                c_w.l(libspace.o)
    0x2000093c   COMPRESSED   0x00000004   PAD
    0x20000940        -       0x00000200   Zero   RW          384    HEAP                startup_stm32f10x_md.o
    0x20000b40        -       0x00000400   Zero   RW          383    STACK               startup_stm32f10x_md.o


==============================================================================

Image component sizes


      Code (inc. data)   RO Data    RW Data    ZI Data      Debug   Object Name

      1608        194          0         40          0       3894   control.o
       212         18          0          4          0       1147   delay.o
       908         86          0         84         16       2904   filter.o
      7824        172        158         44          0      21751   inv_mpu.o
      3440        126       3062          0         16      15263   inv_mpu_dmp_motion_driver.o
      1314         12          0          0          0       5910   ioi2c.o
        52          6          0          0          0        539   led.o
      1372        234          0        238          0     264825   main.o
       220         22          0          0          0       1905   misc.o
       604         32          0          2          0       2729   motor.o
      2332        472          0         48        146      21007   mpu6050.o
      1432         32       2072       1376          0       5405   oled_i2c.o
      1084        138          0          0          0       2681   pwm.o
        64         26        236          0       1536        824   startup_stm32f10x_md.o
       860         38          0          0          0       5837   stm32f10x_gpio.o
      1028         16          0          0          0       9331   stm32f10x_i2c.o
        26          0          0          0          0       1234   stm32f10x_it.o
       932         36          0         20          0       9068   stm32f10x_rcc.o
      3610         88          0          0          0      22944   stm32f10x_tim.o
      1032         22          0          0          0       8564   stm32f10x_usart.o
         0          0          0          0          0         32   sys.o
       480         38          0         20          0       1899   system_stm32f10x.o
       320         16          0          6        200       3342   usart.o

    ----------------------------------------------------------------------
     30760       1824       5566       1888       1916     413035   Object Totals
         0          0         32          0          0          0   (incl. Generated)
         6          0          6          6          2          0   (incl. Padding)

    ----------------------------------------------------------------------

      Code (inc. data)   RO Data    RW Data    ZI Data      Debug   Library Member Name

        90          0          0          0          0          0   __dczerorl2.o
         8          0          0          0          0         68   __main.o
       104          0          0          0          0         84   __printf.o
         0          0          0          0          0          0   __rtentry.o
        12          0          0          0          0          0   __rtentry2.o
         6          0          0          0          0          0   __rtentry4.o
        52          8          0          0          0          0   __scatter.o
        28          0          0          0          0          0   __scatter_zi.o
        48          6          0          0          0         96   _printf_char_common.o
        36          4          0          0          0         80   _printf_char_file.o
         6          0          0          0          0          0   _printf_d.o
       120         16          0          0          0         92   _printf_dec.o
         6          0          0          0          0          0   _printf_f.o
      1054          0          0          0          0        216   _printf_fp_dec.o
       128         16          0          0          0         84   _printf_fp_infnan.o
       178          0          0          0          0         88   _printf_intcommon.o
         0          0          0          0          0          0   _printf_percent.o
         4          0          0          0          0          0   _printf_percent_end.o
        22          0          0          0          0        100   _rserrno.o
        16          0          0          0          0         68   aeabi_memset.o
       228          4        148          0          0         96   bigflt0.o
      1936        128          0          0          0        672   btod.o
        18          0          0          0          0         80   exit.o
         8          0          0          0          0         68   ferror.o
         6          0          0          0          0        152   heapauxi.o
        44         10         28          0          0         76   lc_numeric_c.o
         2          0          0          0          0          0   libinit.o
        18          0          0          0          0          0   libinit2.o
         2          0          0          0          0          0   libshutdown.o
         2          0          0          0          0          0   libshutdown2.o
         8          4          0          0         96         68   libspace.o
        72          0          0          0          0         76   llsdiv.o
       138          0          0          0          0         80   lludiv10.o
       238          0          0          0          0        100   lludivv7m.o
        88          0          0          0          0         76   memcmp.o
        24          4          0          0          0         84   noretval__2printf.o
         8          4          0          0          0         68   rt_errno_addr_intlibspace.o
         8          4          0          0          0         68   rt_locale_intlibspace.o
        68          0          0          0          0         68   rt_memclr.o
        78          0          0          0          0         80   rt_memclr_w.o
         2          0          0          0          0          0   rtexit.o
        10          0          0          0          0          0   rtexit2.o
       128          0          0          0          0         68   strcmpv7m.o
        74          0          0          0          0         80   sys_stackheap_outer.o
         2          0          0          0          0         68   use_no_semi.o
         2          0          0          0          0         68   use_no_semi_2.o
        98          4          0          0          0         92   d2f.o
       826         16          0          0          0        348   daddsub_clz.o
        16          4          0          0          0         68   dcheck1.o
        24          0          0          0          0         68   dcmpi.o
       688        140          0          0          0        208   ddiv.o
        94          4          0          0          0         92   dfix.o
        90          4          0          0          0         92   dfixu.o
        84          0          0          0          0        136   dflt_clz.o
       120          4          0          0          0         92   dleqf.o
       340         12          0          0          0        104   dmul.o
       156          4          0          0          0         92   dnaninf.o
        12          0          0          0          0         68   dretinf.o
       108          0          0          0          0         80   drleqf.o
       460         56          0          0          0        120   dsqrt_noumaal.o
        86          4          0          0          0         84   f2d.o
       450          8          0          0          0        236   faddsub_clz.o
        24          0          0          0          0         68   fcmpi.o
       388         76          0          0          0         96   fdiv.o
       104          4          0          0          0         84   feqf.o
        54          4          0          0          0         84   ffix.o
        62          4          0          0          0         84   ffixu.o
        86          0          0          0          0        136   fflt_clz.o
       104          4          0          0          0         84   fleqf.o
       258          4          0          0          0         84   fmul.o
       140          4          0          0          0         84   fnaninf.o
        10          0          0          0          0         68   fretinf.o
        98          0          0          0          0         68   frleqf.o
         4          0          0          0          0         68   printf1.o
       100          0          0          0          0         68   retnan.o
        92          0          0          0          0         68   scalbn.o
        48          0          0          0          0         68   trapv.o
         0          0          0          0          0          0   usenofp.o
       624         52         80          0          0        168   asin.o
       544         70        152          0          0        124   atan.o
       384         38          0          0          0        144   atan2.o
        68         10          0          0          0        408   dunder.o
        40          0          0          0          0         68   fpclassify.o
       170          0          0          0          0         96   poly.o
      2520        190        136          0          0        324   pow.o
         0          0          8          0          0          0   qnan.o
        76          0          0          0          0         84   sqrt.o

    ----------------------------------------------------------------------
     14810        928        552          0        100       7780   Library Totals
        30          0          0          0          4          0   (incl. Padding)

    ----------------------------------------------------------------------

      Code (inc. data)   RO Data    RW Data    ZI Data      Debug   Library Name

      5130        208        176          0         96       3172   c_w.l
      5224        360          0          0          0       3192   fz_ws.l
      4426        360        376          0          0       1416   m_ws.l

    ----------------------------------------------------------------------
     14810        928        552          0        100       7780   Library Totals

    ----------------------------------------------------------------------

==============================================================================


      Code (inc. data)   RO Data    RW Data    ZI Data      Debug   

     45570       2752       6118       1888       2016     414519   Grand Totals
     45570       2752       6118        716       2016     414519   ELF Image Totals (compressed)
     45570       2752       6118        716          0          0   ROM Totals

==============================================================================

    Total RO  Size (Code + RO Data)                51688 (  50.48kB)
    Total RW  Size (RW Data + ZI Data)              3904 (   3.81kB)
    Total ROM Size (Code + RO Data + RW Data)      52404 (  51.18kB)

==============================================================================

