Component: ARM Compiler 5.06 update 6 (build 750) Tool: armlink [4d35ed]

==============================================================================

Section Cross References

    main.o(.text) refers to _printf_percent.o(.ARM.Collect$$_printf_percent$$00000000) for _printf_percent
    main.o(.text) refers to _printf_d.o(.ARM.Collect$$_printf_percent$$00000009) for _printf_d
    main.o(.text) refers to _printf_dec.o(.text) for _printf_int_dec
    main.o(.text) refers to _printf_f.o(.ARM.Collect$$_printf_percent$$00000003) for _printf_f
    main.o(.text) refers to printf1.o(x$fpl$printf1) for _printf_fp_dec
    main.o(.text) refers to faddsub_clz.o(x$fpl$fsub) for __aeabi_fsub
    main.o(.text) refers to frleqf.o(x$fpl$frleqf) for __aeabi_cfrcmple
    main.o(.text) refers to fleqf.o(x$fpl$fleqf) for __aeabi_cfcmple
    main.o(.text) refers to delay.o(.text) for delay_init
    main.o(.text) refers to motor.o(.text) for Motor_Init
    main.o(.text) refers to led.o(.text) for LED_Init
    main.o(.text) refers to usart.o(.text) for uart_init
    main.o(.text) refers to pwm.o(.text) for TIM1_PWM_Init
    main.o(.text) refers to ioi2c.o(.text) for IIC_Init
    main.o(.text) refers to mpu6050.o(.text) for MPU6050_initialize
    main.o(.text) refers to ffix.o(x$fpl$ffix) for __aeabi_f2iz
    main.o(.text) refers to fflt_clz.o(x$fpl$fflt) for __aeabi_i2f
    main.o(.text) refers to control.o(.text) for balance_X
    main.o(.text) refers to noretval__2printf.o(.text) for __2printf
    main.o(.text) refers to f2d.o(x$fpl$f2d) for __aeabi_f2d
    main.o(.text) refers to main.o(.data) for Gyro_Balance_X
    system_stm32f10x.o(.text) refers to system_stm32f10x.o(.data) for SystemCoreClock
    led.o(.text) refers to stm32f10x_rcc.o(.text) for RCC_APB2PeriphClockCmd
    led.o(.text) refers to stm32f10x_gpio.o(.text) for GPIO_Init
    pwm.o(.text) refers to stm32f10x_rcc.o(.text) for RCC_APB1PeriphClockCmd
    pwm.o(.text) refers to stm32f10x_gpio.o(.text) for GPIO_Init
    pwm.o(.text) refers to stm32f10x_tim.o(.text) for TIM_DeInit
    pwm.o(.text) refers to misc.o(.text) for NVIC_Init
    motor.o(.text) refers to stm32f10x_rcc.o(.text) for RCC_APB2PeriphClockCmd
    motor.o(.text) refers to stm32f10x_gpio.o(.text) for GPIO_Init
    motor.o(.text) refers to pow.o(i.pow) for pow
    motor.o(.text) refers to dflt_clz.o(x$fpl$dfltu) for __aeabi_ui2d
    motor.o(.text) refers to dmul.o(x$fpl$dmul) for __aeabi_dmul
    motor.o(.text) refers to ddiv.o(x$fpl$ddiv) for __aeabi_ddiv
    motor.o(.text) refers to dfixu.o(x$fpl$dfixu) for __aeabi_d2uiz
    motor.o(.text) refers to delay.o(.text) for delay_us
    motor.o(.text) refers to stm32f10x_tim.o(.text) for TIM_ARRPreloadConfig
    motor.o(.text) refers to stm32f10x_usart.o(.text) for USART_SendData
    motor.o(.text) refers to motor.o(.data) for sub_num
    control.o(.text) refers to fmul.o(x$fpl$fmul) for __aeabi_fmul
    control.o(.text) refers to faddsub_clz.o(x$fpl$fadd) for __aeabi_fadd
    control.o(.text) refers to ffix.o(x$fpl$ffix) for __aeabi_f2iz
    control.o(.text) refers to f2d.o(x$fpl$f2d) for __aeabi_f2d
    control.o(.text) refers to sqrt.o(i.sqrt) for sqrt
    control.o(.text) refers to ddiv.o(x$fpl$ddiv) for __aeabi_ddiv
    control.o(.text) refers to dmul.o(x$fpl$dmul) for __aeabi_dmul
    control.o(.text) refers to daddsub_clz.o(x$fpl$dadd) for __aeabi_dadd
    control.o(.text) refers to dfix.o(x$fpl$dfix) for __aeabi_d2iz
    control.o(.text) refers to daddsub_clz.o(x$fpl$dsub) for __aeabi_dsub
    control.o(.text) refers to faddsub_clz.o(x$fpl$fsub) for __aeabi_fsub
    control.o(.text) refers to fflt_clz.o(x$fpl$fflt) for __aeabi_i2f
    control.o(.text) refers to fdiv.o(x$fpl$fdiv) for __aeabi_fdiv
    control.o(.text) refers to main.o(.data) for Target_A
    ioi2c.o(.text) refers to stm32f10x_rcc.o(.text) for RCC_APB2PeriphClockCmd
    ioi2c.o(.text) refers to stm32f10x_gpio.o(.text) for GPIO_Init
    ioi2c.o(.text) refers to delay.o(.text) for delay_us
    delay.o(.text) refers to misc.o(.text) for SysTick_CLKSourceConfig
    delay.o(.text) refers to system_stm32f10x.o(.data) for SystemCoreClock
    delay.o(.text) refers to delay.o(.data) for fac_us
    usart.o(.text) refers (Special) to use_no_semi_2.o(.text) for __use_no_semihosting
    usart.o(.text) refers to stm32f10x_rcc.o(.text) for RCC_APB2PeriphClockCmd
    usart.o(.text) refers to stm32f10x_gpio.o(.text) for GPIO_Init
    usart.o(.text) refers to misc.o(.text) for NVIC_Init
    usart.o(.text) refers to stm32f10x_usart.o(.text) for USART_Init
    usart.o(.text) refers to usart.o(.data) for USART_RX_STA
    usart.o(.text) refers to usart.o(.bss) for USART_RX_BUF
    usart.o(.bss) refers (Special) to use_no_semi_2.o(.text) for __use_no_semihosting
    usart.o(.data) refers (Special) to use_no_semi_2.o(.text) for __use_no_semihosting
    startup_stm32f10x_md.o(STACK) refers (Special) to heapauxi.o(.text) for __use_two_region_memory
[...]
    _getenv_init                              - Undefined Weak Reference
    _handle_redirection                       - Undefined Weak Reference
    _init_alloc                               - Undefined Weak Reference
    _init_user_alloc                          - Undefined Weak Reference
    _initio                                   - Undefined Weak Reference
    _mutex_acquire                            - Undefined Weak Reference
    _mutex_release                            - Undefined Weak Reference
    _printf_post_padding                      - Undefined Weak Reference
    _printf_pre_padding                       - Undefined Weak Reference
    _printf_truncate_signed                   - Undefined Weak Reference
    _printf_truncate_unsigned                 - Undefined Weak Reference
    _rand_init                                - Undefined Weak Reference
    _signal_finish                            - Undefined Weak Reference
    _signal_init                              - Undefined Weak Reference
    _terminate_alloc                          - Undefined Weak Reference
    _terminate_user_alloc                     - Undefined Weak Reference
    _terminateio                              - Undefined Weak Reference
    __Vectors_Size                           0x000000ec   Number         0  startup_stm32f10x_md.o ABSOLUTE
    __Vectors                                0x08000000   Data           4  startup_stm32f10x_md.o(RESET)
    __Vectors_End                            0x080000ec   Data           0  startup_stm32f10x_md.o(RESET)
    __main                                   0x080000ed   Thumb Code     8  __main.o(!!!main)
    __scatterload                            0x080000f5   Thumb Code     0  __scatter.o(!!!scatter)
    __scatterload_rt2                        0x080000f5   Thumb Code    44  __scatter.o(!!!scatter)
    __scatterload_rt2_thumb_only             0x080000f5   Thumb Code     0  __scatter.o(!!!scatter)
    __scatterload_null                       0x08000103   Thumb Code     0  __scatter.o(!!!scatter)
    __decompress                             0x08000129   Thumb Code    90  __dczerorl2.o(!!dczerorl2)
    __decompress1                            0x08000129   Thumb Code     0  __dczerorl2.o(!!dczerorl2)
    __scatterload_zeroinit                   0x08000185   Thumb Code    28  __scatter_zi.o(!!handler_zi)
    _printf_f                                0x080001a1   Thumb Code     0  _printf_f.o(.ARM.Collect$$_printf_percent$$00000003)
    _printf_percent                          0x080001a1   Thumb Code     0  _printf_percent.o(.ARM.Collect$$_printf_percent$$00000000)
    _printf_d                                0x080001a7   Thumb Code     0  _printf_d.o(.ARM.Collect$$_printf_percent$$00000009)
    _printf_percent_end                      0x080001ad   Thumb Code     0  _printf_percent_end.o(.ARM.Collect$$_printf_percent$$00000017)
    __rt_lib_init                            0x080001b1   Thumb Code     0  libinit.o(.ARM.Collect$$libinit$$00000000)
    __rt_lib_init_fp_1                       0x080001b3   Thumb Code     0  libinit2.o(.ARM.Collect$$libinit$$00000002)
    __rt_lib_init_heap_1                     0x080001b3   Thumb Code     0  libinit2.o(.ARM.Collect$$libinit$$0000000A)
    __rt_lib_init_lc_common                  0x080001b3   Thumb Code     0  libinit2.o(.ARM.Collect$$libinit$$0000000F)
    __rt_lib_init_preinit_1                  0x080001b3   Thumb Code     0  libinit2.o(.ARM.Collect$$libinit$$00000004)
    __rt_lib_init_rand_1                     0x080001b3   Thumb Code     0  libinit2.o(.ARM.Collect$$libinit$$0000000E)
    __rt_lib_init_user_alloc_1               0x080001b3   Thumb Code     0  libinit2.o(.ARM.Collect$$libinit$$0000000C)
    __rt_lib_init_lc_collate_1               0x080001b9   Thumb Code     0  libinit2.o(.ARM.Collect$$libinit$$00000011)
    __rt_lib_init_lc_ctype_1                 0x080001b9   Thumb Code     0  libinit2.o(.ARM.Collect$$libinit$$00000013)
    __rt_lib_init_lc_monetary_1              0x080001b9   Thumb Code     0  libinit2.o(.ARM.Collect$$libinit$$00000015)
    __rt_lib_init_lc_numeric_2               0x080001b9   Thumb Code     0  libinit2.o(.ARM.Collect$$libinit$$00000016)
    __rt_lib_init_alloca_1                   0x080001c3   Thumb Code     0  libinit2.o(.ARM.Collect$$libinit$$0000002E)
    __rt_lib_init_argv_1                     0x080001c3   Thumb Code     0  libinit2.o(.ARM.Collect$$libinit$$0000002C)
    __rt_lib_init_atexit_1                   0x080001c3   Thumb Code     0  libinit2.o(.ARM.Collect$$libinit$$0000001B)
    __rt_lib_init_clock_1                    0x080001c3   Thumb Code     0  libinit2.o(.ARM.Collect$$libinit$$00000021)
    __rt_lib_init_cpp_1                      0x080001c3   Thumb Code     0  libinit2.o(.ARM.Collect$$libinit$$00000032)
    __rt_lib_init_exceptions_1               0x080001c3   Thumb Code     0  libinit2.o(.ARM.Collect$$libinit$$00000030)
    __rt_lib_init_fp_trap_1                  0x080001c3   Thumb Code     0  libinit2.o(.ARM.Collect$$libinit$$0000001F)
    __rt_lib_init_getenv_1                   0x080001c3   Thumb Code     0  libinit2.o(.ARM.Collect$$libinit$$00000023)
    __rt_lib_init_lc_numeric_1               0x080001c3   Thumb Code     0  libinit2.o(.ARM.Collect$$libinit$$00000017)
    __rt_lib_init_lc_time_1                  0x080001c3   Thumb Code     0  libinit2.o(.ARM.Collect$$libinit$$00000019)
    __rt_lib_init_return                     0x080001c3   Thumb Code     0  libinit2.o(.ARM.Collect$$libinit$$00000033)
    __rt_lib_init_signal_1                   0x080001c3   Thumb Code     0  libinit2.o(.ARM.Collect$$libinit$$0000001D)
    __rt_lib_init_stdio_1                    0x080001c3   Thumb Code     0  libinit2.o(.ARM.Collect$$libinit$$00000025)
    __rt_lib_shutdown                        0x080001c5   Thumb Code     0  libshutdown.o(.ARM.Collect$$libshutdown$$00000000)
    __rt_lib_shutdown_cpp_1                  0x080001c7   Thumb Code     0  libshutdown2.o(.ARM.Collect$$libshutdown$$00000002)
    __rt_lib_shutdown_fp_trap_1              0x080001c7   Thumb Code     0  libshutdown2.o(.ARM.Collect$$libshutdown$$00000007)
    __rt_lib_shutdown_heap_1                 0x080001c7   Thumb Code     0  libshutdown2.o(.ARM.Collect$$libshutdown$$0000000F)
    __rt_lib_shutdown_return                 0x080001c7   Thumb Code     0  libshutdown2.o(.ARM.Collect$$libshutdown$$00000010)
    __rt_lib_shutdown_signal_1               0x080001c7   Thumb Code     0  libshutdown2.o(.ARM.Collect$$libshutdown$$0000000A)
    __rt_lib_shutdown_stdio_1                0x080001c7   Thumb Code     0  libshutdown2.o(.ARM.Collect$$libshutdown$$00000004)
    __rt_lib_shutdown_user_alloc_1           0x080001c7   Thumb Code     0  libshutdown2.o(.ARM.Collect$$libshutdown$$0000000C)
    __rt_entry                               0x080001c9   Thumb Code     0  __rtentry.o(.ARM.Collect$$rtentry$$00000000)
    __rt_entry_presh_1                       0x080001c9   Thumb Code     0  __rtentry2.o(.ARM.Collect$$rtentry$$00000002)
    __rt_entry_sh                            0x080001c9   Thumb Code     0  __rtentry4.o(.ARM.Collect$$rtentry$$00000004)
    __rt_entry_li                            0x080001cf   Thumb Code     0  __rtentry2.o(.ARM.Collect$$rtentry$$0000000A)
    __rt_entry_postsh_1                      0x080001cf   Thumb Code     0  __rtentry2.o(.ARM.Collect$$rtentry$$00000009)
    __rt_entry_main                          0x080001d3   Thumb Code     0  __rtentry2.o(.ARM.Collect$$rtentry$$0000000D)
    __rt_entry_postli_1                      0x080001d3   Thumb Code     0  __rtentry2.o(.ARM.Collect$$rtentry$$0000000C)
    __rt_exit                                0x080001db   Thumb Code     0  rtexit.o(.ARM.Collect$$rtexit$$00000000)
    __rt_exit_ls                             0x080001dd   Thumb Code     0  rtexit2.o(.ARM.Collect$$rtexit$$00000003)
    __rt_exit_prels_1                        0x080001dd   Thumb Code     0  rtexit2.o(.ARM.Collect$$rtexit$$00000002)
    __rt_exit_exit                           0x080001e1   Thumb Code     0  rtexit2.o(.ARM.Collect$$rtexit$$00000004)
    scope                                    0x080001e9   Thumb Code   292  main.o(.text)
    main                                     0x0800030d   Thumb Code   692  main.o(.text)
    NMI_Handler                              0x08000711   Thumb Code     2  stm32f10x_it.o(.text)
    HardFault_Handler                        0x08000713   Thumb Code     4  stm32f10x_it.o(.text)
    MemManage_Handler                        0x08000717   Thumb Code     4  stm32f10x_it.o(.text)
    BusFault_Handler                         0x0800071b   Thumb Code     4  stm32f10x_it.o(.text)
    UsageFault_Handler                       0x0800071f   Thumb Code     4  stm32f10x_it.o(.text)
    SVC_Handler                              0x08000723   Thumb Code     2  stm32f10x_it.o(.text)
    DebugMon_Handler                         0x08000725   Thumb Code     2  stm32f10x_it.o(.text)
    PendSV_Handler                           0x08000727   Thumb Code     2  stm32f10x_it.o(.text)
    SysTick_Handler                          0x08000729   Thumb Code     2  stm32f10x_it.o(.text)
    SystemInit                               0x0800080b   Thumb Code    78  system_stm32f10x.o(.text)
    SystemCoreClockUpdate                    0x08000859   Thumb Code   142  system_stm32f10x.o(.text)
    LED_Init                                 0x0800090d   Thumb Code    46  led.o(.text)
    TIM1_PWM_Init                            0x08000941   Thumb Code   186  pwm.o(.text)
    TIM2_IRQHandler                          0x080009fb   Thumb Code    22  pwm.o(.text)
    TIM3_PWM_Init                            0x08000a11   Thumb Code   182  pwm.o(.text)
    TIM3_IRQHandler                          0x08000ac7   Thumb Code    22  pwm.o(.text)
    TIM4_PWM_Init                            0x08000add   Thumb Code   184  pwm.o(.text)
    TIM4_IRQHandler                          0x08000b95   Thumb Code    22  pwm.o(.text)
    Motor_Init                               0x08000bbd   Thumb Code    78  motor.o(.text)
    get_CCR                                  0x08000c0b   Thumb Code   120  motor.o(.text)
    Step_Control                             0x08000c83   Thumb Code    82  motor.o(.text)
    set_motorA_speed                         0x08000cd5   Thumb Code    94  motor.o(.text)
    set_motorB_speed                         0x08000d33   Thumb Code    94  motor.o(.text)
    set_motorC_speed                         0x08000d91   Thumb Code    76  motor.o(.text)
    set_motor                                0x08000ddd   Thumb Code    82  motor.o(.text)
    Kinematic_Analysis                       0x08000e51   Thumb Code   282  control.o(.text)
    Encoder_Analysis                         0x08000f6b   Thumb Code   124  control.o(.text)
    balance_Z                                0x08000fe7   Thumb Code    94  control.o(.text)
    balance_Y                                0x08001045   Thumb Code    62  control.o(.text)
    balance_X                                0x08001083   Thumb Code    62  control.o(.text)
    IIC_Init                                 0x080010f5   Thumb Code    64  ioi2c.o(.text)
    IIC_Start                                0x08001135   Thumb Code    92  ioi2c.o(.text)
    IIC_Stop                                 0x08001191   Thumb Code    64  ioi2c.o(.text)
    IIC_Wait_Ack                             0x080011d1   Thumb Code    92  ioi2c.o(.text)
    IIC_Ack                                  0x0800122d   Thumb Code    68  ioi2c.o(.text)
    IIC_NAck                                 0x08001271   Thumb Code    66  ioi2c.o(.text)
    IIC_Send_Byte                            0x080012b3   Thumb Code    90  ioi2c.o(.text)
    i2cWrite                                 0x0800130d   Thumb Code    96  ioi2c.o(.text)
    IIC_Read_Byte                            0x0800136d   Thumb Code   100  ioi2c.o(.text)
    i2cRead                                  0x080013d1   Thumb Code   118  ioi2c.o(.text)
    I2C_ReadOneByte                          0x08001447   Thumb Code    70  ioi2c.o(.text)
    IICreadBytes                             0x0800148d   Thumb Code   112  ioi2c.o(.text)
    IICwriteBytes                            0x080014fd   Thumb Code    70  ioi2c.o(.text)
    IICreadByte                              0x08001543   Thumb Code    22  ioi2c.o(.text)
    IICwriteByte                             0x08001559   Thumb Code    20  ioi2c.o(.text)
    IICwriteBits                             0x0800156d   Thumb Code   106  ioi2c.o(.text)
    IICwriteBit                              0x080015d7   Thumb Code    64  ioi2c.o(.text)
    delay_init                               0x08001619   Thumb Code    50  delay.o(.text)
    delay_us                                 0x0800164b   Thumb Code    72  delay.o(.text)
    delay_ms                                 0x08001693   Thumb Code    72  delay.o(.text)
    _sys_exit                                0x080016ed   Thumb Code     6  usart.o(.text)
    fputc                                    0x080016f3   Thumb Code    24  usart.o(.text)
    uart_init                                0x0800170b   Thumb Code   152  usart.o(.text)
    USART1_IRQHandler                        0x080017a3   Thumb Code   122  usart.o(.text)
    Reset_Handler                            0x0800182d   Thumb Code     8  startup_stm32f10x_md.o(.text)
    ADC1_2_IRQHandler                        0x08001847   Thumb Code     0  startup_stm32f10x_md.o(.text)
    CAN1_RX1_IRQHandler                      0x08001847   Thumb Code     0  startup_stm32f10x_md.o(.text)
    CAN1_SCE_IRQHandler                      0x08001847   Thumb Code     0  startup_stm32f10x_md.o(.text)
    DMA1_Channel1_IRQHandler                 0x08001847   Thumb Code     0  startup_stm32f10x_md.o(.text)
    DMA1_Channel2_IRQHandler                 0x08001847   Thumb Code     0  startup_stm32f10x_md.o(.text)
    DMA1_Channel3_IRQHandler                 0x08001847   Thumb Code     0  startup_stm32f10x_md.o(.text)
    DMA1_Channel4_IRQHandler                 0x08001847   Thumb Code     0  startup_stm32f10x_md.o(.text)
    DMA1_Channel5_IRQHandler                 0x08001847   Thumb Code     0  startup_stm32f10x_md.o(.text)
    DMA1_Channel6_IRQHandler                 0x08001847   Thumb Code     0  startup_stm32f10x_md.o(.text)
    DMA1_Channel7_IRQHandler                 0x08001847   Thumb Code     0  startup_stm32f10x_md.o(.text)
    EXTI0_IRQHandler                         0x08001847   Thumb Code     0  startup_stm32f10x_md.o(.text)
    EXTI15_10_IRQHandler                     0x08001847   Thumb Code     0  startup_stm32f10x_md.o(.text)
    EXTI1_IRQHandler                         0x08001847   Thumb Code     0  startup_stm32f10x_md.o(.text)
    EXTI2_IRQHandler                         0x08001847   Thumb Code     0  startup_stm32f10x_md.o(.text)
    EXTI3_IRQHandler                         0x08001847   Thumb Code     0  startup_stm32f10x_md.o(.text)
    EXTI4_IRQHandler                         0x08001847   Thumb Code     0  startup_stm32f10x_md.o(.text)
    EXTI9_5_IRQHandler                       0x08001847   Thumb Code     0  startup_stm32f10x_md.o(.text)
    FLASH_IRQHandler                         0x08001847   Thumb Code     0  startup_stm32f10x_md.o(.text)
    I2C1_ER_IRQHandler                       0x08001847   Thumb Code     0  startup_stm32f10x_md.o(.text)
    I2C1_EV_IRQHandler                       0x08001847   Thumb Code     0  startup_stm32f10x_md.o(.text)
    I2C2_ER_IRQHandler                       0x08001847   Thumb Code     0  startup_stm32f10x_md.o(.text)
    I2C2_EV_IRQHandler                       0x08001847   Thumb Code     0  startup_stm32f10x_md.o(.text)
    PVD_IRQHandler                           0x08001847   Thumb Code     0  startup_stm32f10x_md.o(.text)
    RCC_IRQHandler                           0x08001847   Thumb Code     0  startup_stm32f10x_md.o(.text)
    RTCAlarm_IRQHandler                      0x08001847   Thumb Code     0  startup_stm32f10x_md.o(.text)
    RTC_IRQHandler                           0x08001847   Thumb Code     0  startup_stm32f10x_md.o(.text)
    SPI1_IRQHandler                          0x08001847   Thumb Code     0  startup_stm32f10x_md.o(.text)
    SPI2_IRQHandler                          0x08001847   Thumb Code     0  startup_stm32f10x_md.o(.text)
    TAMPER_IRQHandler                        0x08001847   Thumb Code     0  startup_stm32f10x_md.o(.text)
    TIM1_BRK_IRQHandler                      0x08001847   Thumb Code     0  startup_stm32f10x_md.o(.text)
    TIM1_CC_IRQHandler                       0x08001847   Thumb Code     0  startup_stm32f10x_md.o(.text)
    TIM1_TRG_COM_IRQHandler                  0x08001847   Thumb Code     0  startup_stm32f10x_md.o(.text)
    TIM1_UP_IRQHandler                       0x08001847   Thumb Code     0  startup_stm32f10x_md.o(.text)
    USART2_IRQHandler                        0x08001847   Thumb Code     0  startup_stm32f10x_md.o(.text)
    USART3_IRQHandler                        0x08001847   Thumb Code     0  startup_stm32f10x_md.o(.text)
    USBWakeUp_IRQHandler                     0x08001847   Thumb Code     0  startup_stm32f10x_md.o(.text)
    USB_HP_CAN1_TX_IRQHandler                0x08001847   Thumb Code     0  startup_stm32f10x_md.o(.text)
    USB_LP_CAN1_RX0_IRQHandler               0x08001847   Thumb Code     0  startup_stm32f10x_md.o(.text)
    WWDG_IRQHandler                          0x08001847   Thumb Code     0  startup_stm32f10x_md.o(.text)
    __user_initial_stackheap                 0x08001849   Thumb Code     0  startup_stm32f10x_md.o(.text)
    GPIO_DeInit                              0x0800186d   Thumb Code   172  stm32f10x_gpio.o(.text)
    GPIO_AFIODeInit                          0x08001919   Thumb Code    20  stm32f10x_gpio.o(.text)
    GPIO_Init                                0x0800192d   Thumb Code   278  stm32f10x_gpio.o(.text)
    GPIO_StructInit                          0x08001a43   Thumb Code    16  stm32f10x_gpio.o(.text)
    GPIO_ReadInputDataBit                    0x08001a53   Thumb Code    18  stm32f10x_gpio.o(.text)
    GPIO_ReadInputData                       0x08001a65   Thumb Code     8  stm32f10x_gpio.o(.text)
    GPIO_ReadOutputDataBit                   0x08001a6d   Thumb Code    18  stm32f10x_gpio.o(.text)
    GPIO_ReadOutputData                      0x08001a7f   Thumb Code     8  stm32f10x_gpio.o(.text)
    GPIO_SetBits                             0x08001a87   Thumb Code     4  stm32f10x_gpio.o(.text)
    GPIO_ResetBits                           0x08001a8b   Thumb Code     4  stm32f10x_gpio.o(.text)
    GPIO_WriteBit                            0x08001a8f   Thumb Code    10  stm32f10x_gpio.o(.text)
    GPIO_Write                               0x08001a99   Thumb Code     4  stm32f10x_gpio.o(.text)
    GPIO_PinLockConfig                       0x08001a9d   Thumb Code    18  stm32f10x_gpio.o(.text)
    GPIO_EventOutputConfig                   0x08001aaf   Thumb Code    26  stm32f10x_gpio.o(.text)
    GPIO_EventOutputCmd                      0x08001ac9   Thumb Code     6  stm32f10x_gpio.o(.text)
    GPIO_PinRemapConfig                      0x08001acf   Thumb Code   138  stm32f10x_gpio.o(.text)
    GPIO_EXTILineConfig                      0x08001b59   Thumb Code    66  stm32f10x_gpio.o(.text)
    GPIO_ETH_MediaInterfaceConfig            0x08001b9b   Thumb Code     8  stm32f10x_gpio.o(.text)
    RCC_DeInit                               0x08001bc9   Thumb Code    64  stm32f10x_rcc.o(.text)
    RCC_HSEConfig                            0x08001c09   Thumb Code    70  stm32f10x_rcc.o(.text)
    RCC_GetFlagStatus                        0x08001c4f   Thumb Code    56  stm32f10x_rcc.o(.text)
    RCC_WaitForHSEStartUp                    0x08001c87   Thumb Code    56  stm32f10x_rcc.o(.text)
    RCC_AdjustHSICalibrationValue            0x08001cbf   Thumb Code    20  stm32f10x_rcc.o(.text)
    RCC_HSICmd                               0x08001cd3   Thumb Code     6  stm32f10x_rcc.o(.text)
    RCC_PLLConfig                            0x08001cd9   Thumb Code    24  stm32f10x_rcc.o(.text)
    RCC_PLLCmd                               0x08001cf1   Thumb Code     6  stm32f10x_rcc.o(.text)
    RCC_SYSCLKConfig                         0x08001cf7   Thumb Code    18  stm32f10x_rcc.o(.text)
    RCC_GetSYSCLKSource                      0x08001d09   Thumb Code    10  stm32f10x_rcc.o(.text)
    RCC_HCLKConfig                           0x08001d13   Thumb Code    18  stm32f10x_rcc.o(.text)
    RCC_PCLK1Config                          0x08001d25   Thumb Code    18  stm32f10x_rcc.o(.text)
    RCC_PCLK2Config                          0x08001d37   Thumb Code    20  stm32f10x_rcc.o(.text)
    RCC_ITConfig                             0x08001d4b   Thumb Code    26  stm32f10x_rcc.o(.text)
    RCC_USBCLKConfig                         0x08001d65   Thumb Code     8  stm32f10x_rcc.o(.text)
    RCC_ADCCLKConfig                         0x08001d6d   Thumb Code    18  stm32f10x_rcc.o(.text)
    RCC_LSEConfig                            0x08001d7f   Thumb Code    50  stm32f10x_rcc.o(.text)
    RCC_LSICmd                               0x08001db1   Thumb Code     6  stm32f10x_rcc.o(.text)
    RCC_RTCCLKConfig                         0x08001db7   Thumb Code    12  stm32f10x_rcc.o(.text)
    RCC_RTCCLKCmd                            0x08001dc3   Thumb Code     8  stm32f10x_rcc.o(.text)
    RCC_GetClocksFreq                        0x08001dcb   Thumb Code   192  stm32f10x_rcc.o(.text)
    RCC_AHBPeriphClockCmd                    0x08001e8b   Thumb Code    26  stm32f10x_rcc.o(.text)
    RCC_APB2PeriphClockCmd                   0x08001ea5   Thumb Code    26  stm32f10x_rcc.o(.text)
    RCC_APB1PeriphClockCmd                   0x08001ebf   Thumb Code    26  stm32f10x_rcc.o(.text)
    RCC_APB2PeriphResetCmd                   0x08001ed9   Thumb Code    26  stm32f10x_rcc.o(.text)
    RCC_APB1PeriphResetCmd                   0x08001ef3   Thumb Code    26  stm32f10x_rcc.o(.text)
    RCC_BackupResetCmd                       0x08001f0d   Thumb Code     8  stm32f10x_rcc.o(.text)
    RCC_ClockSecuritySystemCmd               0x08001f15   Thumb Code     6  stm32f10x_rcc.o(.text)
    RCC_MCOConfig                            0x08001f1b   Thumb Code     6  stm32f10x_rcc.o(.text)
    RCC_ClearFlag                            0x08001f21   Thumb Code    14  stm32f10x_rcc.o(.text)
    RCC_GetITStatus                          0x08001f2f   Thumb Code    20  stm32f10x_rcc.o(.text)
    RCC_ClearITPendingBit                    0x08001f43   Thumb Code     6  stm32f10x_rcc.o(.text)
    USART_DeInit                             0x08001f6d   Thumb Code   134  stm32f10x_usart.o(.text)
    USART_Init                               0x08001ff3   Thumb Code   210  stm32f10x_usart.o(.text)
    USART_StructInit                         0x080020c5   Thumb Code    24  stm32f10x_usart.o(.text)
    USART_ClockInit                          0x080020dd   Thumb Code    34  stm32f10x_usart.o(.text)
    USART_ClockStructInit                    0x080020ff   Thumb Code    12  stm32f10x_usart.o(.text)
    USART_Cmd                                0x0800210b   Thumb Code    24  stm32f10x_usart.o(.text)
    USART_ITConfig                           0x08002123   Thumb Code    74  stm32f10x_usart.o(.text)
    USART_DMACmd                             0x0800216d   Thumb Code    18  stm32f10x_usart.o(.text)
    USART_SetAddress                         0x0800217f   Thumb Code    18  stm32f10x_usart.o(.text)
    USART_WakeUpConfig                       0x08002191   Thumb Code    18  stm32f10x_usart.o(.text)
    USART_ReceiverWakeUpCmd                  0x080021a3   Thumb Code    24  stm32f10x_usart.o(.text)
    USART_LINBreakDetectLengthConfig         0x080021bb   Thumb Code    18  stm32f10x_usart.o(.text)
    USART_LINCmd                             0x080021cd   Thumb Code    24  stm32f10x_usart.o(.text)
    USART_SendData                           0x080021e5   Thumb Code     8  stm32f10x_usart.o(.text)
    USART_ReceiveData                        0x080021ed   Thumb Code    10  stm32f10x_usart.o(.text)
    USART_SendBreak                          0x080021f7   Thumb Code    10  stm32f10x_usart.o(.text)
    USART_SetGuardTime                       0x08002201   Thumb Code    16  stm32f10x_usart.o(.text)
    USART_SetPrescaler                       0x08002211   Thumb Code    16  stm32f10x_usart.o(.text)
    USART_SmartCardCmd                       0x08002221   Thumb Code    24  stm32f10x_usart.o(.text)
    USART_SmartCardNACKCmd                   0x08002239   Thumb Code    24  stm32f10x_usart.o(.text)
    USART_HalfDuplexCmd                      0x08002251   Thumb Code    24  stm32f10x_usart.o(.text)
    USART_OverSampling8Cmd                   0x08002269   Thumb Code    22  stm32f10x_usart.o(.text)
    USART_OneBitMethodCmd                    0x0800227f   Thumb Code    24  stm32f10x_usart.o(.text)
    USART_IrDAConfig                         0x08002297   Thumb Code    18  stm32f10x_usart.o(.text)
    USART_IrDACmd                            0x080022a9   Thumb Code    24  stm32f10x_usart.o(.text)
    USART_GetFlagStatus                      0x080022c1   Thumb Code    26  stm32f10x_usart.o(.text)
    USART_ClearFlag                          0x080022db   Thumb Code    18  stm32f10x_usart.o(.text)
    USART_GetITStatus                        0x080022ed   Thumb Code    84  stm32f10x_usart.o(.text)
    USART_ClearITPendingBit                  0x08002341   Thumb Code    52  stm32f10x_usart.o(.text)
    NVIC_PriorityGroupConfig                 0x08002375   Thumb Code    10  misc.o(.text)
    NVIC_Init                                0x0800237f   Thumb Code   100  misc.o(.text)
    NVIC_SetVectorTable                      0x080023e3   Thumb Code    14  misc.o(.text)
    NVIC_SystemLPConfig                      0x080023f1   Thumb Code    34  misc.o(.text)
    SysTick_CLKSourceConfig                  0x08002413   Thumb Code    40  misc.o(.text)
    TIM_DeInit                               0x08002451   Thumb Code   424  stm32f10x_tim.o(.text)
    TIM_TimeBaseInit                         0x080025f9   Thumb Code   122  stm32f10x_tim.o(.text)
    TIM_OC1Init                              0x08002673   Thumb Code   132  stm32f10x_tim.o(.text)
    TIM_OC2Init                              0x080026f7   Thumb Code   154  stm32f10x_tim.o(.text)
    TIM_OC3Init                              0x08002791   Thumb Code   150  stm32f10x_tim.o(.text)
    TIM_OC4Init                              0x08002827   Thumb Code   182  stm32f10x_tim.o(.text)
    TIM_SetIC4Prescaler                      0x080028dd   Thumb Code    26  stm32f10x_tim.o(.text)
    TIM_SetIC3Prescaler                      0x08002979   Thumb Code    18  stm32f10x_tim.o(.text)
    TIM_SetIC2Prescaler                      0x08002a05   Thumb Code    26  stm32f10x_tim.o(.text)
    TIM_SetIC1Prescaler                      0x08002aa1   Thumb Code    18  stm32f10x_tim.o(.text)
    TIM_ICInit                               0x08002b1f   Thumb Code   150  stm32f10x_tim.o(.text)
    TIM_PWMIConfig                           0x08002bb5   Thumb Code   124  stm32f10x_tim.o(.text)
    TIM_BDTRConfig                           0x08002c31   Thumb Code    32  stm32f10x_tim.o(.text)
    TIM_TimeBaseStructInit                   0x08002c51   Thumb Code    18  stm32f10x_tim.o(.text)
    TIM_OCStructInit                         0x08002c63   Thumb Code    20  stm32f10x_tim.o(.text)
    TIM_ICStructInit                         0x08002c77   Thumb Code    18  stm32f10x_tim.o(.text)
    TIM_BDTRStructInit                       0x08002c89   Thumb Code    40  stm32f10x_tim.o(.text)
    TIM_Cmd                                  0x08002cb1   Thumb Code    24  stm32f10x_tim.o(.text)
    TIM_CtrlPWMOutputs                       0x08002cc9   Thumb Code    30  stm32f10x_tim.o(.text)
    TIM_ITConfig                             0x08002ce7   Thumb Code    18  stm32f10x_tim.o(.text)
    TIM_GenerateEvent                        0x08002cf9   Thumb Code     4  stm32f10x_tim.o(.text)
    TIM_DMAConfig                            0x08002cfd   Thumb Code    10  stm32f10x_tim.o(.text)
    TIM_DMACmd                               0x08002d07   Thumb Code    18  stm32f10x_tim.o(.text)
    TIM_InternalClockConfig                  0x08002d19   Thumb Code    12  stm32f10x_tim.o(.text)
    TIM_SelectInputTrigger                   0x08002d25   Thumb Code    18  stm32f10x_tim.o(.text)
    TIM_ITRxExternalClockConfig              0x08002d37   Thumb Code    24  stm32f10x_tim.o(.text)
    TIM_TIxExternalClockConfig               0x08002d4f   Thumb Code    62  stm32f10x_tim.o(.text)
    TIM_ETRConfig                            0x08002d8d   Thumb Code    28  stm32f10x_tim.o(.text)
    TIM_ETRClockMode1Config                  0x08002da9   Thumb Code    54  stm32f10x_tim.o(.text)
    TIM_ETRClockMode2Config                  0x08002ddf   Thumb Code    32  stm32f10x_tim.o(.text)
    TIM_PrescalerConfig                      0x08002dff   Thumb Code     6  stm32f10x_tim.o(.text)
    TIM_CounterModeConfig                    0x08002e05   Thumb Code    18  stm32f10x_tim.o(.text)
    TIM_EncoderInterfaceConfig               0x08002e17   Thumb Code    66  stm32f10x_tim.o(.text)
    TIM_ForcedOC1Config                      0x08002e59   Thumb Code    18  stm32f10x_tim.o(.text)
    TIM_ForcedOC2Config                      0x08002e6b   Thumb Code    26  stm32f10x_tim.o(.text)
    TIM_ForcedOC3Config                      0x08002e85   Thumb Code    18  stm32f10x_tim.o(.text)
    TIM_ForcedOC4Config                      0x08002e97   Thumb Code    26  stm32f10x_tim.o(.text)
    TIM_ARRPreloadConfig                     0x08002eb1   Thumb Code    24  stm32f10x_tim.o(.text)
    TIM_SelectCOM                            0x08002ec9   Thumb Code    24  stm32f10x_tim.o(.text)
    TIM_SelectCCDMA                          0x08002ee1   Thumb Code    24  stm32f10x_tim.o(.text)
    TIM_CCPreloadControl                     0x08002ef9   Thumb Code    24  stm32f10x_tim.o(.text)
    TIM_OC1PreloadConfig                     0x08002f11   Thumb Code    18  stm32f10x_tim.o(.text)
    TIM_OC2PreloadConfig                     0x08002f23   Thumb Code    26  stm32f10x_tim.o(.text)
    TIM_OC3PreloadConfig                     0x08002f3d   Thumb Code    18  stm32f10x_tim.o(.text)
    TIM_OC4PreloadConfig                     0x08002f4f   Thumb Code    26  stm32f10x_tim.o(.text)
    TIM_OC1FastConfig                        0x08002f69   Thumb Code    18  stm32f10x_tim.o(.text)
    TIM_OC2FastConfig                        0x08002f7b   Thumb Code    26  stm32f10x_tim.o(.text)
    TIM_OC3FastConfig                        0x08002f95   Thumb Code    18  stm32f10x_tim.o(.text)
    TIM_OC4FastConfig                        0x08002fa7   Thumb Code    26  stm32f10x_tim.o(.text)
    TIM_ClearOC1Ref                          0x08002fc1   Thumb Code    18  stm32f10x_tim.o(.text)
    TIM_ClearOC2Ref                          0x08002fd3   Thumb Code    24  stm32f10x_tim.o(.text)
    TIM_ClearOC3Ref                          0x08002feb   Thumb Code    18  stm32f10x_tim.o(.text)
    TIM_ClearOC4Ref                          0x08002ffd   Thumb Code    24  stm32f10x_tim.o(.text)
    TIM_OC1PolarityConfig                    0x08003015   Thumb Code    18  stm32f10x_tim.o(.text)
    TIM_OC1NPolarityConfig                   0x08003027   Thumb Code    18  stm32f10x_tim.o(.text)
    TIM_OC2PolarityConfig                    0x08003039   Thumb Code    26  stm32f10x_tim.o(.text)
    TIM_OC2NPolarityConfig                   0x08003053   Thumb Code    26  stm32f10x_tim.o(.text)
    TIM_OC3PolarityConfig                    0x0800306d   Thumb Code    26  stm32f10x_tim.o(.text)
    TIM_OC3NPolarityConfig                   0x08003087   Thumb Code    26  stm32f10x_tim.o(.text)
    TIM_OC4PolarityConfig                    0x080030a1   Thumb Code    26  stm32f10x_tim.o(.text)
    TIM_CCxCmd                               0x080030bb   Thumb Code    30  stm32f10x_tim.o(.text)
    TIM_CCxNCmd                              0x080030d9   Thumb Code    30  stm32f10x_tim.o(.text)
    TIM_SelectOCxM                           0x080030f7   Thumb Code    82  stm32f10x_tim.o(.text)
    TIM_UpdateDisableConfig                  0x08003149   Thumb Code    24  stm32f10x_tim.o(.text)
    TIM_UpdateRequestConfig                  0x08003161   Thumb Code    24  stm32f10x_tim.o(.text)
    TIM_SelectHallSensor                     0x08003179   Thumb Code    24  stm32f10x_tim.o(.text)
    TIM_SelectOnePulseMode                   0x08003191   Thumb Code    18  stm32f10x_tim.o(.text)
    TIM_SelectOutputTrigger                  0x080031a3   Thumb Code    18  stm32f10x_tim.o(.text)
    TIM_SelectSlaveMode                      0x080031b5   Thumb Code    18  stm32f10x_tim.o(.text)
    TIM_SelectMasterSlaveMode                0x080031c7   Thumb Code    18  stm32f10x_tim.o(.text)
    TIM_SetCounter                           0x080031d9   Thumb Code     4  stm32f10x_tim.o(.text)
    TIM_SetAutoreload                        0x080031dd   Thumb Code     4  stm32f10x_tim.o(.text)
    TIM_SetCompare1                          0x080031e1   Thumb Code     4  stm32f10x_tim.o(.text)
    TIM_SetCompare2                          0x080031e5   Thumb Code     4  stm32f10x_tim.o(.text)
    TIM_SetCompare3                          0x080031e9   Thumb Code     4  stm32f10x_tim.o(.text)
    TIM_SetCompare4                          0x080031ed   Thumb Code     6  stm32f10x_tim.o(.text)
    TIM_SetClockDivision                     0x080031f3   Thumb Code    18  stm32f10x_tim.o(.text)
    TIM_GetCapture1                          0x08003205   Thumb Code     6  stm32f10x_tim.o(.text)
    TIM_GetCapture2                          0x0800320b   Thumb Code     6  stm32f10x_tim.o(.text)
    TIM_GetCapture3                          0x08003211   Thumb Code     6  stm32f10x_tim.o(.text)
    TIM_GetCapture4                          0x08003217   Thumb Code     8  stm32f10x_tim.o(.text)
    TIM_GetCounter                           0x0800321f   Thumb Code     6  stm32f10x_tim.o(.text)
    TIM_GetPrescaler                         0x08003225   Thumb Code     6  stm32f10x_tim.o(.text)
    TIM_GetFlagStatus                        0x0800322b   Thumb Code    18  stm32f10x_tim.o(.text)
    TIM_ClearFlag                            0x0800323d   Thumb Code     6  stm32f10x_tim.o(.text)
    TIM_GetITStatus                          0x08003243   Thumb Code    34  stm32f10x_tim.o(.text)
    TIM_ClearITPendingBit                    0x08003265   Thumb Code     6  stm32f10x_tim.o(.text)
    mpu_reg_dump                             0x080032f7   Thumb Code    72  inv_mpu.o(.text)
    mpu_read_reg                             0x0800333f   Thumb Code    66  inv_mpu.o(.text)
    mpu_set_int_latched                      0x08003381   Thumb Code   102  inv_mpu.o(.text)
    mpu_set_sensors                          0x080033e7   Thumb Code   202  inv_mpu.o(.text)
    mpu_set_bypass                           0x080034b1   Thumb Code   328  inv_mpu.o(.text)
    mpu_reset_fifo                           0x080035f9   Thumb Code   444  inv_mpu.o(.text)
    mpu_configure_fifo                       0x080037b5   Thumb Code   106  inv_mpu.o(.text)
    mpu_set_lpf                              0x0800381f   Thumb Code   126  inv_mpu.o(.text)
    mpu_lp_accel_mode                        0x0800389d   Thumb Code   218  inv_mpu.o(.text)
    mpu_set_sample_rate                      0x08003977   Thumb Code   152  inv_mpu.o(.text)
    mpu_set_accel_fsr                        0x08003a0f   Thumb Code   132  inv_mpu.o(.text)
    mpu_set_gyro_fsr                         0x08003a93   Thumb Code   132  inv_mpu.o(.text)
    mpu_init                                 0x08003b17   Thumb Code   416  inv_mpu.o(.text)
    myget_ms                                 0x08003cb7   Thumb Code     2  inv_mpu.o(.text)
    mpu_get_gyro_reg                         0x08003cb9   Thumb Code   110  inv_mpu.o(.text)
    mpu_get_accel_reg                        0x08003d27   Thumb Code   110  inv_mpu.o(.text)
    mpu_get_temperature                      0x08003d95   Thumb Code   150  inv_mpu.o(.text)
    mpu_set_accel_bias                       0x08003e2b   Thumb Code   468  inv_mpu.o(.text)
    mpu_get_gyro_fsr                         0x08003fff   Thumb Code    64  inv_mpu.o(.text)
    mpu_get_accel_fsr                        0x0800403f   Thumb Code    72  inv_mpu.o(.text)
    mpu_get_lpf                              0x08004087   Thumb Code    74  inv_mpu.o(.text)
    mpu_get_sample_rate                      0x080040d1   Thumb Code    26  inv_mpu.o(.text)
    mpu_get_compass_sample_rate              0x080040eb   Thumb Code    10  inv_mpu.o(.text)
    mpu_set_compass_sample_rate              0x080040f5   Thumb Code     8  inv_mpu.o(.text)
    mpu_get_gyro_sens                        0x080040fd   Thumb Code    58  inv_mpu.o(.text)
    mpu_get_accel_sens                       0x08004137   Thumb Code    78  inv_mpu.o(.text)
    mpu_get_fifo_config                      0x08004185   Thumb Code    12  inv_mpu.o(.text)
    mpu_get_power_state                      0x08004191   Thumb Code    22  inv_mpu.o(.text)
    mpu_get_int_status                       0x080041a7   Thumb Code    64  inv_mpu.o(.text)
    mpu_read_fifo                            0x080041e7   Thumb Code   520  inv_mpu.o(.text)
    mpu_read_fifo_stream                     0x080043ef   Thumb Code   186  inv_mpu.o(.text)
    mpu_set_int_level                        0x080044a9   Thumb Code    12  inv_mpu.o(.text)
    mpu_set_dmp_state                        0x08004b89   Thumb Code   138  inv_mpu.o(.text)
    mpu_run_self_test                        0x08004c13   Thumb Code   278  inv_mpu.o(.text)
    mpu_write_mem                            0x08004d29   Thumb Code   122  inv_mpu.o(.text)
    mpu_read_mem                             0x08004da3   Thumb Code   122  inv_mpu.o(.text)
    mpu_load_firmware                        0x08004e1d   Thumb Code   190  inv_mpu.o(.text)
    mpu_get_dmp_state                        0x08004edb   Thumb Code    14  inv_mpu.o(.text)
    mpu_get_compass_reg                      0x08004ee9   Thumb Code     8  inv_mpu.o(.text)
    mpu_get_compass_fsr                      0x08004ef1   Thumb Code     8  inv_mpu.o(.text)
    mpu_lp_motion_interrupt                  0x08004ef9   Thumb Code   512  inv_mpu.o(.text)
    dmp_load_motion_driver_firmware          0x080050fd   Thumb Code    20  inv_mpu_dmp_motion_driver.o(.text)
    dmp_set_orientation                      0x08005111   Thumb Code   290  inv_mpu_dmp_motion_driver.o(.text)
    dmp_set_gyro_bias                        0x08005233   Thumb Code   294  inv_mpu_dmp_motion_driver.o(.text)
    dmp_set_accel_bias                       0x08005359   Thumb Code   300  inv_mpu_dmp_motion_driver.o(.text)
    dmp_set_fifo_rate                        0x08005485   Thumb Code   136  inv_mpu_dmp_motion_driver.o(.text)
    dmp_get_fifo_rate                        0x0800550d   Thumb Code    12  inv_mpu_dmp_motion_driver.o(.text)
    dmp_set_tap_thresh                       0x08005519   Thumb Code   396  inv_mpu_dmp_motion_driver.o(.text)
    dmp_set_tap_axes                         0x080056a5   Thumb Code    70  inv_mpu_dmp_motion_driver.o(.text)
    dmp_set_tap_count                        0x080056eb   Thumb Code    38  inv_mpu_dmp_motion_driver.o(.text)
    dmp_set_tap_time                         0x08005711   Thumb Code    38  inv_mpu_dmp_motion_driver.o(.text)
    dmp_set_tap_time_multi                   0x08005737   Thumb Code    38  inv_mpu_dmp_motion_driver.o(.text)
    dmp_set_shake_reject_thresh              0x0800575d   Thumb Code    56  inv_mpu_dmp_motion_driver.o(.text)
    dmp_set_shake_reject_time                0x08005795   Thumb Code    38  inv_mpu_dmp_motion_driver.o(.text)
    dmp_set_shake_reject_timeout             0x080057bb   Thumb Code    38  inv_mpu_dmp_motion_driver.o(.text)
    dmp_get_pedometer_step_count             0x080057e1   Thumb Code    66  inv_mpu_dmp_motion_driver.o(.text)
    dmp_set_pedometer_step_count             0x08005823   Thumb Code    42  inv_mpu_dmp_motion_driver.o(.text)
    dmp_get_pedometer_walk_time              0x0800584d   Thumb Code    72  inv_mpu_dmp_motion_driver.o(.text)
    dmp_set_pedometer_walk_time              0x08005895   Thumb Code    48  inv_mpu_dmp_motion_driver.o(.text)
    dmp_enable_6x_lp_quat                    0x080058c5   Thumb Code    84  inv_mpu_dmp_motion_driver.o(.text)
    dmp_enable_lp_quat                       0x08005919   Thumb Code    60  inv_mpu_dmp_motion_driver.o(.text)
    dmp_enable_gyro_cal                      0x08005955   Thumb Code    62  inv_mpu_dmp_motion_driver.o(.text)
    dmp_enable_feature                       0x08005993   Thumb Code   530  inv_mpu_dmp_motion_driver.o(.text)
    dmp_get_enabled_features                 0x08005ba5   Thumb Code    12  inv_mpu_dmp_motion_driver.o(.text)
    dmp_set_interrupt_mode                   0x08005c0f   Thumb Code    66  inv_mpu_dmp_motion_driver.o(.text)
    dmp_read_fifo                            0x08005c51   Thumb Code   514  inv_mpu_dmp_motion_driver.o(.text)
    dmp_register_tap_cb                      0x08005e53   Thumb Code    10  inv_mpu_dmp_motion_driver.o(.text)
    dmp_register_android_orient_cb           0x08005e5d   Thumb Code    10  inv_mpu_dmp_motion_driver.o(.text)
    MPU6050_newValues                        0x08005f79   Thumb Code   494  mpu6050.o(.text)
    MPU6050_setClockSource                   0x08006167   Thumb Code    20  mpu6050.o(.text)
    MPU6050_setFullScaleGyroRange            0x0800617b   Thumb Code    20  mpu6050.o(.text)
    MPU6050_setFullScaleAccelRange           0x0800618f   Thumb Code    20  mpu6050.o(.text)
    MPU6050_setSleepEnabled                  0x080061a3   Thumb Code    18  mpu6050.o(.text)
    MPU6050_getDeviceID                      0x080061b5   Thumb Code    20  mpu6050.o(.text)
    MPU6050_testConnection                   0x080061c9   Thumb Code    18  mpu6050.o(.text)
    MPU6050_setI2CMasterModeEnabled          0x080061db   Thumb Code    18  mpu6050.o(.text)
    MPU6050_setI2CBypassEnabled              0x080061ed   Thumb Code    18  mpu6050.o(.text)
    MPU6050_initialize                       0x080061ff   Thumb Code    40  mpu6050.o(.text)
    DMP_Init                                 0x08006227   Thumb Code   194  mpu6050.o(.text)
    Read_DMP                                 0x080062e9   Thumb Code  1008  mpu6050.o(.text)
    Read_Temperature                         0x080066d9   Thumb Code   110  mpu6050.o(.text)
    __use_no_semihosting                     0x08006789   Thumb Code     2  use_no_semi_2.o(.text)
    __aeabi_ldivmod                          0x0800678b   Thumb Code     0  llsdiv.o(.text)
    _ll_sdiv                                 0x0800678b   Thumb Code    72  llsdiv.o(.text)
    __2printf                                0x080067d5   Thumb Code    20  noretval__2printf.o(.text)
    __printf                                 0x080067ed   Thumb Code   104  __printf.o(.text)
    _printf_int_dec                          0x08006855   Thumb Code   104  _printf_dec.o(.text)
    memcmp                                   0x080068cd   Thumb Code    88  memcmp.o(.text)
    __aeabi_memset                           0x08006925   Thumb Code    16  aeabi_memset.o(.text)
    __use_two_region_memory                  0x08006935   Thumb Code     2  heapauxi.o(.text)
    __rt_heap_escrow$2region                 0x08006937   Thumb Code     2  heapauxi.o(.text)
    __rt_heap_expand$2region                 0x08006939   Thumb Code     2  heapauxi.o(.text)
    __I$use$semihosting                      0x0800693b   Thumb Code     0  use_no_semi.o(.text)
    __use_no_semihosting_swi                 0x0800693b   Thumb Code     2  use_no_semi.o(.text)
    __aeabi_uldivmod                         0x0800693d   Thumb Code     0  lludivv7m.o(.text)
    _ll_udiv                                 0x0800693d   Thumb Code   238  lludivv7m.o(.text)
    __read_errno                             0x08006a2b   Thumb Code    10  _rserrno.o(.text)
    __set_errno                              0x08006a35   Thumb Code    12  _rserrno.o(.text)
    _printf_int_common                       0x08006a41   Thumb Code   178  _printf_intcommon.o(.text)
    __lib_sel_fp_printf                      0x08006af3   Thumb Code     2  _printf_fp_dec.o(.text)
    _printf_fp_dec_real                      0x08006ca5   Thumb Code   620  _printf_fp_dec.o(.text)
    _printf_char_file                        0x08006f11   Thumb Code    32  _printf_char_file.o(.text)
    __aeabi_memclr                           0x08006f35   Thumb Code     0  rt_memclr.o(.text)
    __rt_memclr                              0x08006f35   Thumb Code    68  rt_memclr.o(.text)
    _memset                                  0x08006f39   Thumb Code     0  rt_memclr.o(.text)
    __rt_locale                              0x08006f79   Thumb Code     8  rt_locale_intlibspace.o(.text)
    __aeabi_errno_addr                       0x08006f81   Thumb Code     8  rt_errno_addr_intlibspace.o(.text)
    __errno$intlibspace                      0x08006f81   Thumb Code     0  rt_errno_addr_intlibspace.o(.text)
    __rt_errno_addr$intlibspace              0x08006f81   Thumb Code     0  rt_errno_addr_intlibspace.o(.text)
    _ll_udiv10                               0x08006f89   Thumb Code   138  lludiv10.o(.text)
    _printf_char_common                      0x0800701f   Thumb Code    32  _printf_char_common.o(.text)
    _printf_fp_infnan                        0x08007045   Thumb Code   112  _printf_fp_infnan.o(.text)
    _btod_etento                             0x080070c5   Thumb Code   224  bigflt0.o(.text)
    ferror                                   0x080071a9   Thumb Code     8  ferror.o(.text)
    __aeabi_memclr4                          0x080071b1   Thumb Code     0  rt_memclr_w.o(.text)
    __aeabi_memclr8                          0x080071b1   Thumb Code     0  rt_memclr_w.o(.text)
    __rt_memclr_w                            0x080071b1   Thumb Code    78  rt_memclr_w.o(.text)
    _memset_w                                0x080071b5   Thumb Code     0  rt_memclr_w.o(.text)
    __user_libspace                          0x08007201   Thumb Code     8  libspace.o(.text)
    __user_perproc_libspace                  0x08007201   Thumb Code     0  libspace.o(.text)
    __user_perthread_libspace                0x08007201   Thumb Code     0  libspace.o(.text)
    __user_setup_stackheap                   0x08007209   Thumb Code    74  sys_stackheap_outer.o(.text)
    exit                                     0x08007253   Thumb Code    18  exit.o(.text)
    strcmp                                   0x08007265   Thumb Code   128  strcmpv7m.o(.text)
    _btod_d2e                                0x080072e5   Thumb Code    62  btod.o(CL$$btod_d2e)
    _d2e_denorm_low                          0x08007323   Thumb Code    70  btod.o(CL$$btod_d2e_denorm_low)
    _d2e_norm_op1                            0x08007369   Thumb Code    96  btod.o(CL$$btod_d2e_norm_op1)
    __btod_div_common                        0x080073c9   Thumb Code   696  btod.o(CL$$btod_div_common)
    _e2e                                     0x08007701   Thumb Code   220  btod.o(CL$$btod_e2e)
    _btod_ediv                               0x080077dd   Thumb Code    42  btod.o(CL$$btod_ediv)
    _btod_emul                               0x08007807   Thumb Code    42  btod.o(CL$$btod_emul)
    __btod_mult_common                       0x08007831   Thumb Code   580  btod.o(CL$$btod_mult_common)
    __ARM_fpclassify                         0x08007a75   Thumb Code    40  fpclassify.o(i.__ARM_fpclassify)
    __kernel_poly                            0x08007a9d   Thumb Code   170  poly.o(i.__kernel_poly)
    __mathlib_dbl_divzero                    0x08007b49   Thumb Code    12  dunder.o(i.__mathlib_dbl_divzero)
    __mathlib_dbl_infnan                     0x08007b59   Thumb Code     6  dunder.o(i.__mathlib_dbl_infnan)
    __mathlib_dbl_infnan2                    0x08007b5f   Thumb Code     4  dunder.o(i.__mathlib_dbl_infnan2)
    __mathlib_dbl_invalid                    0x08007b63   Thumb Code    12  dunder.o(i.__mathlib_dbl_invalid)
    __mathlib_dbl_overflow                   0x08007b6f   Thumb Code    14  dunder.o(i.__mathlib_dbl_overflow)
    __mathlib_dbl_underflow                  0x08007b7d   Thumb Code    10  dunder.o(i.__mathlib_dbl_underflow)
    asin                                     0x08007b8d   Thumb Code   572  asin.o(i.asin)
    atan                                     0x08007dfd   Thumb Code   474  atan.o(i.atan)
    atan2                                    0x0800801d   Thumb Code   346  atan2.o(i.atan2)
    pow                                      0x0800819d   Thumb Code  2512  pow.o(i.pow)
    sqrt                                     0x08008b75   Thumb Code    76  sqrt.o(i.sqrt)
    _get_lc_numeric                          0x08008bc1   Thumb Code    44  lc_numeric_c.o(locale$$code)
    __aeabi_d2f                              0x08008bed   Thumb Code     0  d2f.o(x$fpl$d2f)
    _d2f                                     0x08008bed   Thumb Code    98  d2f.o(x$fpl$d2f)
    __aeabi_dadd                             0x08008c51   Thumb Code     0  daddsub_clz.o(x$fpl$dadd)
    _dadd                                    0x08008c51   Thumb Code   332  daddsub_clz.o(x$fpl$dadd)
    __fpl_dcheck_NaN1                        0x08008da1   Thumb Code    10  dcheck1.o(x$fpl$dcheck1)
    __fpl_dcmp_Inf                           0x08008db1   Thumb Code    24  dcmpi.o(x$fpl$dcmpinf)
    __aeabi_ddiv                             0x08008dc9   Thumb Code     0  ddiv.o(x$fpl$ddiv)
    _ddiv                                    0x08008dc9   Thumb Code   552  ddiv.o(x$fpl$ddiv)
    __aeabi_d2iz                             0x08009079   Thumb Code     0  dfix.o(x$fpl$dfix)
    _dfix                                    0x08009079   Thumb Code    94  dfix.o(x$fpl$dfix)
    __aeabi_d2uiz                            0x080090d9   Thumb Code     0  dfixu.o(x$fpl$dfixu)
    _dfixu                                   0x080090d9   Thumb Code    90  dfixu.o(x$fpl$dfixu)
    __aeabi_i2d                              0x08009133   Thumb Code     0  dflt_clz.o(x$fpl$dflt)
    _dflt                                    0x08009133   Thumb Code    46  dflt_clz.o(x$fpl$dflt)
    __aeabi_ui2d                             0x08009161   Thumb Code     0  dflt_clz.o(x$fpl$dfltu)
    _dfltu                                   0x08009161   Thumb Code    38  dflt_clz.o(x$fpl$dfltu)
    __aeabi_cdcmple                          0x08009189   Thumb Code     0  dleqf.o(x$fpl$dleqf)
    _dcmple                                  0x08009189   Thumb Code   120  dleqf.o(x$fpl$dleqf)
    __fpl_dcmple_InfNaN                      0x080091eb   Thumb Code     0  dleqf.o(x$fpl$dleqf)
    __aeabi_dmul                             0x08009201   Thumb Code     0  dmul.o(x$fpl$dmul)
    _dmul                                    0x08009201   Thumb Code   332  dmul.o(x$fpl$dmul)
    __fpl_dnaninf                            0x08009355   Thumb Code   156  dnaninf.o(x$fpl$dnaninf)
    __fpl_dretinf                            0x080093f1   Thumb Code    12  dretinf.o(x$fpl$dretinf)
    __aeabi_cdrcmple                         0x080093fd   Thumb Code     0  drleqf.o(x$fpl$drleqf)
    _drcmple                                 0x080093fd   Thumb Code   108  drleqf.o(x$fpl$drleqf)
    __aeabi_drsub                            0x08009469   Thumb Code     0  daddsub_clz.o(x$fpl$drsb)
    _drsb                                    0x08009469   Thumb Code    22  daddsub_clz.o(x$fpl$drsb)
    _dsqrt                                   0x08009481   Thumb Code   456  dsqrt_noumaal.o(x$fpl$dsqrt)
    __aeabi_dsub                             0x0800964d   Thumb Code     0  daddsub_clz.o(x$fpl$dsub)
    _dsub                                    0x0800964d   Thumb Code   464  daddsub_clz.o(x$fpl$dsub)
    __aeabi_f2d                              0x08009821   Thumb Code     0  f2d.o(x$fpl$f2d)
    _f2d                                     0x08009821   Thumb Code    86  f2d.o(x$fpl$f2d)
    __aeabi_fadd                             0x08009879   Thumb Code     0  faddsub_clz.o(x$fpl$fadd)
    _fadd                                    0x08009879   Thumb Code   196  faddsub_clz.o(x$fpl$fadd)
    __fpl_fcmp_Inf                           0x0800993d   Thumb Code    24  fcmpi.o(x$fpl$fcmpinf)
    __aeabi_fdiv                             0x08009955   Thumb Code     0  fdiv.o(x$fpl$fdiv)
    _fdiv                                    0x08009955   Thumb Code   384  fdiv.o(x$fpl$fdiv)
    __aeabi_cfcmpeq                          0x08009ad9   Thumb Code     0  feqf.o(x$fpl$feqf)
    _fcmpeq                                  0x08009ad9   Thumb Code   104  feqf.o(x$fpl$feqf)
    __aeabi_f2iz                             0x08009b41   Thumb Code     0  ffix.o(x$fpl$ffix)
    _ffix                                    0x08009b41   Thumb Code    54  ffix.o(x$fpl$ffix)
    __aeabi_f2uiz                            0x08009b79   Thumb Code     0  ffixu.o(x$fpl$ffixu)
    _ffixu                                   0x08009b79   Thumb Code    62  ffixu.o(x$fpl$ffixu)
    __aeabi_i2f                              0x08009bb9   Thumb Code     0  fflt_clz.o(x$fpl$fflt)
    _fflt                                    0x08009bb9   Thumb Code    48  fflt_clz.o(x$fpl$fflt)
    __aeabi_ui2f                             0x08009be9   Thumb Code     0  fflt_clz.o(x$fpl$ffltu)
    _ffltu                                   0x08009be9   Thumb Code    38  fflt_clz.o(x$fpl$ffltu)
    __aeabi_cfcmple                          0x08009c11   Thumb Code     0  fleqf.o(x$fpl$fleqf)
    _fcmple                                  0x08009c11   Thumb Code   104  fleqf.o(x$fpl$fleqf)
    __fpl_fcmple_InfNaN                      0x08009c63   Thumb Code     0  fleqf.o(x$fpl$fleqf)
    __aeabi_fmul                             0x08009c79   Thumb Code     0  fmul.o(x$fpl$fmul)
    _fmul                                    0x08009c79   Thumb Code   258  fmul.o(x$fpl$fmul)
    __fpl_fnaninf                            0x08009d7b   Thumb Code   140  fnaninf.o(x$fpl$fnaninf)
    __fpl_fretinf                            0x08009e07   Thumb Code    10  fretinf.o(x$fpl$fretinf)
    __aeabi_cfrcmple                         0x08009e11   Thumb Code     0  frleqf.o(x$fpl$frleqf)
    _frcmple                                 0x08009e11   Thumb Code    98  frleqf.o(x$fpl$frleqf)
    __aeabi_fsub                             0x08009e75   Thumb Code     0  faddsub_clz.o(x$fpl$fsub)
    _fsub                                    0x08009e75   Thumb Code   234  faddsub_clz.o(x$fpl$fsub)
    _printf_fp_dec                           0x08009f5f   Thumb Code     4  printf1.o(x$fpl$printf1)
    __fpl_return_NaN                         0x08009f63   Thumb Code   100  retnan.o(x$fpl$retnan)
    __ARM_scalbn                             0x08009fc7   Thumb Code    92  scalbn.o(x$fpl$scalbn)
    __fpl_cmpreturn                          0x0800a023   Thumb Code    48  trapv.o(x$fpl$trapveneer)
    __I$use$fp                               0x0800a052   Number         0  usenofp.o(x$fpl$usenofp)
    hw                                       0x0800a054   Data          12  inv_mpu.o(.constdata)
    reg                                      0x0800a060   Data          27  inv_mpu.o(.constdata)
    test                                     0x0800a07c   Data          40  inv_mpu.o(.constdata)
    __mathlib_zero                           0x0800ae10   Data           8  qnan.o(.constdata)
    Region$$Table$$Base                      0x0800aefc   Number         0  anon$$obj.o(Region$$Table)
    Region$$Table$$Limit                     0x0800af1c   Number         0  anon$$obj.o(Region$$Table)
    Way_Angle                                0x20000000   Data           1  main.o(.data)
    Motor_A                                  0x20000004   Data           4  main.o(.data)
    Motor_B                                  0x20000008   Data           4  main.o(.data)
    Motor_C                                  0x2000000c   Data           4  main.o(.data)
    Target_A                                 0x20000010   Data           4  main.o(.data)
    Target_B                                 0x20000014   Data           4  main.o(.data)
    Target_C                                 0x20000018   Data           4  main.o(.data)
    compute_X                                0x2000001c   Data           4  main.o(.data)
    compute_Y                                0x20000020   Data           4  main.o(.data)
    compute_Z                                0x20000024   Data           4  main.o(.data)
    Angle_Zero_X                             0x20000028   Data           4  main.o(.data)
    Angle_Zero_Y                             0x2000002c   Data           4  main.o(.data)
    Angle_Zero_Z                             0x20000030   Data           4  main.o(.data)
    Angle_Bias_X                             0x20000034   Data           4  main.o(.data)
    Angle_Bias_Y                             0x20000038   Data           4  main.o(.data)
    Angle_Bias_Z                             0x2000003c   Data           4  main.o(.data)
    Angle_Balance_X                          0x20000040   Data           4  main.o(.data)
    Angle_Balance_Y                          0x20000044   Data           4  main.o(.data)
    Angle_Balance_Z                          0x20000048   Data           4  main.o(.data)
    Gyro_Balance_X                           0x2000004c   Data           4  main.o(.data)
    Gyro_Balance_Z                           0x20000050   Data           4  main.o(.data)
    Gyro_Balance_Y                           0x20000054   Data           4  main.o(.data)
    Move_X                                   0x20000058   Data           4  main.o(.data)
    Move_Y                                   0x2000005c   Data           4  main.o(.data)
    Move_Z                                   0x20000060   Data           4  main.o(.data)
    Balance_Pwm_X                            0x20000064   Data           4  main.o(.data)
    Velocity_Pwm_X                           0x20000068   Data           4  main.o(.data)
    Balance_Pwm_Y                            0x2000006c   Data           4  main.o(.data)
    Velocity_Pwm_Y                           0x20000070   Data           4  main.o(.data)
    Balance_Pwm_Z                            0x20000074   Data           4  main.o(.data)
    Angle_Balance_X_last                     0x20000078   Data           4  main.o(.data)
    Angle_Balance_Y_last                     0x2000007c   Data           4  main.o(.data)
    Angle_Balance_Z_last                     0x20000080   Data           4  main.o(.data)
    Gyro_Balance_X_last                      0x20000084   Data           4  main.o(.data)
    Gyro_Balance_Y_last                      0x20000088   Data           4  main.o(.data)
    Gyro_Balance_Z_last                      0x2000008c   Data           4  main.o(.data)
    bias_X                                   0x20000090   Data           4  main.o(.data)
    bias_Y                                   0x20000094   Data           4  main.o(.data)
    bias_Z                                   0x20000098   Data           4  main.o(.data)
    bias_x                                   0x2000009c   Data           4  main.o(.data)
    bias_y                                   0x200000a0   Data           4  main.o(.data)
    bias_z                                   0x200000a4   Data           4  main.o(.data)
    Balance_Kp                               0x200000a8   Data           4  main.o(.data)
    Balance_Kd                               0x200000ac   Data           4  main.o(.data)
    Velocity_Kp                              0x200000b0   Data           4  main.o(.data)
    Velocity_Ki                              0x200000b4   Data           4  main.o(.data)
    Turn_Kp                                  0x200000b8   Data           4  main.o(.data)
    Turn_Kd                                  0x200000bc   Data           4  main.o(.data)
    state_flag                               0x200000c0   Data           1  main.o(.data)
    SystemCoreClock                          0x200000c4   Data           4  system_stm32f10x.o(.data)
    AHBPrescTable                            0x200000c8   Data          16  system_stm32f10x.o(.data)
    sub_num                                  0x200000d8   Data           2  motor.o(.data)
    __stdout                                 0x200000e0   Data           4  usart.o(.data)
    USART_RX_STA                             0x200000e4   Data           2  usart.o(.data)
    gyro                                     0x20000128   Data           6  mpu6050.o(.data)
    accel                                    0x2000012e   Data           6  mpu6050.o(.data)
    sensors                                  0x20000134   Data           2  mpu6050.o(.data)
    q0                                       0x20000138   Data           4  mpu6050.o(.data)
    q1                                       0x2000013c   Data           4  mpu6050.o(.data)
    q2                                       0x20000140   Data           4  mpu6050.o(.data)
    q3                                       0x20000144   Data           4  mpu6050.o(.data)
    Gx_offset                                0x20000152   Data           2  mpu6050.o(.data)
    Gy_offset                                0x20000154   Data           2  mpu6050.o(.data)
    Gz_offset                                0x20000156   Data           2  mpu6050.o(.data)
    USART_RX_BUF                             0x20000158   Data         200  usart.o(.bss)
    buffer                                   0x20000230   Data          14  mpu6050.o(.bss)
    MPU6050_FIFO                             0x2000023e   Data         132  mpu6050.o(.bss)
    __libspace_start                         0x200002c4   Data          96  libspace.o(.bss)
    __temporary_stack_top$libspace           0x20000324   Data           0  libspace.o(.bss)



==============================================================================

Memory Map of the image

  Image Entry point : 0x080000ed

  Load Region LR_IROM1 (Base: 0x08000000, Size: 0x0000b090, Max: 0x00010000, ABSOLUTE, COMPRESSED[0x0000af7c])

    Execution Region ER_IROM1 (Exec base: 0x08000000, Load base: 0x08000000, Size: 0x0000af38, Max: 0x00010000, ABSOLUTE)

    Exec Addr    Load Addr    Size         Type   Attr      Idx    E Section Name        Object

    0x08000000   0x08000000   0x000000ec   Data   RO          360    RESET               startup_stm32f10x_md.o
    0x080000ec   0x080000ec   0x00000008   Code   RO          580  * !!!main             c_w.l(__main.o)
    0x080000f4   0x080000f4   0x00000034   Code   RO          972    !!!scatter          c_w.l(__scatter.o)
    0x08000128   0x08000128   0x0000005a   Code   RO          970    !!dczerorl2         c_w.l(__dczerorl2.o)
    0x08000182   0x08000182   0x00000002   PAD
    0x08000184   0x08000184   0x0000001c   Code   RO          974    !!handler_zi        c_w.l(__scatter_zi.o)
    0x080001a0   0x080001a0   0x00000000   Code   RO          573    .ARM.Collect$$_printf_percent$$00000000  c_w.l(_printf_percent.o)
    0x080001a0   0x080001a0   0x00000006   Code   RO          572    .ARM.Collect$$_printf_percent$$00000003  c_w.l(_printf_f.o)
    0x080001a6   0x080001a6   0x00000006   Code   RO          571    .ARM.Collect$$_printf_percent$$00000009  c_w.l(_printf_d.o)
    0x080001ac   0x080001ac   0x00000004   Code   RO          695    .ARM.Collect$$_printf_percent$$00000017  c_w.l(_printf_percent_end.o)
    0x080001b0   0x080001b0   0x00000002   Code   RO          839    .ARM.Collect$$libinit$$00000000  c_w.l(libinit.o)
    0x080001b2   0x080001b2   0x00000000   Code   RO          841    .ARM.Collect$$libinit$$00000002  c_w.l(libinit2.o)
    0x080001b2   0x080001b2   0x00000000   Code   RO          843    .ARM.Collect$$libinit$$00000004  c_w.l(libinit2.o)
    0x080001b2   0x080001b2   0x00000000   Code   RO          846    .ARM.Collect$$libinit$$0000000A  c_w.l(libinit2.o)
    0x080001b2   0x080001b2   0x00000000   Code   RO          848    .ARM.Collect$$libinit$$0000000C  c_w.l(libinit2.o)
    0x080001b2   0x080001b2   0x00000000   Code   RO          850    .ARM.Collect$$libinit$$0000000E  c_w.l(libinit2.o)
    0x080001b2   0x080001b2   0x00000006   Code   RO          851    .ARM.Collect$$libinit$$0000000F  c_w.l(libinit2.o)
    0x080001b8   0x080001b8   0x00000000   Code   RO          853    .ARM.Collect$$libinit$$00000011  c_w.l(libinit2.o)
    0x080001b8   0x080001b8   0x00000000   Code   RO          855    .ARM.Collect$$libinit$$00000013  c_w.l(libinit2.o)
    0x080001b8   0x080001b8   0x00000000   Code   RO          857    .ARM.Collect$$libinit$$00000015  c_w.l(libinit2.o)
    0x080001b8   0x080001b8   0x0000000a   Code   RO          858    .ARM.Collect$$libinit$$00000016  c_w.l(libinit2.o)
    0x080001c2   0x080001c2   0x00000000   Code   RO          859    .ARM.Collect$$libinit$$00000017  c_w.l(libinit2.o)
    0x080001c2   0x080001c2   0x00000000   Code   RO          861    .ARM.Collect$$libinit$$00000019  c_w.l(libinit2.o)
    0x080001c2   0x080001c2   0x00000000   Code   RO          863    .ARM.Collect$$libinit$$0000001B  c_w.l(libinit2.o)
    0x080001c2   0x080001c2   0x00000000   Code   RO          865    .ARM.Collect$$libinit$$0000001D  c_w.l(libinit2.o)
    0x080001c2   0x080001c2   0x00000000   Code   RO          867    .ARM.Collect$$libinit$$0000001F  c_w.l(libinit2.o)
    0x080001c2   0x080001c2   0x00000000   Code   RO          869    .ARM.Collect$$libinit$$00000021  c_w.l(libinit2.o)
    0x080001c2   0x080001c2   0x00000000   Code   RO          871    .ARM.Collect$$libinit$$00000023  c_w.l(libinit2.o)
    0x080001c2   0x080001c2   0x00000000   Code   RO          873    .ARM.Collect$$libinit$$00000025  c_w.l(libinit2.o)
    0x080001c2   0x080001c2   0x00000000   Code   RO          877    .ARM.Collect$$libinit$$0000002C  c_w.l(libinit2.o)
    0x080001c2   0x080001c2   0x00000000   Code   RO          879    .ARM.Collect$$libinit$$0000002E  c_w.l(libinit2.o)
    0x080001c2   0x080001c2   0x00000000   Code   RO          881    .ARM.Collect$$libinit$$00000030  c_w.l(libinit2.o)
    0x080001c2   0x080001c2   0x00000000   Code   RO          883    .ARM.Collect$$libinit$$00000032  c_w.l(libinit2.o)
    0x080001c2   0x080001c2   0x00000002   Code   RO          884    .ARM.Collect$$libinit$$00000033  c_w.l(libinit2.o)
    0x080001c4   0x080001c4   0x00000002   Code   RO          930    .ARM.Collect$$libshutdown$$00000000  c_w.l(libshutdown.o)
    0x080001c6   0x080001c6   0x00000000   Code   RO          939    .ARM.Collect$$libshutdown$$00000002  c_w.l(libshutdown2.o)
    0x080001c6   0x080001c6   0x00000000   Code   RO          941    .ARM.Collect$$libshutdown$$00000004  c_w.l(libshutdown2.o)
    0x080001c6   0x080001c6   0x00000000   Code   RO          944    .ARM.Collect$$libshutdown$$00000007  c_w.l(libshutdown2.o)
    0x080001c6   0x080001c6   0x00000000   Code   RO          947    .ARM.Collect$$libshutdown$$0000000A  c_w.l(libshutdown2.o)
    0x080001c6   0x080001c6   0x00000000   Code   RO          949    .ARM.Collect$$libshutdown$$0000000C  c_w.l(libshutdown2.o)
    0x080001c6   0x080001c6   0x00000000   Code   RO          952    .ARM.Collect$$libshutdown$$0000000F  c_w.l(libshutdown2.o)
    0x080001c6   0x080001c6   0x00000002   Code   RO          953    .ARM.Collect$$libshutdown$$00000010  c_w.l(libshutdown2.o)
    0x080001c8   0x080001c8   0x00000000   Code   RO          684    .ARM.Collect$$rtentry$$00000000  c_w.l(__rtentry.o)
    0x080001c8   0x080001c8   0x00000000   Code   RO          747    .ARM.Collect$$rtentry$$00000002  c_w.l(__rtentry2.o)
    0x080001c8   0x080001c8   0x00000006   Code   RO          759    .ARM.Collect$$rtentry$$00000004  c_w.l(__rtentry4.o)
    0x080001ce   0x080001ce   0x00000000   Code   RO          749    .ARM.Collect$$rtentry$$00000009  c_w.l(__rtentry2.o)
    0x080001ce   0x080001ce   0x00000004   Code   RO          750    .ARM.Collect$$rtentry$$0000000A  c_w.l(__rtentry2.o)
    0x080001d2   0x080001d2   0x00000000   Code   RO          752    .ARM.Collect$$rtentry$$0000000C  c_w.l(__rtentry2.o)
    0x080001d2   0x080001d2   0x00000008   Code   RO          753    .ARM.Collect$$rtentry$$0000000D  c_w.l(__rtentry2.o)
    0x080001da   0x080001da   0x00000002   Code   RO          887    .ARM.Collect$$rtexit$$00000000  c_w.l(rtexit.o)
    0x080001dc   0x080001dc   0x00000000   Code   RO          900    .ARM.Collect$$rtexit$$00000002  c_w.l(rtexit2.o)
    0x080001dc   0x080001dc   0x00000004   Code   RO          901    .ARM.Collect$$rtexit$$00000003  c_w.l(rtexit2.o)
    0x080001e0   0x080001e0   0x00000006   Code   RO          902    .ARM.Collect$$rtexit$$00000004  c_w.l(rtexit2.o)
    0x080001e6   0x080001e6   0x00000002   PAD
    0x080001e8   0x080001e8   0x00000528   Code   RO            1    .text               main.o
    0x08000710   0x08000710   0x0000001a   Code   RO          161    .text               stm32f10x_it.o
    0x0800072a   0x0800072a   0x00000002   PAD
    0x0800072c   0x0800072c   0x000001e0   Code   RO          202    .text               system_stm32f10x.o
    0x0800090c   0x0800090c   0x00000034   Code   RO          220    .text               led.o
    0x08000940   0x08000940   0x0000027c   Code   RO          240    .text               pwm.o
    0x08000bbc   0x08000bbc   0x00000294   Code   RO          255    .text               motor.o
    0x08000e50   0x08000e50   0x000002a4   Code   RO          270    .text               control.o
    0x080010f4   0x080010f4   0x00000522   Code   RO          282    .text               ioi2c.o
    0x08001616   0x08001616   0x00000002   PAD
    0x08001618   0x08001618   0x000000d4   Code   RO          294    .text               delay.o
    0x080016ec   0x080016ec   0x00000140   Code   RO          325    .text               usart.o
    0x0800182c   0x0800182c   0x00000040   Code   RO          361    .text               startup_stm32f10x_md.o
    0x0800186c   0x0800186c   0x0000035c   Code   RO          365    .text               stm32f10x_gpio.o
    0x08001bc8   0x08001bc8   0x000003a4   Code   RO          377    .text               stm32f10x_rcc.o
    0x08001f6c   0x08001f6c   0x00000408   Code   RO          391    .text               stm32f10x_usart.o
    0x08002374   0x08002374   0x000000dc   Code   RO          403    .text               misc.o
    0x08002450   0x08002450   0x00000e1a   Code   RO          415    .text               stm32f10x_tim.o
    0x0800326a   0x0800326a   0x00000002   PAD
    0x0800326c   0x0800326c   0x00001e90   Code   RO          451    .text               inv_mpu.o
    0x080050fc   0x080050fc   0x00000d70   Code   RO          475    .text               inv_mpu_dmp_motion_driver.o
    0x08005e6c   0x08005e6c   0x0000091c   Code   RO          509    .text               mpu6050.o
    0x08006788   0x08006788   0x00000002   Code   RO          539    .text               c_w.l(use_no_semi_2.o)
    0x0800678a   0x0800678a   0x00000048   Code   RO          541    .text               c_w.l(llsdiv.o)
    0x080067d2   0x080067d2   0x00000002   PAD
    0x080067d4   0x080067d4   0x00000018   Code   RO          545    .text               c_w.l(noretval__2printf.o)
    0x080067ec   0x080067ec   0x00000068   Code   RO          547    .text               c_w.l(__printf.o)
    0x08006854   0x08006854   0x00000078   Code   RO          549    .text               c_w.l(_printf_dec.o)
    0x080068cc   0x080068cc   0x00000058   Code   RO          574    .text               c_w.l(memcmp.o)
    0x08006924   0x08006924   0x00000010   Code   RO          576    .text               c_w.l(aeabi_memset.o)
    0x08006934   0x08006934   0x00000006   Code   RO          578    .text               c_w.l(heapauxi.o)
    0x0800693a   0x0800693a   0x00000002   Code   RO          682    .text               c_w.l(use_no_semi.o)
    0x0800693c   0x0800693c   0x000000ee   Code   RO          685    .text               c_w.l(lludivv7m.o)
    0x08006a2a   0x08006a2a   0x00000016   Code   RO          687    .text               c_w.l(_rserrno.o)
    0x08006a40   0x08006a40   0x000000b2   Code   RO          689    .text               c_w.l(_printf_intcommon.o)
    0x08006af2   0x08006af2   0x0000041e   Code   RO          691    .text               c_w.l(_printf_fp_dec.o)
    0x08006f10   0x08006f10   0x00000024   Code   RO          693    .text               c_w.l(_printf_char_file.o)
    0x08006f34   0x08006f34   0x00000044   Code   RO          696    .text               c_w.l(rt_memclr.o)
    0x08006f78   0x08006f78   0x00000008   Code   RO          768    .text               c_w.l(rt_locale_intlibspace.o)
    0x08006f80   0x08006f80   0x00000008   Code   RO          773    .text               c_w.l(rt_errno_addr_intlibspace.o)
    0x08006f88   0x08006f88   0x0000008a   Code   RO          775    .text               c_w.l(lludiv10.o)
    0x08007012   0x08007012   0x00000002   PAD
    0x08007014   0x08007014   0x00000030   Code   RO          777    .text               c_w.l(_printf_char_common.o)
    0x08007044   0x08007044   0x00000080   Code   RO          779    .text               c_w.l(_printf_fp_infnan.o)
    0x080070c4   0x080070c4   0x000000e4   Code   RO          781    .text               c_w.l(bigflt0.o)
    0x080071a8   0x080071a8   0x00000008   Code   RO          806    .text               c_w.l(ferror.o)
    0x080071b0   0x080071b0   0x0000004e   Code   RO          813    .text               c_w.l(rt_memclr_w.o)
    0x080071fe   0x080071fe   0x00000002   PAD
    0x08007200   0x08007200   0x00000008   Code   RO          821    .text               c_w.l(libspace.o)
    0x08007208   0x08007208   0x0000004a   Code   RO          824    .text               c_w.l(sys_stackheap_outer.o)
    0x08007252   0x08007252   0x00000012   Code   RO          830    .text               c_w.l(exit.o)
    0x08007264   0x08007264   0x00000080   Code   RO          832    .text               c_w.l(strcmpv7m.o)
    0x080072e4   0x080072e4   0x0000003e   Code   RO          784    CL$$btod_d2e        c_w.l(btod.o)
    0x08007322   0x08007322   0x00000046   Code   RO          786    CL$$btod_d2e_denorm_low  c_w.l(btod.o)
    0x08007368   0x08007368   0x00000060   Code   RO          785    CL$$btod_d2e_norm_op1  c_w.l(btod.o)
    0x080073c8   0x080073c8   0x00000338   Code   RO          794    CL$$btod_div_common  c_w.l(btod.o)
    0x08007700   0x08007700   0x000000dc   Code   RO          791    CL$$btod_e2e        c_w.l(btod.o)
    0x080077dc   0x080077dc   0x0000002a   Code   RO          788    CL$$btod_ediv       c_w.l(btod.o)
    0x08007806   0x08007806   0x0000002a   Code   RO          787    CL$$btod_emul       c_w.l(btod.o)
    0x08007830   0x08007830   0x00000244   Code   RO          793    CL$$btod_mult_common  c_w.l(btod.o)
    0x08007a74   0x08007a74   0x00000028   Code   RO          741    i.__ARM_fpclassify  m_ws.l(fpclassify.o)
    0x08007a9c   0x08007a9c   0x000000aa   Code   RO          743    i.__kernel_poly     m_ws.l(poly.o)
    0x08007b46   0x08007b46   0x00000002   PAD
    0x08007b48   0x08007b48   0x00000010   Code   RO          727    i.__mathlib_dbl_divzero  m_ws.l(dunder.o)
    0x08007b58   0x08007b58   0x00000006   Code   RO          728    i.__mathlib_dbl_infnan  m_ws.l(dunder.o)
    0x08007b5e   0x08007b5e   0x00000004   Code   RO          729    i.__mathlib_dbl_infnan2  m_ws.l(dunder.o)
    0x08007b62   0x08007b62   0x0000000c   Code   RO          730    i.__mathlib_dbl_invalid  m_ws.l(dunder.o)
    0x08007b6e   0x08007b6e   0x0000000e   Code   RO          731    i.__mathlib_dbl_overflow  m_ws.l(dunder.o)
    0x08007b7c   0x08007b7c   0x00000010   Code   RO          733    i.__mathlib_dbl_underflow  m_ws.l(dunder.o)
    0x08007b8c   0x08007b8c   0x00000270   Code   RO          647    i.asin              m_ws.l(asin.o)
    0x08007dfc   0x08007dfc   0x00000220   Code   RO          718    i.atan              m_ws.l(atan.o)
    0x0800801c   0x0800801c   0x00000180   Code   RO          657    i.atan2             m_ws.l(atan2.o)
    0x0800819c   0x0800819c   0x000009d8   Code   RO          665    i.pow               m_ws.l(pow.o)
    0x08008b74   0x08008b74   0x0000004c   Code   RO          675    i.sqrt              m_ws.l(sqrt.o)
    0x08008bc0   0x08008bc0   0x0000002c   Code   RO          811    locale$$code        c_w.l(lc_numeric_c.o)
    0x08008bec   0x08008bec   0x00000062   Code   RO          582    x$fpl$d2f           fz_ws.l(d2f.o)
    0x08008c4e   0x08008c4e   0x00000002   PAD
    0x08008c50   0x08008c50   0x00000150   Code   RO          584    x$fpl$dadd          fz_ws.l(daddsub_clz.o)
    0x08008da0   0x08008da0   0x00000010   Code   RO          815    x$fpl$dcheck1       fz_ws.l(dcheck1.o)
    0x08008db0   0x08008db0   0x00000018   Code   RO          817    x$fpl$dcmpinf       fz_ws.l(dcmpi.o)
    0x08008dc8   0x08008dc8   0x000002b0   Code   RO          591    x$fpl$ddiv          fz_ws.l(ddiv.o)
    0x08009078   0x08009078   0x0000005e   Code   RO          594    x$fpl$dfix          fz_ws.l(dfix.o)
    0x080090d6   0x080090d6   0x00000002   PAD
    0x080090d8   0x080090d8   0x0000005a   Code   RO          598    x$fpl$dfixu         fz_ws.l(dfixu.o)
    0x08009132   0x08009132   0x0000002e   Code   RO          603    x$fpl$dflt          fz_ws.l(dflt_clz.o)
    0x08009160   0x08009160   0x00000026   Code   RO          602    x$fpl$dfltu         fz_ws.l(dflt_clz.o)
    0x08009186   0x08009186   0x00000002   PAD
    0x08009188   0x08009188   0x00000078   Code   RO          698    x$fpl$dleqf         fz_ws.l(dleqf.o)
    0x08009200   0x08009200   0x00000154   Code   RO          608    x$fpl$dmul          fz_ws.l(dmul.o)
    0x08009354   0x08009354   0x0000009c   Code   RO          700    x$fpl$dnaninf       fz_ws.l(dnaninf.o)
    0x080093f0   0x080093f0   0x0000000c   Code   RO          702    x$fpl$dretinf       fz_ws.l(dretinf.o)
    0x080093fc   0x080093fc   0x0000006c   Code   RO          704    x$fpl$drleqf        fz_ws.l(drleqf.o)
    0x08009468   0x08009468   0x00000016   Code   RO          585    x$fpl$drsb          fz_ws.l(daddsub_clz.o)
    0x0800947e   0x0800947e   0x00000002   PAD
    0x08009480   0x08009480   0x000001cc   Code   RO          706    x$fpl$dsqrt         fz_ws.l(dsqrt_noumaal.o)
    0x0800964c   0x0800964c   0x000001d4   Code   RO          586    x$fpl$dsub          fz_ws.l(daddsub_clz.o)
    0x08009820   0x08009820   0x00000056   Code   RO          610    x$fpl$f2d           fz_ws.l(f2d.o)
    0x08009876   0x08009876   0x00000002   PAD
    0x08009878   0x08009878   0x000000c4   Code   RO          612    x$fpl$fadd          fz_ws.l(faddsub_clz.o)
    0x0800993c   0x0800993c   0x00000018   Code   RO          708    x$fpl$fcmpinf       fz_ws.l(fcmpi.o)
    0x08009954   0x08009954   0x00000184   Code   RO          619    x$fpl$fdiv          fz_ws.l(fdiv.o)
    0x08009ad8   0x08009ad8   0x00000068   Code   RO          622    x$fpl$feqf          fz_ws.l(feqf.o)
    0x08009b40   0x08009b40   0x00000036   Code   RO          624    x$fpl$ffix          fz_ws.l(ffix.o)
    0x08009b76   0x08009b76   0x00000002   PAD
    0x08009b78   0x08009b78   0x0000003e   Code   RO          628    x$fpl$ffixu         fz_ws.l(ffixu.o)
    0x08009bb6   0x08009bb6   0x00000002   PAD
    0x08009bb8   0x08009bb8   0x00000030   Code   RO          633    x$fpl$fflt          fz_ws.l(fflt_clz.o)
    0x08009be8   0x08009be8   0x00000026   Code   RO          632    x$fpl$ffltu         fz_ws.l(fflt_clz.o)
    0x08009c0e   0x08009c0e   0x00000002   PAD
    0x08009c10   0x08009c10   0x00000068   Code   RO          638    x$fpl$fleqf         fz_ws.l(fleqf.o)
    0x08009c78   0x08009c78   0x00000102   Code   RO          640    x$fpl$fmul          fz_ws.l(fmul.o)
    0x08009d7a   0x08009d7a   0x0000008c   Code   RO          710    x$fpl$fnaninf       fz_ws.l(fnaninf.o)
    0x08009e06   0x08009e06   0x0000000a   Code   RO          712    x$fpl$fretinf       fz_ws.l(fretinf.o)
    0x08009e10   0x08009e10   0x00000062   Code   RO          642    x$fpl$frleqf        fz_ws.l(frleqf.o)
    0x08009e72   0x08009e72   0x00000002   PAD
    0x08009e74   0x08009e74   0x000000ea   Code   RO          614    x$fpl$fsub          fz_ws.l(faddsub_clz.o)
    0x08009f5e   0x08009f5e   0x00000004   Code   RO          644    x$fpl$printf1       fz_ws.l(printf1.o)
    0x08009f62   0x08009f62   0x00000064   Code   RO          885    x$fpl$retnan        fz_ws.l(retnan.o)
    0x08009fc6   0x08009fc6   0x0000005c   Code   RO          714    x$fpl$scalbn        fz_ws.l(scalbn.o)
    0x0800a022   0x0800a022   0x00000030   Code   RO          897    x$fpl$trapveneer    fz_ws.l(trapv.o)
    0x0800a052   0x0800a052   0x00000000   Code   RO          716    x$fpl$usenofp       fz_ws.l(usenofp.o)
    0x0800a052   0x0800a052   0x00000002   PAD
    0x0800a054   0x0800a054   0x00000050   Data   RO          452    .constdata          inv_mpu.o
    0x0800a0a4   0x0800a0a4   0x00000bf6   Data   RO          477    .constdata          inv_mpu_dmp_motion_driver.o
    0x0800ac9a   0x0800ac9a   0x00000006   PAD
    0x0800aca0   0x0800aca0   0x00000050   Data   RO          648    .constdata          m_ws.l(asin.o)
    0x0800acf0   0x0800acf0   0x00000088   Data   RO          666    .constdata          m_ws.l(pow.o)
    0x0800ad78   0x0800ad78   0x00000098   Data   RO          719    .constdata          m_ws.l(atan.o)
    0x0800ae10   0x0800ae10   0x00000008   Data   RO          745    .constdata          m_ws.l(qnan.o)
    0x0800ae18   0x0800ae18   0x00000094   Data   RO          782    .constdata          c_w.l(bigflt0.o)
    0x0800aeac   0x0800aeac   0x0000004e   Data   RO          453    .conststring        inv_mpu.o
    0x0800aefa   0x0800aefa   0x00000002   PAD
    0x0800aefc   0x0800aefc   0x00000020   Data   RO          968    Region$$Table       anon$$obj.o
    0x0800af1c   0x0800af1c   0x0000001c   Data   RO          810    locale$$data        c_w.l(lc_numeric_c.o)


    Execution Region RW_IRAM1 (Exec base: 0x20000000, Load base: 0x0800af38, Size: 0x00000928, Max: 0x00005000, ABSOLUTE, COMPRESSED[0x00000044])

    Exec Addr    Load Addr    Size         Type   Attr      Idx    E Section Name        Object

    0x20000000   COMPRESSED   0x000000c1   Data   RW            2    .data               main.o
    0x200000c1   COMPRESSED   0x00000003   PAD
    0x200000c4   COMPRESSED   0x00000014   Data   RW          203    .data               system_stm32f10x.o
    0x200000d8   COMPRESSED   0x00000002   Data   RW          256    .data               motor.o
    0x200000da   COMPRESSED   0x00000004   Data   RW          295    .data               delay.o
    0x200000de   COMPRESSED   0x00000002   PAD
    0x200000e0   COMPRESSED   0x00000006   Data   RW          327    .data               usart.o
    0x200000e6   COMPRESSED   0x00000014   Data   RW          378    .data               stm32f10x_rcc.o
    0x200000fa   COMPRESSED   0x00000002   PAD
    0x200000fc   COMPRESSED   0x0000002c   Data   RW          454    .data               inv_mpu.o
    0x20000128   COMPRESSED   0x00000030   Data   RW          511    .data               mpu6050.o
    0x20000158        -       0x000000c8   Zero   RW          326    .bss                usart.o
    0x20000220        -       0x00000010   Zero   RW          476    .bss                inv_mpu_dmp_motion_driver.o
    0x20000230        -       0x00000092   Zero   RW          510    .bss                mpu6050.o
    0x200002c2   COMPRESSED   0x00000002   PAD
    0x200002c4        -       0x00000060   Zero   RW          822    .bss                c_w.l(libspace.o)
    0x20000324   COMPRESSED   0x00000004   PAD
    0x20000328        -       0x00000200   Zero   RW          359    HEAP                startup_stm32f10x_md.o
    0x20000528        -       0x00000400   Zero   RW          358    STACK               startup_stm32f10x_md.o


==============================================================================

Image component sizes


      Code (inc. data)   RO Data    RW Data    ZI Data      Debug   Object Name

       676         52          0          0          0       1868   control.o
       212         18          0          4          0       1115   delay.o
      7824        172        158         44          0      21703   inv_mpu.o
      3440        126       3062          0         16      15215   inv_mpu_dmp_motion_driver.o
      1314         12          0          0          0       5878   ioi2c.o
        52          6          0          0          0        523   led.o
      1320        336          0        193          0     254840   main.o
       220         22          0          0          0       1873   misc.o
       660         34          0          2          0       2725   motor.o
      2332        472          0         48        146      20943   mpu6050.o
       636         18          0          0          0       2136   pwm.o
        64         26        236          0       1536        824   startup_stm32f10x_md.o
       860         38          0          0          0       5805   stm32f10x_gpio.o
        26          0          0          0          0       1218   stm32f10x_it.o
       932         36          0         20          0       9020   stm32f10x_rcc.o
      3610         88          0          0          0      22912   stm32f10x_tim.o
      1032         22          0          0          0       8532   stm32f10x_usart.o
         0          0          0          0          0         32   sys.o
       480         38          0         20          0       1851   system_stm32f10x.o
       320         16          0          6        200       3294   usart.o

    ----------------------------------------------------------------------
     26016       1532       3496        344       1900     382307   Object Totals
         0          0         32          0          0          0   (incl. Generated)
         6          0          8          7          2          0   (incl. Padding)

    ----------------------------------------------------------------------

      Code (inc. data)   RO Data    RW Data    ZI Data      Debug   Library Member Name

        90          0          0          0          0          0   __dczerorl2.o
         8          0          0          0          0         68   __main.o
       104          0          0          0          0         84   __printf.o
         0          0          0          0          0          0   __rtentry.o
        12          0          0          0          0          0   __rtentry2.o
         6          0          0          0          0          0   __rtentry4.o
        52          8          0          0          0          0   __scatter.o
        28          0          0          0          0          0   __scatter_zi.o
        48          6          0          0          0         96   _printf_char_common.o
        36          4          0          0          0         80   _printf_char_file.o
         6          0          0          0          0          0   _printf_d.o
       120         16          0          0          0         92   _printf_dec.o
         6          0          0          0          0          0   _printf_f.o
      1054          0          0          0          0        216   _printf_fp_dec.o
       128         16          0          0          0         84   _printf_fp_infnan.o
       178          0          0          0          0         88   _printf_intcommon.o
         0          0          0          0          0          0   _printf_percent.o
         4          0          0          0          0          0   _printf_percent_end.o
        22          0          0          0          0        100   _rserrno.o
        16          0          0          0          0         68   aeabi_memset.o
       228          4        148          0          0         96   bigflt0.o
      1936        128          0          0          0        672   btod.o
        18          0          0          0          0         80   exit.o
         8          0          0          0          0         68   ferror.o
         6          0          0          0          0        152   heapauxi.o
        44         10         28          0          0         76   lc_numeric_c.o
         2          0          0          0          0          0   libinit.o
        18          0          0          0          0          0   libinit2.o
         2          0          0          0          0          0   libshutdown.o
         2          0          0          0          0          0   libshutdown2.o
         8          4          0          0         96         68   libspace.o
        72          0          0          0          0         76   llsdiv.o
       138          0          0          0          0         80   lludiv10.o
       238          0          0          0          0        100   lludivv7m.o
        88          0          0          0          0         76   memcmp.o
        24          4          0          0          0         84   noretval__2printf.o
         8          4          0          0          0         68   rt_errno_addr_intlibspace.o
         8          4          0          0          0         68   rt_locale_intlibspace.o
        68          0          0          0          0         68   rt_memclr.o
        78          0          0          0          0         80   rt_memclr_w.o
         2          0          0          0          0          0   rtexit.o
        10          0          0          0          0          0   rtexit2.o
       128          0          0          0          0         68   strcmpv7m.o
        74          0          0          0          0         80   sys_stackheap_outer.o
         2          0          0          0          0         68   use_no_semi.o
         2          0          0          0          0         68   use_no_semi_2.o
        98          4          0          0          0         92   d2f.o
       826         16          0          0          0        348   daddsub_clz.o
        16          4          0          0          0         68   dcheck1.o
        24          0          0          0          0         68   dcmpi.o
       688        140          0          0          0        208   ddiv.o
        94          4          0          0          0         92   dfix.o
        90          4          0          0          0         92   dfixu.o
        84          0          0          0          0        136   dflt_clz.o
       120          4          0          0          0         92   dleqf.o
       340         12          0          0          0        104   dmul.o
       156          4          0          0          0         92   dnaninf.o
        12          0          0          0          0         68   dretinf.o
       108          0          0          0          0         80   drleqf.o
       460         56          0          0          0        120   dsqrt_noumaal.o
        86          4          0          0          0         84   f2d.o
       430          8          0          0          0        168   faddsub_clz.o
        24          0          0          0          0         68   fcmpi.o
       388         76          0          0          0         96   fdiv.o
       104          4          0          0          0         84   feqf.o
        54          4          0          0          0         84   ffix.o
        62          4          0          0          0         84   ffixu.o
        86          0          0          0          0        136   fflt_clz.o
       104          4          0          0          0         84   fleqf.o
       258          4          0          0          0         84   fmul.o
       140          4          0          0          0         84   fnaninf.o
        10          0          0          0          0         68   fretinf.o
        98          0          0          0          0         68   frleqf.o
         4          0          0          0          0         68   printf1.o
       100          0          0          0          0         68   retnan.o
        92          0          0          0          0         68   scalbn.o
        48          0          0          0          0         68   trapv.o
         0          0          0          0          0          0   usenofp.o
       624         52         80          0          0        168   asin.o
       544         70        152          0          0        124   atan.o
       384         38          0          0          0        144   atan2.o
        68         10          0          0          0        408   dunder.o
        40          0          0          0          0         68   fpclassify.o
       170          0          0          0          0         96   poly.o
      2520        190        136          0          0        324   pow.o
         0          0          8          0          0          0   qnan.o
        76          0          0          0          0         84   sqrt.o

    ----------------------------------------------------------------------
     14792        928        552          0        100       7712   Library Totals
        32          0          0          0          4          0   (incl. Padding)

    ----------------------------------------------------------------------

      Code (inc. data)   RO Data    RW Data    ZI Data      Debug   Library Name

      5130        208        176          0         96       3172   c_w.l
      5204        360          0          0          0       3124   fz_ws.l
      4426        360        376          0          0       1416   m_ws.l

    ----------------------------------------------------------------------
     14792        928        552          0        100       7712   Library Totals

    ----------------------------------------------------------------------

==============================================================================


      Code (inc. data)   RO Data    RW Data    ZI Data      Debug   

     40808       2460       4048        344       2000     384243   Grand Totals
     40808       2460       4048         68       2000     384243   ELF Image Totals (compressed)
     40808       2460       4048         68          0          0   ROM Totals

==============================================================================

    Total RO  Size (Code + RO Data)                44856 (  43.80kB)
    Total RW  Size (RW Data + ZI Data)              2344 (   2.29kB)
    Total ROM Size (Code + RO Data + RW Data)      44924 (  43.87kB)

==============================================================================

